Component: ARM Compiler 6.14.1 Tool: armlink [5db06d00]

==============================================================================

Section Cross References

    main.o(.text.NVIC_Configuration) refers to misc.o(.text.NVIC_Init) for NVIC_Init
    main.o(.ARM.exidx.text.NVIC_Configuration) refers to main.o(.text.NVIC_Configuration) for [Anonymous Symbol]
    main.o(.text.CAN_Polling) refers to stm32f10x_can.o(.text.CAN_Transmit) for CAN_Transmit
    main.o(.text.CAN_Polling) refers to stm32f10x_can.o(.text.CAN_TransmitStatus) for CAN_TransmitStatus
    main.o(.text.CAN_Polling) refers to stm32f10x_can.o(.text.CAN_MessagePending) for CAN_MessagePending
    main.o(.text.CAN_Polling) refers to stm32f10x_can.o(.text.CAN_Receive) for CAN_Receive
    main.o(.ARM.exidx.text.CAN_Polling) refers to main.o(.text.CAN_Polling) for [Anonymous Symbol]
    main.o(.text.main) refers to stm32f10x_rcc.o(.text.RCC_APB2PeriphClockCmd) for RCC_APB2PeriphClockCmd
    main.o(.text.main) refers to main.o(.bss.GPIO_InitStructure) for GPIO_InitStructure
    main.o(.text.main) refers to stm32f10x_gpio.o(.text.GPIO_Init) for GPIO_Init
    main.o(.text.main) refers to can_app.o(.text.main_can) for main_can
    main.o(.ARM.exidx.text.main) refers to main.o(.text.main) for [Anonymous Symbol]
    main.o(.ARM.exidx.text.vApplicationMallocFailedHook) refers to main.o(.text.vApplicationMallocFailedHook) for [Anonymous Symbol]
    main.o(.ARM.exidx.text.vApplicationStackOverflowHook) refers to main.o(.text.vApplicationStackOverflowHook) for [Anonymous Symbol]
    can_app.o(.text.rx_activate) refers to can_app.o(.bss.rxlen) for rxlen
    can_app.o(.text.rx_activate) refers to can_app.o(.data.txbuf) for txbuf
    can_app.o(.text.rx_activate) refers to can_app.o(.data.rxbuf) for rxbuf
    can_app.o(.ARM.exidx.text.rx_activate) refers to can_app.o(.text.rx_activate) for [Anonymous Symbol]
    can_app.o(.ARM.exidx.text.tx_activate) refers to can_app.o(.text.tx_activate) for [Anonymous Symbol]
    can_app.o(.text.cantp_provide_rxbuffer) refers to can_app.o(.bss.rxlen) for rxlen
    can_app.o(.text.cantp_provide_rxbuffer) refers to can_app.o(.bss.rxbufptr) for rxbufptr
    can_app.o(.text.cantp_provide_rxbuffer) refers to can_app.o(.data.rxbuf) for rxbuf
    can_app.o(.ARM.exidx.text.cantp_provide_rxbuffer) refers to can_app.o(.text.cantp_provide_rxbuffer) for [Anonymous Symbol]
    can_app.o(.text.cantp_provide_txbuffer) refers to can_app.o(.bss.txlen) for txlen
    can_app.o(.text.cantp_provide_txbuffer) refers to can_app.o(.bss.txbufptr) for txbufptr
    can_app.o(.text.cantp_provide_txbuffer) refers to can_app.o(.data.txbuf) for txbuf
    can_app.o(.ARM.exidx.text.cantp_provide_txbuffer) refers to can_app.o(.text.cantp_provide_txbuffer) for [Anonymous Symbol]
    can_app.o(.text.main_can) refers to misc.o(.text.NVIC_Init) for NVIC_Init
    can_app.o(.text.main_can) refers to stm32f10x_rcc.o(.text.RCC_APB1PeriphClockCmd) for RCC_APB1PeriphClockCmd
    can_app.o(.text.main_can) refers to stm32f10x_rcc.o(.text.RCC_APB2PeriphClockCmd) for RCC_APB2PeriphClockCmd
    can_app.o(.text.main_can) refers to stm32f10x_gpio.o(.text.GPIO_Init) for GPIO_Init
    can_app.o(.text.main_can) refers to stm32f10x_gpio.o(.text.GPIO_PinRemapConfig) for GPIO_PinRemapConfig
    can_app.o(.text.main_can) refers to helper.o(.rodata.CommConfig) for CommConfig
    can_app.o(.text.main_can) refers to can.o(.text.Can_Init) for Can_Init
    can_app.o(.text.main_can) refers to can.o(.text.Can_SetControllerMode) for Can_SetControllerMode
    can_app.o(.text.main_can) refers to canif.o(.text.CanIf_Init) for CanIf_Init
    can_app.o(.text.main_can) refers to canif.o(.text.CanIf_SetControllerMode) for CanIf_SetControllerMode
    can_app.o(.text.main_can) refers to cantp.o(.text.CanTp_Init) for CanTp_Init
    can_app.o(.text.main_can) refers to can_app.o(.bss.txbufptr) for txbufptr
    can_app.o(.text.main_can) refers to can_app.o(.data.txbuf) for txbuf
    can_app.o(.text.main_can) refers to can_app.o(.bss.rxbufptr) for rxbufptr
    can_app.o(.text.main_can) refers to can_app.o(.data.rxbuf) for rxbuf
    can_app.o(.text.main_can) refers to can_app.o(.bss.rxlen) for rxlen
    can_app.o(.text.main_can) refers to can_app.o(.bss.txlen) for txlen
    can_app.o(.text.main_can) refers to queue.o(.text.xQueueGenericCreate) for xQueueGenericCreate
    can_app.o(.text.main_can) refers to can_app.o(.bss.yQueue) for yQueue
    can_app.o(.text.main_can) refers to can_app.o(.text.cantxrx) for cantxrx
    can_app.o(.text.main_can) refers to tasks.o(.text.xTaskCreate) for xTaskCreate
    can_app.o(.text.main_can) refers to tasks.o(.text.vTaskStartScheduler) for vTaskStartScheduler
    can_app.o(.ARM.exidx.text.main_can) refers to can_app.o(.text.main_can) for [Anonymous Symbol]
    can_app.o(.text.cantxrx) refers to can_app.o(.bss.cantxrx.txidx) for cantxrx.txidx
    can_app.o(.text.cantxrx) refers to can_app.o(.data.txbuf) for txbuf
[...]
    [Anonymous Symbol]                       0x08003688   Section        0  queue.o(.text.xQueueGenericSend)
    [Anonymous Symbol]                       0x080037c0   Section        0  queue.o(.text.xQueueGenericSendFromISR)
    [Anonymous Symbol]                       0x08003830   Section        0  queue.o(.text.xQueueReceive)
    [Anonymous Symbol]                       0x08003958   Section        0  queue.o(.text.xQueueSemaphoreTake)
    [Anonymous Symbol]                       0x08003abc   Section        0  tasks.o(.text.xTaskCheckForTimeOut)
    [Anonymous Symbol]                       0x08003b18   Section        0  tasks.o(.text.xTaskCreate)
    [Anonymous Symbol]                       0x08003b80   Section        0  tasks.o(.text.xTaskCreateStatic)
    [Anonymous Symbol]                       0x08003bc0   Section        0  tasks.o(.text.xTaskGetSchedulerState)
    [Anonymous Symbol]                       0x08003be8   Section        0  tasks.o(.text.xTaskGetTickCount)
    [Anonymous Symbol]                       0x08003bf4   Section        0  tasks.o(.text.xTaskIncrementTick)
    [Anonymous Symbol]                       0x08003d30   Section        0  tasks.o(.text.xTaskPriorityDisinherit)
    [Anonymous Symbol]                       0x08003d8c   Section        0  tasks.o(.text.xTaskPriorityInherit)
    [Anonymous Symbol]                       0x08003e20   Section        0  tasks.o(.text.xTaskRemoveFromEventList)
    [Anonymous Symbol]                       0x08003e9c   Section        0  tasks.o(.text.xTaskResumeAll)
    [Anonymous Symbol]                       0x08003f98   Section        0  timers.o(.text.xTimerCreateTimerTask)
    [Anonymous Symbol]                       0x08004000   Section        0  timers.o(.text.xTimerGenericCommand)
    uxCriticalNesting                        0x20000080   Data           4  port.o(.data.uxCriticalNesting)
    [Anonymous Symbol]                       0x20000080   Section        0  port.o(.data.uxCriticalNesting)
    .bss                                     0x20000088   Section       96  libspace.o(.bss)
    CanIf_ConfigPtr                          0x200000e8   Data           4  canif.o(.bss.CanIf_ConfigPtr)
    [Anonymous Symbol]                       0x200000e8   Section        0  canif.o(.bss.CanIf_ConfigPtr)
    CanIf_Global                             0x200000ec   Data           3  canif.o(.bss.CanIf_Global)
    [Anonymous Symbol]                       0x200000ec   Section        0  canif.o(.bss.CanIf_Global)
    cantxrx.txidx                            0x20000228   Data           4  can_app.o(.bss.cantxrx.txidx)
    [Anonymous Symbol]                       0x20000228   Section        0  can_app.o(.bss.cantxrx.txidx)
    clib_mutex_cb                            0x2000022c   Data         400  clib_arm.o(.bss.clib_mutex_cb)
    [Anonymous Symbol]                       0x2000022c   Section        0  clib_arm.o(.bss.clib_mutex_cb)
    clib_mutex_id                            0x200003bc   Data          20  clib_arm.o(.bss.clib_mutex_id)
    [Anonymous Symbol]                       0x200003bc   Section        0  clib_arm.o(.bss.clib_mutex_id)
    os_kernel_is_active.os_kernel_active     0x200003d0   Data           1  clib_arm.o(.bss.os_kernel_is_active.os_kernel_active)
    [Anonymous Symbol]                       0x200003d0   Section        0  clib_arm.o(.bss.os_kernel_is_active.os_kernel_active)
    prvCheckForValidListAndQueue.ucStaticTimerQueueStorage 0x200003d1   Data          80  timers.o(.bss.prvCheckForValidListAndQueue.ucStaticTimerQueueStorage)
    [Anonymous Symbol]                       0x200003d1   Section        0  timers.o(.bss.prvCheckForValidListAndQueue.ucStaticTimerQueueStorage)
    prvCheckForValidListAndQueue.xStaticTimerQueue 0x20000424   Data          80  timers.o(.bss.prvCheckForValidListAndQueue.xStaticTimerQueue)
    [Anonymous Symbol]                       0x20000424   Section        0  timers.o(.bss.prvCheckForValidListAndQueue.xStaticTimerQueue)
    prvSampleTimeNow.xLastTime               0x20000474   Data           4  timers.o(.bss.prvSampleTimeNow.xLastTime)
    [Anonymous Symbol]                       0x20000474   Section        0  timers.o(.bss.prvSampleTimeNow.xLastTime)
    pxCurrentTimerList                       0x2000047c   Data           4  timers.o(.bss.pxCurrentTimerList)
    [Anonymous Symbol]                       0x2000047c   Section        0  timers.o(.bss.pxCurrentTimerList)
    pxDelayedTaskList                        0x20000480   Data           4  tasks.o(.bss.pxDelayedTaskList)
    [Anonymous Symbol]                       0x20000480   Section        0  tasks.o(.bss.pxDelayedTaskList)
    pxEnd                                    0x20000484   Data           4  heap_4.o(.bss.pxEnd)
    [Anonymous Symbol]                       0x20000484   Section        0  heap_4.o(.bss.pxEnd)
    pxOverflowDelayedTaskList                0x20000488   Data           4  tasks.o(.bss.pxOverflowDelayedTaskList)
    [Anonymous Symbol]                       0x20000488   Section        0  tasks.o(.bss.pxOverflowDelayedTaskList)
    pxOverflowTimerList                      0x2000048c   Data           4  timers.o(.bss.pxOverflowTimerList)
    [Anonymous Symbol]                       0x2000048c   Section        0  timers.o(.bss.pxOverflowTimerList)
    pxReadyTasksLists                        0x20000490   Data        1120  tasks.o(.bss.pxReadyTasksLists)
    [Anonymous Symbol]                       0x20000490   Section        0  tasks.o(.bss.pxReadyTasksLists)
    ucHeap                                   0x20000920   Data        8192  heap_4.o(.bss.ucHeap)
    [Anonymous Symbol]                       0x20000920   Section        0  heap_4.o(.bss.ucHeap)
    uxCurrentNumberOfTasks                   0x20002920   Data           4  tasks.o(.bss.uxCurrentNumberOfTasks)
    [Anonymous Symbol]                       0x20002920   Section        0  tasks.o(.bss.uxCurrentNumberOfTasks)
    uxDeletedTasksWaitingCleanUp             0x20002924   Data           4  tasks.o(.bss.uxDeletedTasksWaitingCleanUp)
    [Anonymous Symbol]                       0x20002924   Section        0  tasks.o(.bss.uxDeletedTasksWaitingCleanUp)
    uxSchedulerSuspended                     0x20002928   Data           4  tasks.o(.bss.uxSchedulerSuspended)
    [Anonymous Symbol]                       0x20002928   Section        0  tasks.o(.bss.uxSchedulerSuspended)
    uxTaskNumber                             0x2000292c   Data           4  tasks.o(.bss.uxTaskNumber)
    [Anonymous Symbol]                       0x2000292c   Section        0  tasks.o(.bss.uxTaskNumber)
    uxTopReadyPriority                       0x20002930   Data           4  tasks.o(.bss.uxTopReadyPriority)
    [Anonymous Symbol]                       0x20002930   Section        0  tasks.o(.bss.uxTopReadyPriority)
    vApplicationGetIdleTaskMemory.Idle_Stack 0x20002934   Data         512  cmsis_os2.o(.bss.vApplicationGetIdleTaskMemory.Idle_Stack)
    [Anonymous Symbol]                       0x20002934   Section        0  cmsis_os2.o(.bss.vApplicationGetIdleTaskMemory.Idle_Stack)
    vApplicationGetIdleTaskMemory.Idle_TCB   0x20002b34   Data          92  cmsis_os2.o(.bss.vApplicationGetIdleTaskMemory.Idle_TCB)
    [Anonymous Symbol]                       0x20002b34   Section        0  cmsis_os2.o(.bss.vApplicationGetIdleTaskMemory.Idle_TCB)
    vApplicationGetTimerTaskMemory.Timer_Stack 0x20002b90   Data         320  cmsis_os2.o(.bss.vApplicationGetTimerTaskMemory.Timer_Stack)
    [Anonymous Symbol]                       0x20002b90   Section        0  cmsis_os2.o(.bss.vApplicationGetTimerTaskMemory.Timer_Stack)
    vApplicationGetTimerTaskMemory.Timer_TCB 0x20002cd0   Data          92  cmsis_os2.o(.bss.vApplicationGetTimerTaskMemory.Timer_TCB)
    [Anonymous Symbol]                       0x20002cd0   Section        0  cmsis_os2.o(.bss.vApplicationGetTimerTaskMemory.Timer_TCB)
    xActiveTimerList1                        0x20002d2c   Data          20  timers.o(.bss.xActiveTimerList1)
    [Anonymous Symbol]                       0x20002d2c   Section        0  timers.o(.bss.xActiveTimerList1)
    xActiveTimerList2                        0x20002d40   Data          20  timers.o(.bss.xActiveTimerList2)
    [Anonymous Symbol]                       0x20002d40   Section        0  timers.o(.bss.xActiveTimerList2)
    xBlockAllocatedBit                       0x20002d54   Data           1  heap_4.o(.bss.xBlockAllocatedBit)
    [Anonymous Symbol]                       0x20002d54   Section        0  heap_4.o(.bss.xBlockAllocatedBit)
    xDelayedTaskList1                        0x20002d58   Data          20  tasks.o(.bss.xDelayedTaskList1)
    [Anonymous Symbol]                       0x20002d58   Section        0  tasks.o(.bss.xDelayedTaskList1)
    xDelayedTaskList2                        0x20002d6c   Data          20  tasks.o(.bss.xDelayedTaskList2)
    [Anonymous Symbol]                       0x20002d6c   Section        0  tasks.o(.bss.xDelayedTaskList2)
    xFreeBytesRemaining                      0x20002d80   Data           4  heap_4.o(.bss.xFreeBytesRemaining)
    [Anonymous Symbol]                       0x20002d80   Section        0  heap_4.o(.bss.xFreeBytesRemaining)
    xIdleTaskHandle                          0x20002d84   Data           4  tasks.o(.bss.xIdleTaskHandle)
    [Anonymous Symbol]                       0x20002d84   Section        0  tasks.o(.bss.xIdleTaskHandle)
    xMinimumEverFreeBytesRemaining           0x20002d88   Data           4  heap_4.o(.bss.xMinimumEverFreeBytesRemaining)
    [Anonymous Symbol]                       0x20002d88   Section        0  heap_4.o(.bss.xMinimumEverFreeBytesRemaining)
    xNextTaskUnblockTime                     0x20002d8c   Data           4  tasks.o(.bss.xNextTaskUnblockTime)
    [Anonymous Symbol]                       0x20002d8c   Section        0  tasks.o(.bss.xNextTaskUnblockTime)
    xNumOfOverflows                          0x20002d90   Data           4  tasks.o(.bss.xNumOfOverflows)
    [Anonymous Symbol]                       0x20002d90   Section        0  tasks.o(.bss.xNumOfOverflows)
    xNumberOfSuccessfulAllocations           0x20002d94   Data           4  heap_4.o(.bss.xNumberOfSuccessfulAllocations)
    [Anonymous Symbol]                       0x20002d94   Section        0  heap_4.o(.bss.xNumberOfSuccessfulAllocations)
    xNumberOfSuccessfulFrees                 0x20002d98   Data           4  heap_4.o(.bss.xNumberOfSuccessfulFrees)
    [Anonymous Symbol]                       0x20002d98   Section        0  heap_4.o(.bss.xNumberOfSuccessfulFrees)
    xPendedTicks                             0x20002d9c   Data           4  tasks.o(.bss.xPendedTicks)
    [Anonymous Symbol]                       0x20002d9c   Section        0  tasks.o(.bss.xPendedTicks)
    xPendingReadyList                        0x20002da0   Data          20  tasks.o(.bss.xPendingReadyList)
    [Anonymous Symbol]                       0x20002da0   Section        0  tasks.o(.bss.xPendingReadyList)
    xSchedulerRunning                        0x20002db4   Data           4  tasks.o(.bss.xSchedulerRunning)
    [Anonymous Symbol]                       0x20002db4   Section        0  tasks.o(.bss.xSchedulerRunning)
    xStart                                   0x20002db8   Data           8  heap_4.o(.bss.xStart)
    [Anonymous Symbol]                       0x20002db8   Section        0  heap_4.o(.bss.xStart)
    xSuspendedTaskList                       0x20002dc0   Data          20  tasks.o(.bss.xSuspendedTaskList)
    [Anonymous Symbol]                       0x20002dc0   Section        0  tasks.o(.bss.xSuspendedTaskList)
    xTasksWaitingTermination                 0x20002dd4   Data          20  tasks.o(.bss.xTasksWaitingTermination)
    [Anonymous Symbol]                       0x20002dd4   Section        0  tasks.o(.bss.xTasksWaitingTermination)
    xTickCount                               0x20002de8   Data           4  tasks.o(.bss.xTickCount)
    [Anonymous Symbol]                       0x20002de8   Section        0  tasks.o(.bss.xTickCount)
    xTimerQueue                              0x20002dec   Data           4  timers.o(.bss.xTimerQueue)
    [Anonymous Symbol]                       0x20002dec   Section        0  timers.o(.bss.xTimerQueue)
    xTimerTaskHandle                         0x20002df0   Data           4  timers.o(.bss.xTimerTaskHandle)
    [Anonymous Symbol]                       0x20002df0   Section        0  timers.o(.bss.xTimerTaskHandle)
    xYieldPending                            0x20002df4   Data           4  tasks.o(.bss.xYieldPending)
    [Anonymous Symbol]                       0x20002df4   Section        0  tasks.o(.bss.xYieldPending)
    yQueue                                   0x20002df8   Data           4  can_app.o(.bss.yQueue)
    [Anonymous Symbol]                       0x20002df8   Section        0  can_app.o(.bss.yQueue)
    Heap_Mem                                 0x20002e00   Data         512  startup_stm32f10x_md.o(HEAP)
    HEAP                                     0x20002e00   Section      512  startup_stm32f10x_md.o(HEAP)
    Stack_Mem                                0x20003000   Data        1024  startup_stm32f10x_md.o(STACK)
    STACK                                    0x20003000   Section     1024  startup_stm32f10x_md.o(STACK)
    __initial_sp                             0x20003400   Data           0  startup_stm32f10x_md.o(STACK)

    Global Symbols

    Symbol Name                              Value     Ov Type        Size  Object(Section)

    BuildAttributes$$THM_ISAv4$P$D$K$B$S$PE$A:L22UL41UL21$X:L11$S22US41US21$IEEE1$IW$~IW$USESV6$~STKCKD$USESV7$~SHL$OTIME$ROPI$EBA8$UX$STANDARDLIB$REQ8$PRES8$EABIv2 0x00000000   Number         0  anon$$obj.o ABSOLUTE
    __fp_init_empty                          0x00000000   Number         0  fpinit_empty.o ABSOLUTE
    __ARM_exceptions_init                     - Undefined Weak Reference
    __alloca_initialize                       - Undefined Weak Reference
    __arm_preinit_                            - Undefined Weak Reference
    __cpp_initialize__aeabi_                  - Undefined Weak Reference
    __cxa_finalize                            - Undefined Weak Reference
    __rt_locale                               - Undefined Weak Reference
    __sigvec_lookup                           - Undefined Weak Reference
    _atexit_init                              - Undefined Weak Reference
    _call_atexit_fns                          - Undefined Weak Reference
    _clock_init                               - Undefined Weak Reference
    _fp_trap_init                             - Undefined Weak Reference
    _fp_trap_shutdown                         - Undefined Weak Reference
    _get_lc_collate                           - Undefined Weak Reference
    _get_lc_ctype                             - Undefined Weak Reference
    _get_lc_monetary                          - Undefined Weak Reference
    _get_lc_numeric                           - Undefined Weak Reference
    _get_lc_time                              - Undefined Weak Reference
    _getenv_init                              - Undefined Weak Reference
    _handle_redirection                       - Undefined Weak Reference
    _init_alloc                               - Undefined Weak Reference
    _init_user_alloc                          - Undefined Weak Reference
    _initio                                   - Undefined Weak Reference
    _rand_init                                - Undefined Weak Reference
    _signal_finish                            - Undefined Weak Reference
    _signal_init                              - Undefined Weak Reference
    _terminate_alloc                          - Undefined Weak Reference
    _terminate_user_alloc                     - Undefined Weak Reference
    _terminateio                              - Undefined Weak Reference
    __Vectors_Size                           0x000000ec   Number         0  startup_stm32f10x_md.o ABSOLUTE
    __Vectors                                0x08000000   Data           4  startup_stm32f10x_md.o(RESET)
    __Vectors_End                            0x080000ec   Data           0  startup_stm32f10x_md.o(RESET)
    __main                                   0x080000ed   Thumb Code     8  __main.o(!!!main)
    __scatterload                            0x080000f5   Thumb Code     0  __scatter.o(!!!scatter)
    __scatterload_rt2                        0x080000f5   Thumb Code    44  __scatter.o(!!!scatter)
    __scatterload_rt2_thumb_only             0x080000f5   Thumb Code     0  __scatter.o(!!!scatter)
    __scatterload_null                       0x08000103   Thumb Code     0  __scatter.o(!!!scatter)
    __scatterload_copy                       0x08000129   Thumb Code    26  __scatter_copy.o(!!handler_copy)
    __scatterload_zeroinit                   0x08000145   Thumb Code    28  __scatter_zi.o(!!handler_zi)
    __rt_lib_init                            0x08000161   Thumb Code     0  libinit.o(.ARM.Collect$$libinit$$00000000)
    __rt_lib_init_alloca_1                   0x08000163   Thumb Code     0  libinit2.o(.ARM.Collect$$libinit$$0000002E)
    __rt_lib_init_argv_1                     0x08000163   Thumb Code     0  libinit2.o(.ARM.Collect$$libinit$$0000002C)
    __rt_lib_init_atexit_1                   0x08000163   Thumb Code     0  libinit2.o(.ARM.Collect$$libinit$$0000001B)
    __rt_lib_init_clock_1                    0x08000163   Thumb Code     0  libinit2.o(.ARM.Collect$$libinit$$00000021)
    __rt_lib_init_cpp_1                      0x08000163   Thumb Code     0  libinit2.o(.ARM.Collect$$libinit$$00000032)
    __rt_lib_init_exceptions_1               0x08000163   Thumb Code     0  libinit2.o(.ARM.Collect$$libinit$$00000030)
    __rt_lib_init_fp_1                       0x08000163   Thumb Code     0  libinit2.o(.ARM.Collect$$libinit$$00000002)
    __rt_lib_init_fp_trap_1                  0x08000163   Thumb Code     0  libinit2.o(.ARM.Collect$$libinit$$0000001F)
    __rt_lib_init_getenv_1                   0x08000163   Thumb Code     0  libinit2.o(.ARM.Collect$$libinit$$00000023)
    __rt_lib_init_heap_1                     0x08000163   Thumb Code     0  libinit2.o(.ARM.Collect$$libinit$$0000000A)
    __rt_lib_init_lc_collate_1               0x08000163   Thumb Code     0  libinit2.o(.ARM.Collect$$libinit$$00000011)
    __rt_lib_init_lc_ctype_1                 0x08000163   Thumb Code     0  libinit2.o(.ARM.Collect$$libinit$$00000013)
    __rt_lib_init_lc_monetary_1              0x08000163   Thumb Code     0  libinit2.o(.ARM.Collect$$libinit$$00000015)
    __rt_lib_init_lc_numeric_1               0x08000163   Thumb Code     0  libinit2.o(.ARM.Collect$$libinit$$00000017)
    __rt_lib_init_lc_time_1                  0x08000163   Thumb Code     0  libinit2.o(.ARM.Collect$$libinit$$00000019)
    __rt_lib_init_preinit_1                  0x08000163   Thumb Code     0  libinit2.o(.ARM.Collect$$libinit$$00000004)
    __rt_lib_init_rand_1                     0x08000163   Thumb Code     0  libinit2.o(.ARM.Collect$$libinit$$0000000E)
    __rt_lib_init_return                     0x08000163   Thumb Code     0  libinit2.o(.ARM.Collect$$libinit$$00000033)
    __rt_lib_init_signal_1                   0x08000163   Thumb Code     0  libinit2.o(.ARM.Collect$$libinit$$0000001D)
    __rt_lib_init_stdio_1                    0x08000163   Thumb Code     0  libinit2.o(.ARM.Collect$$libinit$$00000025)
    __rt_lib_init_user_alloc_1               0x08000163   Thumb Code     0  libinit2.o(.ARM.Collect$$libinit$$0000000C)
    __rt_lib_shutdown                        0x08000165   Thumb Code     0  libshutdown.o(.ARM.Collect$$libshutdown$$00000000)
    __rt_lib_shutdown_cpp_1                  0x08000167   Thumb Code     0  libshutdown2.o(.ARM.Collect$$libshutdown$$00000002)
    __rt_lib_shutdown_fp_trap_1              0x08000167   Thumb Code     0  libshutdown2.o(.ARM.Collect$$libshutdown$$00000007)
    __rt_lib_shutdown_heap_1                 0x08000167   Thumb Code     0  libshutdown2.o(.ARM.Collect$$libshutdown$$0000000F)
    __rt_lib_shutdown_return                 0x08000167   Thumb Code     0  libshutdown2.o(.ARM.Collect$$libshutdown$$00000010)
    __rt_lib_shutdown_signal_1               0x08000167   Thumb Code     0  libshutdown2.o(.ARM.Collect$$libshutdown$$0000000A)
    __rt_lib_shutdown_stdio_1                0x08000167   Thumb Code     0  libshutdown2.o(.ARM.Collect$$libshutdown$$00000004)
    __rt_lib_shutdown_user_alloc_1           0x08000167   Thumb Code     0  libshutdown2.o(.ARM.Collect$$libshutdown$$0000000C)
    __rt_entry                               0x08000169   Thumb Code     0  __rtentry.o(.ARM.Collect$$rtentry$$00000000)
    __rt_entry_presh_1                       0x08000169   Thumb Code     0  __rtentry2.o(.ARM.Collect$$rtentry$$00000002)
    __rt_entry_sh                            0x08000169   Thumb Code     0  __rtentry4.o(.ARM.Collect$$rtentry$$00000004)
    __rt_entry_postsh_1                      0x0800016f   Thumb Code     0  __rtentry2.o(.ARM.Collect$$rtentry$$00000008)
    __rt_entry_li                            0x08000177   Thumb Code     0  __rtentry2.o(.ARM.Collect$$rtentry$$0000000A)
    __rt_entry_main                          0x0800017b   Thumb Code     0  __rtentry2.o(.ARM.Collect$$rtentry$$0000000D)
    __rt_entry_postli_1                      0x0800017b   Thumb Code     0  __rtentry2.o(.ARM.Collect$$rtentry$$0000000C)
    __rt_exit                                0x08000183   Thumb Code     0  rtexit.o(.ARM.Collect$$rtexit$$00000000)
    __rt_exit_ls                             0x08000185   Thumb Code     0  rtexit2.o(.ARM.Collect$$rtexit$$00000003)
    __rt_exit_prels_1                        0x08000185   Thumb Code     0  rtexit2.o(.ARM.Collect$$rtexit$$00000002)
    __rt_exit_exit                           0x08000189   Thumb Code     0  rtexit2.o(.ARM.Collect$$rtexit$$00000004)
    Reset_Handler                            0x08000191   Thumb Code     8  startup_stm32f10x_md.o(.text)
    NMI_Handler                              0x08000199   Thumb Code     2  startup_stm32f10x_md.o(.text)
    HardFault_Handler                        0x0800019b   Thumb Code     2  startup_stm32f10x_md.o(.text)
    MemManage_Handler                        0x0800019d   Thumb Code     2  startup_stm32f10x_md.o(.text)
    BusFault_Handler                         0x0800019f   Thumb Code     2  startup_stm32f10x_md.o(.text)
    UsageFault_Handler                       0x080001a1   Thumb Code     2  startup_stm32f10x_md.o(.text)
    DebugMon_Handler                         0x080001a5   Thumb Code     2  startup_stm32f10x_md.o(.text)
    ADC1_2_IRQHandler                        0x080001ab   Thumb Code     0  startup_stm32f10x_md.o(.text)
    DMA1_Channel1_IRQHandler                 0x080001ab   Thumb Code     0  startup_stm32f10x_md.o(.text)
    DMA1_Channel2_IRQHandler                 0x080001ab   Thumb Code     0  startup_stm32f10x_md.o(.text)
    DMA1_Channel3_IRQHandler                 0x080001ab   Thumb Code     0  startup_stm32f10x_md.o(.text)
    DMA1_Channel4_IRQHandler                 0x080001ab   Thumb Code     0  startup_stm32f10x_md.o(.text)
    DMA1_Channel5_IRQHandler                 0x080001ab   Thumb Code     0  startup_stm32f10x_md.o(.text)
    DMA1_Channel6_IRQHandler                 0x080001ab   Thumb Code     0  startup_stm32f10x_md.o(.text)
    DMA1_Channel7_IRQHandler                 0x080001ab   Thumb Code     0  startup_stm32f10x_md.o(.text)
    EXTI0_IRQHandler                         0x080001ab   Thumb Code     0  startup_stm32f10x_md.o(.text)
    EXTI15_10_IRQHandler                     0x080001ab   Thumb Code     0  startup_stm32f10x_md.o(.text)
    EXTI1_IRQHandler                         0x080001ab   Thumb Code     0  startup_stm32f10x_md.o(.text)
    EXTI2_IRQHandler                         0x080001ab   Thumb Code     0  startup_stm32f10x_md.o(.text)
    EXTI3_IRQHandler                         0x080001ab   Thumb Code     0  startup_stm32f10x_md.o(.text)
    EXTI4_IRQHandler                         0x080001ab   Thumb Code     0  startup_stm32f10x_md.o(.text)
    EXTI9_5_IRQHandler                       0x080001ab   Thumb Code     0  startup_stm32f10x_md.o(.text)
    FLASH_IRQHandler                         0x080001ab   Thumb Code     0  startup_stm32f10x_md.o(.text)
    I2C1_ER_IRQHandler                       0x080001ab   Thumb Code     0  startup_stm32f10x_md.o(.text)
    I2C1_EV_IRQHandler                       0x080001ab   Thumb Code     0  startup_stm32f10x_md.o(.text)
    I2C2_ER_IRQHandler                       0x080001ab   Thumb Code     0  startup_stm32f10x_md.o(.text)
    I2C2_EV_IRQHandler                       0x080001ab   Thumb Code     0  startup_stm32f10x_md.o(.text)
    PVD_IRQHandler                           0x080001ab   Thumb Code     0  startup_stm32f10x_md.o(.text)
    RCC_IRQHandler                           0x080001ab   Thumb Code     0  startup_stm32f10x_md.o(.text)
    RTCAlarm_IRQHandler                      0x080001ab   Thumb Code     0  startup_stm32f10x_md.o(.text)
    RTC_IRQHandler                           0x080001ab   Thumb Code     0  startup_stm32f10x_md.o(.text)
    SPI1_IRQHandler                          0x080001ab   Thumb Code     0  startup_stm32f10x_md.o(.text)
    SPI2_IRQHandler                          0x080001ab   Thumb Code     0  startup_stm32f10x_md.o(.text)
    TAMPER_IRQHandler                        0x080001ab   Thumb Code     0  startup_stm32f10x_md.o(.text)
    TIM1_BRK_IRQHandler                      0x080001ab   Thumb Code     0  startup_stm32f10x_md.o(.text)
    TIM1_CC_IRQHandler                       0x080001ab   Thumb Code     0  startup_stm32f10x_md.o(.text)
    TIM1_TRG_COM_IRQHandler                  0x080001ab   Thumb Code     0  startup_stm32f10x_md.o(.text)
    TIM1_UP_IRQHandler                       0x080001ab   Thumb Code     0  startup_stm32f10x_md.o(.text)
    TIM2_IRQHandler                          0x080001ab   Thumb Code     0  startup_stm32f10x_md.o(.text)
    TIM3_IRQHandler                          0x080001ab   Thumb Code     0  startup_stm32f10x_md.o(.text)
    TIM4_IRQHandler                          0x080001ab   Thumb Code     0  startup_stm32f10x_md.o(.text)
    USART1_IRQHandler                        0x080001ab   Thumb Code     0  startup_stm32f10x_md.o(.text)
    USART2_IRQHandler                        0x080001ab   Thumb Code     0  startup_stm32f10x_md.o(.text)
    USART3_IRQHandler                        0x080001ab   Thumb Code     0  startup_stm32f10x_md.o(.text)
    USBWakeUp_IRQHandler                     0x080001ab   Thumb Code     0  startup_stm32f10x_md.o(.text)
    WWDG_IRQHandler                          0x080001ab   Thumb Code     0  startup_stm32f10x_md.o(.text)
    __user_initial_stackheap                 0x080001ad   Thumb Code     0  startup_stm32f10x_md.o(.text)
    __aeabi_memcpy                           0x080001d1   Thumb Code     0  rt_memcpy_v6.o(.text)
    __rt_memcpy                              0x080001d1   Thumb Code   138  rt_memcpy_v6.o(.text)
    _memcpy_lastbytes                        0x08000237   Thumb Code     0  rt_memcpy_v6.o(.text)
    __aeabi_memset4                          0x0800025b   Thumb Code    16  aeabi_memset4.o(.text)
    __aeabi_memset8                          0x0800025b   Thumb Code     0  aeabi_memset4.o(.text)
    __use_two_region_memory                  0x0800026b   Thumb Code     2  heapauxi.o(.text)
    __rt_heap_escrow$2region                 0x0800026d   Thumb Code     2  heapauxi.o(.text)
    __rt_heap_expand$2region                 0x0800026f   Thumb Code     2  heapauxi.o(.text)
    __aeabi_memcpy4                          0x08000271   Thumb Code     0  rt_memcpy_w.o(.text)
    __aeabi_memcpy8                          0x08000271   Thumb Code     0  rt_memcpy_w.o(.text)
    __rt_memcpy_w                            0x08000271   Thumb Code   100  rt_memcpy_w.o(.text)
    _memcpy_lastbytes_aligned                0x080002b9   Thumb Code     0  rt_memcpy_w.o(.text)
    __aeabi_memclr4                          0x080002d5   Thumb Code     0  rt_memclr_w.o(.text)
    __aeabi_memclr8                          0x080002d5   Thumb Code     0  rt_memclr_w.o(.text)
    __rt_memclr_w                            0x080002d5   Thumb Code    78  rt_memclr_w.o(.text)
    _memset_w                                0x080002d9   Thumb Code     0  rt_memclr_w.o(.text)
    __user_setup_stackheap                   0x08000323   Thumb Code    74  sys_stackheap_outer.o(.text)
    exit                                     0x0800036d   Thumb Code    18  exit.o(.text)
    __user_libspace                          0x08000381   Thumb Code     8  libspace.o(.text)
    __user_perproc_libspace                  0x08000381   Thumb Code     0  libspace.o(.text)
    _sys_exit                                0x08000389   Thumb Code     8  sys_exit.o(.text)
    __I$use$semihosting                      0x08000395   Thumb Code     0  use_no_semi.o(.text)
    __use_no_semihosting_swi                 0x08000395   Thumb Code     2  use_no_semi.o(.text)
    __semihosting_library_function           0x08000397   Thumb Code     0  indicate_semi.o(.text)
    CAN1_RX1_IRQHandler                      0x08000399   Thumb Code    62  can_app.o(.text.CAN1_RX1_IRQHandler)
    CAN1_SCE_IRQHandler                      0x080003d9   Thumb Code    60  can_app.o(.text.CAN1_SCE_IRQHandler)
    CAN_ClearITPendingBit                    0x08000415   Thumb Code   170  stm32f10x_can.o(.text.CAN_ClearITPendingBit)
    CAN_DBGFreeze                            0x080004c1   Thumb Code    18  stm32f10x_can.o(.text.CAN_DBGFreeze)
    CAN_DeInit                               0x080004d5   Thumb Code    40  stm32f10x_can.o(.text.CAN_DeInit)
    CAN_FilterInit                           0x080004fd   Thumb Code   172  stm32f10x_can.o(.text.CAN_FilterInit)
    CAN_ITConfig                             0x080005a9   Thumb Code    16  stm32f10x_can.o(.text.CAN_ITConfig)
    CAN_Init                                 0x080005b9   Thumb Code   258  stm32f10x_can.o(.text.CAN_Init)
    CAN_Receive                              0x080006bd   Thumb Code   160  stm32f10x_can.o(.text.CAN_Receive)
    CAN_SlaveStartBank                       0x0800075d   Thumb Code    44  stm32f10x_can.o(.text.CAN_SlaveStartBank)
    CAN_Sleep                                0x08000789   Thumb Code    26  stm32f10x_can.o(.text.CAN_Sleep)
    CAN_StructInit                           0x080007a5   Thumb Code    20  stm32f10x_can.o(.text.CAN_StructInit)
    CAN_Transmit                             0x080007b9   Thumb Code   162  stm32f10x_can.o(.text.CAN_Transmit)
    CAN_WakeUp                               0x0800085d   Thumb Code    40  stm32f10x_can.o(.text.CAN_WakeUp)
    CanIf_Arc_Error                          0x08000885   Thumb Code    52  canif.o(.text.CanIf_Arc_Error)
    CanIf_CancelTxConfirmation               0x080008fd   Thumb Code     2  canif.o(.text.CanIf_CancelTxConfirmation)
    CanIf_ControllerBusOff                   0x08000901   Thumb Code    54  canif.o(.text.CanIf_ControllerBusOff)
    CanIf_GetControllerMode                  0x08000959   Thumb Code    20  canif.o(.text.CanIf_GetControllerMode)
    CanIf_GetPduMode                         0x0800096d   Thumb Code    20  canif.o(.text.CanIf_GetPduMode)
    CanIf_Init                               0x08000981   Thumb Code    40  canif.o(.text.CanIf_Init)
    CanIf_PreInit_InitController             0x080009a9   Thumb Code    30  canif.o(.text.CanIf_PreInit_InitController)
    CanIf_RxIndication                       0x080009c9   Thumb Code     8  canif.o(.text.CanIf_RxIndication)
    CanIf_SetControllerMode                  0x080009d1   Thumb Code   206  canif.o(.text.CanIf_SetControllerMode)
    CanIf_SetPduMode                         0x08000aa1   Thumb Code   134  canif.o(.text.CanIf_SetPduMode)
    CanIf_SetWakeupEvent                     0x08000b29   Thumb Code     2  canif.o(.text.CanIf_SetWakeupEvent)
    CanIf_Transmit                           0x08000b2d   Thumb Code   102  canif.o(.text.CanIf_Transmit)
    CanIf_TxConfirmation                     0x08000b95   Thumb Code     8  canif.o(.text.CanIf_TxConfirmation)
    CanTp_Init                               0x08000b9d   Thumb Code    82  cantp.o(.text.CanTp_Init)
    CanTp_MainFunction                       0x08000bf1   Thumb Code   522  cantp.o(.text.CanTp_MainFunction)
    CanTp_RxIndication                       0x08000dfd   Thumb Code   188  cantp.o(.text.CanTp_RxIndication)
    CanTp_Transmit                           0x08000eb9   Thumb Code   354  cantp.o(.text.CanTp_Transmit)
    CanTp_TxConfirmation                     0x0800101d   Thumb Code   100  cantp.o(.text.CanTp_TxConfirmation)
    Can_EnableControllerInterrupts           0x08001081   Thumb Code   138  can.o(.text.Can_EnableControllerInterrupts)
    Can_ErrIsr_wrap                          0x0800110d   Thumb Code     2  can.o(.text.Can_ErrIsr_wrap)
    Can_Init                                 0x0800112d   Thumb Code   110  can.o(.text.Can_Init)
    Can_InitController                       0x0800119d   Thumb Code   252  can.o(.text.Can_InitController)
    Can_RxIsr_wrap                           0x08001345   Thumb Code     8  can.o(.text.Can_RxIsr_wrap)
    Can_SetControllerMode                    0x0800134d   Thumb Code    92  can.o(.text.Can_SetControllerMode)
    Can_TxIsr_wrap                           0x08001431   Thumb Code     8  can.o(.text.Can_TxIsr_wrap)
    Can_Write                                0x08001439   Thumb Code   182  can.o(.text.Can_Write)
    GPIO_Init                                0x080014f1   Thumb Code   176  stm32f10x_gpio.o(.text.GPIO_Init)
    GPIO_PinRemapConfig                      0x080015a1   Thumb Code   116  stm32f10x_gpio.o(.text.GPIO_PinRemapConfig)
    NVIC_Init                                0x08001625   Thumb Code    94  misc.o(.text.NVIC_Init)
    PendSV_Handler                           0x08001691   Thumb Code    68  port.o(.text.PendSV_Handler)
    RCC_APB1PeriphClockCmd                   0x080016d5   Thumb Code    24  stm32f10x_rcc.o(.text.RCC_APB1PeriphClockCmd)
    RCC_APB1PeriphResetCmd                   0x080016ed   Thumb Code    24  stm32f10x_rcc.o(.text.RCC_APB1PeriphResetCmd)
    RCC_APB2PeriphClockCmd                   0x08001705   Thumb Code    24  stm32f10x_rcc.o(.text.RCC_APB2PeriphClockCmd)
    SVC_Handler                              0x08001721   Thumb Code    36  port.o(.text.SVC_Handler)
    SysTick_Handler                          0x0800180d   Thumb Code    26  cmsis_os2.o(.text.SysTick_Handler)
    SystemInit                               0x08001829   Thumb Code    86  system_stm32f10x.o(.text.SystemInit)
    USB_HP_CAN1_TX_IRQHandler                0x08001881   Thumb Code    60  can_app.o(.text.USB_HP_CAN1_TX_IRQHandler)
    USB_LP_CAN1_RX0_IRQHandler               0x080018bd   Thumb Code    62  can_app.o(.text.USB_LP_CAN1_RX0_IRQHandler)
    _mutex_acquire                           0x08001921   Thumb Code    26  clib_arm.o(.text._mutex_acquire)
    _mutex_free                              0x0800193d   Thumb Code    50  clib_arm.o(.text._mutex_free)
    _mutex_initialize                        0x08001971   Thumb Code    88  clib_arm.o(.text._mutex_initialize)
    _mutex_release                           0x080019c9   Thumb Code    28  clib_arm.o(.text._mutex_release)
    _platform_post_stackheap_init            0x080019e5   Thumb Code     2  clib_arm.o(.text._platform_post_stackheap_init)
    arc_error                                0x080019e9   Thumb Code     8  helper.o(.text.arc_error)
    cancel_tx_confirmation                   0x08001b15   Thumb Code     8  helper.o(.text.cancel_tx_confirmation)
    canif_busoff_notification                0x08001b1d   Thumb Code     2  helper.o(.text.canif_busoff_notification)
    canif_error_notificaton                  0x08001b21   Thumb Code     2  helper.o(.text.canif_error_notificaton)
    canif_user_txconfirmation                0x08001b25   Thumb Code     8  helper.o(.text.canif_user_txconfirmation)
    canif_wakeup_notification                0x08001b2d   Thumb Code     2  helper.o(.text.canif_wakeup_notification)
    canif_wakeup_validnotification           0x08001b31   Thumb Code     2  helper.o(.text.canif_wakeup_validnotification)
    cantp_provide_rxbuffer                   0x08001b35   Thumb Code    56  can_app.o(.text.cantp_provide_rxbuffer)
    controller_wakeup                        0x08001ba1   Thumb Code     8  helper.o(.text.controller_wakeup)
    controllerbus_off                        0x08001ba9   Thumb Code     8  helper.o(.text.controllerbus_off)
    main                                     0x080021e5   Thumb Code    66  main.o(.text.main)
    main_can                                 0x08002229   Thumb Code   304  can_app.o(.text.main_can)
    pdur_cantp_provide_rxbuffer              0x0800237d   Thumb Code     8  helper.o(.text.pdur_cantp_provide_rxbuffer)
    pdur_cantp_rxindication                  0x08002385   Thumb Code     8  helper.o(.text.pdur_cantp_rxindication)
    pvPortMalloc                             0x08002c99   Thumb Code   252  heap_4.o(.text.pvPortMalloc)
    pvTaskIncrementMutexHeldCount            0x08002d95   Thumb Code    24  tasks.o(.text.pvTaskIncrementMutexHeldCount)
    pxPortInitialiseStack                    0x08002dad   Thumb Code    32  port.o(.text.pxPortInitialiseStack)
    rx_activate                              0x08002dcd   Thumb Code   132  can_app.o(.text.rx_activate)
    rx_indication                            0x08002e51   Thumb Code     8  helper.o(.text.rx_indication)
    tx_confirmation                          0x080030dd   Thumb Code     8  helper.o(.text.tx_confirmation)
    uxListRemove                             0x080030e5   Thumb Code    40  list.o(.text.uxListRemove)
    vApplicationGetIdleTaskMemory            0x0800310d   Thumb Code    26  cmsis_os2.o(.text.vApplicationGetIdleTaskMemory)
    vApplicationGetTimerTaskMemory           0x08003129   Thumb Code    26  cmsis_os2.o(.text.vApplicationGetTimerTaskMemory)
    vApplicationStackOverflowHook            0x08003145   Thumb Code    18  main.o(.text.vApplicationStackOverflowHook)
    vListInitialise                          0x08003159   Thumb Code    22  list.o(.text.vListInitialise)
    vListInitialiseItem                      0x08003171   Thumb Code     6  list.o(.text.vListInitialiseItem)
    vListInsert                              0x08003179   Thumb Code    58  list.o(.text.vListInsert)
    vListInsertEnd                           0x080031b5   Thumb Code    28  list.o(.text.vListInsertEnd)
    vPortEnterCritical                       0x080031d1   Thumb Code    32  port.o(.text.vPortEnterCritical)
    vPortExitCritical                        0x080031f1   Thumb Code    26  port.o(.text.vPortExitCritical)
    vPortFree                                0x0800320d   Thumb Code   100  heap_4.o(.text.vPortFree)
    vPortSetupTimerInterrupt                 0x08003271   Thumb Code    52  port.o(.text.vPortSetupTimerInterrupt)
    vQueueDelete                             0x080032a5   Thumb Code    16  queue.o(.text.vQueueDelete)
    vQueueWaitForMessageRestricted           0x080032b5   Thumb Code    68  queue.o(.text.vQueueWaitForMessageRestricted)
    vTaskInternalSetTimeOutState             0x080032f9   Thumb Code    26  tasks.o(.text.vTaskInternalSetTimeOutState)
    vTaskMissedYield                         0x08003315   Thumb Code    14  tasks.o(.text.vTaskMissedYield)
    vTaskPlaceOnEventList                    0x08003325   Thumb Code    30  tasks.o(.text.vTaskPlaceOnEventList)
    vTaskPlaceOnEventListRestricted          0x08003345   Thumb Code    40  tasks.o(.text.vTaskPlaceOnEventListRestricted)
    vTaskPriorityDisinheritAfterTimeout      0x0800336d   Thumb Code   108  tasks.o(.text.vTaskPriorityDisinheritAfterTimeout)
    vTaskStartScheduler                      0x080033d9   Thumb Code   144  tasks.o(.text.vTaskStartScheduler)
    vTaskSuspendAll                          0x08003469   Thumb Code    16  tasks.o(.text.vTaskSuspendAll)
    vTaskSwitchContext                       0x08003479   Thumb Code   170  tasks.o(.text.vTaskSwitchContext)
    xPortStartScheduler                      0x08003525   Thumb Code    58  port.o(.text.xPortStartScheduler)
    xPortSysTickHandler                      0x08003561   Thumb Code    46  port.o(.text.xPortSysTickHandler)
    xQueueCreateMutex                        0x08003591   Thumb Code    22  queue.o(.text.xQueueCreateMutex)
    xQueueCreateMutexStatic                  0x080035a9   Thumb Code    34  queue.o(.text.xQueueCreateMutexStatic)
    xQueueGenericCreate                      0x080035cd   Thumb Code    50  queue.o(.text.xQueueGenericCreate)
    xQueueGenericCreateStatic                0x08003601   Thumb Code    28  queue.o(.text.xQueueGenericCreateStatic)
    xQueueGenericReset                       0x0800361d   Thumb Code   106  queue.o(.text.xQueueGenericReset)
    xQueueGenericSend                        0x08003689   Thumb Code   310  queue.o(.text.xQueueGenericSend)
    xQueueGenericSendFromISR                 0x080037c1   Thumb Code   112  queue.o(.text.xQueueGenericSendFromISR)
    xQueueReceive                            0x08003831   Thumb Code   296  queue.o(.text.xQueueReceive)
    xQueueSemaphoreTake                      0x08003959   Thumb Code   354  queue.o(.text.xQueueSemaphoreTake)
    xTaskCheckForTimeOut                     0x08003abd   Thumb Code    92  tasks.o(.text.xTaskCheckForTimeOut)
    xTaskCreate                              0x08003b19   Thumb Code   102  tasks.o(.text.xTaskCreate)
    xTaskCreateStatic                        0x08003b81   Thumb Code    62  tasks.o(.text.xTaskCreateStatic)
    xTaskGetSchedulerState                   0x08003bc1   Thumb Code    38  tasks.o(.text.xTaskGetSchedulerState)
    xTaskGetTickCount                        0x08003be9   Thumb Code    12  tasks.o(.text.xTaskGetTickCount)
    xTaskIncrementTick                       0x08003bf5   Thumb Code   314  tasks.o(.text.xTaskIncrementTick)
    xTaskPriorityDisinherit                  0x08003d31   Thumb Code    92  tasks.o(.text.xTaskPriorityDisinherit)
    xTaskPriorityInherit                     0x08003d8d   Thumb Code   146  tasks.o(.text.xTaskPriorityInherit)
    xTaskRemoveFromEventList                 0x08003e21   Thumb Code   122  tasks.o(.text.xTaskRemoveFromEventList)
    xTaskResumeAll                           0x08003e9d   Thumb Code   252  tasks.o(.text.xTaskResumeAll)
    xTimerCreateTimerTask                    0x08003f99   Thumb Code   104  timers.o(.text.xTimerCreateTimerTask)
    xTimerGenericCommand                     0x08004001   Thumb Code    86  timers.o(.text.xTimerGenericCommand)
    CanCbks                                  0x08004058   Data          24  helper.o(.rodata.CanCbks)
    CanConfigSet                             0x08004070   Data           8  helper.o(.rodata.CanConfigSet)
    CanCtrlConfig                            0x08004078   Data          24  helper.o(.rodata.CanCtrlConfig)
    CanFilterMaskRef                         0x08004090   Data          17  helper.o(.rodata.CanFilterMaskRef)
    CanHoh                                   0x080040a4   Data          48  helper.o(.rodata.CanHoh)
    CanIfCanRxPduHrhRef                      0x080040d4   Data          12  helper.o(.rodata.CanIfCanRxPduHrhRef)
    CanIfCanTxPduHthRef                      0x080040e0   Data           4  helper.o(.rodata.CanIfCanTxPduHthRef)
    CanIfCtlrConfig                          0x080040e4   Data           8  helper.o(.rodata.CanIfCtlrConfig)
    CanIfDispatchConfig                      0x080040ec   Data          16  helper.o(.rodata.CanIfDispatchConfig)
    CanIfHohConfig                           0x080040fc   Data          24  helper.o(.rodata.CanIfHohConfig)
    CanIfHrhConfig1                          0x08004114   Data          12  helper.o(.rodata.CanIfHrhConfig1)
    CanIfHrhConfig2                          0x08004120   Data          12  helper.o(.rodata.CanIfHrhConfig2)
    CanIfHthConfig1                          0x0800412c   Data           4  helper.o(.rodata.CanIfHthConfig1)
    CanIfHthConfig2                          0x08004130   Data           4  helper.o(.rodata.CanIfHthConfig2)
    CanIfRxPduConfig                         0x08004134   Data          32  helper.o(.rodata.CanIfRxPduConfig)
    CanIfTxPduConfig                         0x08004154   Data          24  helper.o(.rodata.CanIfTxPduConfig)
    CanTpConfig                              0x0800416c   Data          12  helper.o(.rodata.CanTpConfig)
    CanTpGeneral                             0x08004178   Data           4  helper.o(.rodata.CanTpGeneral)
    CanTpNSduConfigList                      0x0800417c   Data          56  helper.o(.rodata.CanTpNSduConfigList)
    CanTpRxIdList                            0x080041b4   Data          24  helper.o(.rodata.CanTpRxIdList)
    CommConfig                               0x080041cc   Data          12  helper.o(.rodata.CommConfig)
    InitConfig                               0x080041d8   Data          28  helper.o(.rodata.InitConfig)
    Region$$Table$$Base                      0x080041f4   Number         0  anon$$obj.o(Region$$Table)
    Region$$Table$$Limit                     0x08004214   Number         0  anon$$obj.o(Region$$Table)
    CanConfig                                0x20000000   Data           4  helper.o(.data.CanConfig)
    CanifConfig                              0x20000004   Data          24  helper.o(.data.CanifConfig)
    SystemCoreClock                          0x2000001c   Data           4  system_stm32f10x.o(.data.SystemCoreClock)
    rxbuf                                    0x20000020   Data          32  can_app.o(.data.rxbuf)
    txbuf                                    0x20000040   Data          32  can_app.o(.data.txbuf)
    txbuf1                                   0x20000060   Data           8  can_app.o(.data.txbuf1)
    txbuf2                                   0x20000068   Data           8  can_app.o(.data.txbuf2)
    txbuf3                                   0x20000070   Data           8  can_app.o(.data.txbuf3)
    txbuf4                                   0x20000078   Data           8  can_app.o(.data.txbuf4)
    __libspace_start                         0x20000088   Data          96  libspace.o(.bss)
    __temporary_stack_top$libspace           0x200000e8   Data           0  libspace.o(.bss)
    CanTpRunTimeData                         0x200000f0   Data         180  cantp.o(.bss.CanTpRunTimeData)
    CanUnit                                  0x200001a4   Data          72  can.o(.bss.CanUnit)
    GPIO_InitStructure                       0x200001ec   Data           4  main.o(.bss.GPIO_InitStructure)
    can_global                               0x200001f0   Data          56  can.o(.bss.can_global)
    pxCurrentTCB                             0x20000478   Data           4  tasks.o(.bss.pxCurrentTCB)
    rxbuf1                                   0x200008f0   Data           8  can_app.o(.bss.rxbuf1)
    rxbuf2                                   0x200008f8   Data           8  can_app.o(.bss.rxbuf2)
    rxbuf3                                   0x20000900   Data           8  can_app.o(.bss.rxbuf3)
    rxbuf4                                   0x20000908   Data           8  can_app.o(.bss.rxbuf4)
    rxbufptr                                 0x20000910   Data           4  can_app.o(.bss.rxbufptr)
    rxlen                                    0x20000914   Data           4  can_app.o(.bss.rxlen)
    txbufptr                                 0x20000918   Data           4  can_app.o(.bss.txbufptr)
    txlen                                    0x2000091c   Data           4  can_app.o(.bss.txlen)



==============================================================================

Memory Map of the image

  Image Entry point : 0x08000191

  Load Region LR_1 (Base: 0x08000000, Size: 0x00004298, Max: 0xffffffff, ABSOLUTE)

    Execution Region ER_RO (Exec base: 0x08000000, Load base: 0x08000000, Size: 0x00004214, Max: 0xffffffff, ABSOLUTE)

    Exec Addr    Load Addr    Size         Type   Attr      Idx    E Section Name        Object

    0x08000000   0x08000000   0x000000ec   Data   RO          951    RESET               startup_stm32f10x_md.o
    0x080000ec   0x080000ec   0x00000008   Code   RO         1410  * !!!main             c_w.l(__main.o)
    0x080000f4   0x080000f4   0x00000034   Code   RO         1575    !!!scatter          c_w.l(__scatter.o)
    0x08000128   0x08000128   0x0000001a   Code   RO         1577    !!handler_copy      c_w.l(__scatter_copy.o)
    0x08000142   0x08000142   0x00000002   PAD
    0x08000144   0x08000144   0x0000001c   Code   RO         1579    !!handler_zi        c_w.l(__scatter_zi.o)
    0x08000160   0x08000160   0x00000002   Code   RO         1439    .ARM.Collect$$libinit$$00000000  c_w.l(libinit.o)
    0x08000162   0x08000162   0x00000000   Code   RO         1446    .ARM.Collect$$libinit$$00000002  c_w.l(libinit2.o)
    0x08000162   0x08000162   0x00000000   Code   RO         1448    .ARM.Collect$$libinit$$00000004  c_w.l(libinit2.o)
    0x08000162   0x08000162   0x00000000   Code   RO         1451    .ARM.Collect$$libinit$$0000000A  c_w.l(libinit2.o)
    0x08000162   0x08000162   0x00000000   Code   RO         1453    .ARM.Collect$$libinit$$0000000C  c_w.l(libinit2.o)
    0x08000162   0x08000162   0x00000000   Code   RO         1455    .ARM.Collect$$libinit$$0000000E  c_w.l(libinit2.o)
    0x08000162   0x08000162   0x00000000   Code   RO         1458    .ARM.Collect$$libinit$$00000011  c_w.l(libinit2.o)
    0x08000162   0x08000162   0x00000000   Code   RO         1460    .ARM.Collect$$libinit$$00000013  c_w.l(libinit2.o)
    0x08000162   0x08000162   0x00000000   Code   RO         1462    .ARM.Collect$$libinit$$00000015  c_w.l(libinit2.o)
    0x08000162   0x08000162   0x00000000   Code   RO         1464    .ARM.Collect$$libinit$$00000017  c_w.l(libinit2.o)
    0x08000162   0x08000162   0x00000000   Code   RO         1466    .ARM.Collect$$libinit$$00000019  c_w.l(libinit2.o)
    0x08000162   0x08000162   0x00000000   Code   RO         1468    .ARM.Collect$$libinit$$0000001B  c_w.l(libinit2.o)
    0x08000162   0x08000162   0x00000000   Code   RO         1470    .ARM.Collect$$libinit$$0000001D  c_w.l(libinit2.o)
    0x08000162   0x08000162   0x00000000   Code   RO         1472    .ARM.Collect$$libinit$$0000001F  c_w.l(libinit2.o)
    0x08000162   0x08000162   0x00000000   Code   RO         1474    .ARM.Collect$$libinit$$00000021  c_w.l(libinit2.o)
    0x08000162   0x08000162   0x00000000   Code   RO         1476    .ARM.Collect$$libinit$$00000023  c_w.l(libinit2.o)
    0x08000162   0x08000162   0x00000000   Code   RO         1478    .ARM.Collect$$libinit$$00000025  c_w.l(libinit2.o)
    0x08000162   0x08000162   0x00000000   Code   RO         1482    .ARM.Collect$$libinit$$0000002C  c_w.l(libinit2.o)
    0x08000162   0x08000162   0x00000000   Code   RO         1484    .ARM.Collect$$libinit$$0000002E  c_w.l(libinit2.o)
    0x08000162   0x08000162   0x00000000   Code   RO         1486    .ARM.Collect$$libinit$$00000030  c_w.l(libinit2.o)
    0x08000162   0x08000162   0x00000000   Code   RO         1488    .ARM.Collect$$libinit$$00000032  c_w.l(libinit2.o)
    0x08000162   0x08000162   0x00000002   Code   RO         1489    .ARM.Collect$$libinit$$00000033  c_w.l(libinit2.o)
    0x08000164   0x08000164   0x00000002   Code   RO         1511    .ARM.Collect$$libshutdown$$00000000  c_w.l(libshutdown.o)
    0x08000166   0x08000166   0x00000000   Code   RO         1526    .ARM.Collect$$libshutdown$$00000002  c_w.l(libshutdown2.o)
    0x08000166   0x08000166   0x00000000   Code   RO         1528    .ARM.Collect$$libshutdown$$00000004  c_w.l(libshutdown2.o)
    0x08000166   0x08000166   0x00000000   Code   RO         1531    .ARM.Collect$$libshutdown$$00000007  c_w.l(libshutdown2.o)
    0x08000166   0x08000166   0x00000000   Code   RO         1534    .ARM.Collect$$libshutdown$$0000000A  c_w.l(libshutdown2.o)
    0x08000166   0x08000166   0x00000000   Code   RO         1536    .ARM.Collect$$libshutdown$$0000000C  c_w.l(libshutdown2.o)
    0x08000166   0x08000166   0x00000000   Code   RO         1539    .ARM.Collect$$libshutdown$$0000000F  c_w.l(libshutdown2.o)
    0x08000166   0x08000166   0x00000002   Code   RO         1540    .ARM.Collect$$libshutdown$$00000010  c_w.l(libshutdown2.o)
    0x08000168   0x08000168   0x00000000   Code   RO         1412    .ARM.Collect$$rtentry$$00000000  c_w.l(__rtentry.o)
    0x08000168   0x08000168   0x00000000   Code   RO         1418    .ARM.Collect$$rtentry$$00000002  c_w.l(__rtentry2.o)
    0x08000168   0x08000168   0x00000006   Code   RO         1430    .ARM.Collect$$rtentry$$00000004  c_w.l(__rtentry4.o)
    0x0800016e   0x0800016e   0x00000008   Code   RO         1419    .ARM.Collect$$rtentry$$00000008  c_w.l(__rtentry2.o)
    0x08000176   0x08000176   0x00000004   Code   RO         1421    .ARM.Collect$$rtentry$$0000000A  c_w.l(__rtentry2.o)
    0x0800017a   0x0800017a   0x00000000   Code   RO         1423    .ARM.Collect$$rtentry$$0000000C  c_w.l(__rtentry2.o)
    0x0800017a   0x0800017a   0x00000008   Code   RO         1424    .ARM.Collect$$rtentry$$0000000D  c_w.l(__rtentry2.o)
    0x08000182   0x08000182   0x00000002   Code   RO         1443    .ARM.Collect$$rtexit$$00000000  c_w.l(rtexit.o)
    0x08000184   0x08000184   0x00000000   Code   RO         1491    .ARM.Collect$$rtexit$$00000002  c_w.l(rtexit2.o)
    0x08000184   0x08000184   0x00000004   Code   RO         1492    .ARM.Collect$$rtexit$$00000003  c_w.l(rtexit2.o)
    0x08000188   0x08000188   0x00000006   Code   RO         1493    .ARM.Collect$$rtexit$$00000004  c_w.l(rtexit2.o)
    0x0800018e   0x0800018e   0x00000002   PAD
    0x08000190   0x08000190   0x00000040   Code   RO          952  * .text               startup_stm32f10x_md.o
    0x080001d0   0x080001d0   0x0000008a   Code   RO         1404    .text               c_w.l(rt_memcpy_v6.o)
    0x0800025a   0x0800025a   0x00000010   Code   RO         1406    .text               c_w.l(aeabi_memset4.o)
    0x0800026a   0x0800026a   0x00000006   Code   RO         1408    .text               c_w.l(heapauxi.o)
    0x08000270   0x08000270   0x00000064   Code   RO         1413    .text               c_w.l(rt_memcpy_w.o)
    0x080002d4   0x080002d4   0x0000004e   Code   RO         1415    .text               c_w.l(rt_memclr_w.o)
    0x08000322   0x08000322   0x0000004a   Code   RO         1432    .text               c_w.l(sys_stackheap_outer.o)
    0x0800036c   0x0800036c   0x00000012   Code   RO         1434    .text               c_w.l(exit.o)
    0x0800037e   0x0800037e   0x00000002   PAD
    0x08000380   0x08000380   0x00000008   Code   RO         1440    .text               c_w.l(libspace.o)
    0x08000388   0x08000388   0x0000000c   Code   RO         1501    .text               c_w.l(sys_exit.o)
    0x08000394   0x08000394   0x00000002   Code   RO         1516    .text               c_w.l(use_no_semi.o)
    0x08000396   0x08000396   0x00000000   Code   RO         1518    .text               c_w.l(indicate_semi.o)
    0x08000396   0x08000396   0x00000002   PAD
    0x08000398   0x08000398   0x0000003e   Code   RO           40    .text.CAN1_RX1_IRQHandler  can_app.o
    0x080003d6   0x080003d6   0x00000002   PAD
    0x080003d8   0x080003d8   0x0000003c   Code   RO           42    .text.CAN1_SCE_IRQHandler  can_app.o
    0x08000414   0x08000414   0x000000aa   Code   RO          596    .text.CAN_ClearITPendingBit  stm32f10x_can.o
    0x080004be   0x080004be   0x00000002   PAD
    0x080004c0   0x080004c0   0x00000012   Code   RO          558    .text.CAN_DBGFreeze  stm32f10x_can.o
    0x080004d2   0x080004d2   0x00000002   PAD
    0x080004d4   0x080004d4   0x00000028   Code   RO          548    .text.CAN_DeInit    stm32f10x_can.o
    0x080004fc   0x080004fc   0x000000ac   Code   RO          552    .text.CAN_FilterInit  stm32f10x_can.o
    0x080005a8   0x080005a8   0x00000010   Code   RO          586    .text.CAN_ITConfig  stm32f10x_can.o
    0x080005b8   0x080005b8   0x00000102   Code   RO          550    .text.CAN_Init      stm32f10x_can.o
    0x080006ba   0x080006ba   0x00000002   PAD
    0x080006bc   0x080006bc   0x000000a0   Code   RO          568    .text.CAN_Receive   stm32f10x_can.o
    0x0800075c   0x0800075c   0x0000002c   Code   RO          556    .text.CAN_SlaveStartBank  stm32f10x_can.o
    0x08000788   0x08000788   0x0000001a   Code   RO          576    .text.CAN_Sleep     stm32f10x_can.o
    0x080007a2   0x080007a2   0x00000002   PAD
    0x080007a4   0x080007a4   0x00000014   Code   RO          554    .text.CAN_StructInit  stm32f10x_can.o
    0x080007b8   0x080007b8   0x000000a2   Code   RO          562    .text.CAN_Transmit  stm32f10x_can.o
    0x0800085a   0x0800085a   0x00000002   PAD
    0x0800085c   0x0800085c   0x00000028   Code   RO          578    .text.CAN_WakeUp    stm32f10x_can.o
    0x08000884   0x08000884   0x00000034   Code   RO          210    .text.CanIf_Arc_Error  canif.o
    0x080008b8   0x080008b8   0x00000042   Code   RO          212    .text.CanIf_Arc_FindHrhChannel  canif.o
    0x080008fa   0x080008fa   0x00000002   PAD
    0x080008fc   0x080008fc   0x00000002   Code   RO          204    .text.CanIf_CancelTxConfirmation  canif.o
    0x080008fe   0x080008fe   0x00000002   PAD
    0x08000900   0x08000900   0x00000036   Code   RO          206    .text.CanIf_ControllerBusOff  canif.o
    0x08000936   0x08000936   0x00000002   PAD
    0x08000938   0x08000938   0x00000020   Code   RO          192    .text.CanIf_FindTxPduEntry  canif.o
    0x08000958   0x08000958   0x00000014   Code   RO          184    .text.CanIf_GetControllerMode  canif.o
    0x0800096c   0x0800096c   0x00000014   Code   RO          194    .text.CanIf_GetPduMode  canif.o
    0x08000980   0x08000980   0x00000028   Code   RO          178    .text.CanIf_Init    canif.o
    0x080009a8   0x080009a8   0x0000001e   Code   RO          180    .text.CanIf_PreInit_InitController  canif.o
    0x080009c6   0x080009c6   0x00000002   PAD
    0x080009c8   0x080009c8   0x00000008   Code   RO          200    .text.CanIf_RxIndication  canif.o
    0x080009d0   0x080009d0   0x000000ce   Code   RO          186    .text.CanIf_SetControllerMode  canif.o
    0x08000a9e   0x08000a9e   0x00000002   PAD
    0x08000aa0   0x08000aa0   0x00000086   Code   RO          188    .text.CanIf_SetPduMode  canif.o
    0x08000b26   0x08000b26   0x00000002   PAD
    0x08000b28   0x08000b28   0x00000002   Code   RO          208    .text.CanIf_SetWakeupEvent  canif.o
    0x08000b2a   0x08000b2a   0x00000002   PAD
    0x08000b2c   0x08000b2c   0x00000066   Code   RO          190    .text.CanIf_Transmit  canif.o
    0x08000b92   0x08000b92   0x00000002   PAD
    0x08000b94   0x08000b94   0x00000008   Code   RO          196    .text.CanIf_TxConfirmation  canif.o
    0x08000b9c   0x08000b9c   0x00000052   Code   RO          228    .text.CanTp_Init    cantp.o
    0x08000bee   0x08000bee   0x00000002   PAD
    0x08000bf0   0x08000bf0   0x0000020a   Code   RO          252    .text.CanTp_MainFunction  cantp.o
    0x08000dfa   0x08000dfa   0x00000002   PAD
    0x08000dfc   0x08000dfc   0x000000bc   Code   RO          234    .text.CanTp_RxIndication  cantp.o
    0x08000eb8   0x08000eb8   0x00000162   Code   RO          224    .text.CanTp_Transmit  cantp.o
    0x0800101a   0x0800101a   0x00000002   PAD
    0x0800101c   0x0800101c   0x00000064   Code   RO          246    .text.CanTp_TxConfirmation  cantp.o
    0x08001080   0x08001080   0x0000008a   Code   RO          150    .text.Can_EnableControllerInterrupts  can.o
    0x0800110a   0x0800110a   0x00000002   PAD
    0x0800110c   0x0800110c   0x00000002   Code   RO          138    .text.Can_ErrIsr_wrap  can.o
    0x0800110e   0x0800110e   0x00000002   PAD
    0x08001110   0x08001110   0x0000001c   Code   RO          154    .text.Can_FindHoh   can.o
    0x0800112c   0x0800112c   0x0000006e   Code   RO          140    .text.Can_Init      can.o
    0x0800119a   0x0800119a   0x00000002   PAD
    0x0800119c   0x0800119c   0x000000fc   Code   RO          142    .text.Can_InitController  can.o
    0x08001298   0x08001298   0x000000ac   Code   RO          132    .text.Can_RxIsr     can.o
    0x08001344   0x08001344   0x00000008   Code   RO          130    .text.Can_RxIsr_wrap  can.o
    0x0800134c   0x0800134c   0x0000005c   Code   RO          160    .text.Can_SetControllerMode  can.o
    0x080013a8   0x080013a8   0x00000088   Code   RO          136    .text.Can_TxIsr     can.o
    0x08001430   0x08001430   0x00000008   Code   RO          134    .text.Can_TxIsr_wrap  can.o
    0x08001438   0x08001438   0x000000b6   Code   RO          152    .text.Can_Write     can.o
    0x080014ee   0x080014ee   0x00000002   PAD
    0x080014f0   0x080014f0   0x000000b0   Code   RO          610    .text.GPIO_Init     stm32f10x_gpio.o
    0x080015a0   0x080015a0   0x00000074   Code   RO          636    .text.GPIO_PinRemapConfig  stm32f10x_gpio.o
    0x08001614   0x08001614   0x0000000e   Code   RO          148    .text.GetController  can.o
    0x08001622   0x08001622   0x00000002   PAD
    0x08001624   0x08001624   0x0000005e   Code   RO          532    .text.NVIC_Init     misc.o
    0x08001682   0x08001682   0x0000000e   PAD
    0x08001690   0x08001690   0x00000044   Code   RO         1052    .text.PendSV_Handler  port.o
    0x080016d4   0x080016d4   0x00000018   Code   RO          696    .text.RCC_APB1PeriphClockCmd  stm32f10x_rcc.o
    0x080016ec   0x080016ec   0x00000018   Code   RO          700    .text.RCC_APB1PeriphResetCmd  stm32f10x_rcc.o
    0x08001704   0x08001704   0x00000018   Code   RO          694    .text.RCC_APB2PeriphClockCmd  stm32f10x_rcc.o
    0x0800171c   0x0800171c   0x00000004   PAD
    0x08001720   0x08001720   0x00000024   Code   RO         1038    .text.SVC_Handler   port.o
    0x08001744   0x08001744   0x00000008   Code   RO          961    .text.SetSysClock   system_stm32f10x.o
    0x0800174c   0x0800174c   0x000000be   Code   RO          965    .text.SetSysClockTo72  system_stm32f10x.o
    0x0800180a   0x0800180a   0x00000002   PAD
    0x0800180c   0x0800180c   0x0000001a   Code   RO          325    .text.SysTick_Handler  cmsis_os2.o
    0x08001826   0x08001826   0x00000002   PAD
    0x08001828   0x08001828   0x00000056   Code   RO          959    .text.SystemInit    system_stm32f10x.o
    0x0800187e   0x0800187e   0x00000002   PAD
    0x08001880   0x08001880   0x0000003c   Code   RO           36    .text.USB_HP_CAN1_TX_IRQHandler  can_app.o
    0x080018bc   0x080018bc   0x0000003e   Code   RO           38    .text.USB_LP_CAN1_RX0_IRQHandler  can_app.o
    0x080018fa   0x080018fa   0x00000002   PAD
    0x080018fc   0x080018fc   0x0000000c   Code   RO          158    .text._Irq_Restore  can.o
    0x08001908   0x08001908   0x00000016   Code   RO          156    .text._Irq_Save     can.o
    0x0800191e   0x0800191e   0x00000002   PAD
    0x08001920   0x08001920   0x0000001a   Code   RO          306    .text._mutex_acquire  clib_arm.o
    0x0800193a   0x0800193a   0x00000002   PAD
    0x0800193c   0x0800193c   0x00000032   Code   RO          310    .text._mutex_free   clib_arm.o
    0x0800196e   0x0800196e   0x00000002   PAD
    0x08001970   0x08001970   0x00000058   Code   RO          304    .text._mutex_initialize  clib_arm.o
    0x080019c8   0x080019c8   0x0000001c   Code   RO          308    .text._mutex_release  clib_arm.o
    0x080019e4   0x080019e4   0x00000002   Code   RO          298    .text._platform_post_stackheap_init  clib_arm.o
    0x080019e6   0x080019e6   0x00000002   PAD
    0x080019e8   0x080019e8   0x00000008   Code   RO           78    .text.arc_error     helper.o
    0x080019f0   0x080019f0   0x00000084   Code   RO          226    .text.calcRequiredProtocolFrameType  cantp.o
    0x08001a74   0x08001a74   0x0000004e   Code   RO          266    .text.canReceivePaddingHelper  cantp.o
    0x08001ac2   0x08001ac2   0x00000002   PAD
    0x08001ac4   0x08001ac4   0x0000004e   Code   RO          264    .text.canTansmitPaddingHelper  cantp.o
    0x08001b12   0x08001b12   0x00000002   PAD
    0x08001b14   0x08001b14   0x00000008   Code   RO           68    .text.cancel_tx_confirmation  helper.o
    0x08001b1c   0x08001b1c   0x00000002   Code   RO           80    .text.canif_busoff_notification  helper.o
    0x08001b1e   0x08001b1e   0x00000002   PAD
    0x08001b20   0x08001b20   0x00000002   Code   RO           86    .text.canif_error_notificaton  helper.o
    0x08001b22   0x08001b22   0x00000002   PAD
    0x08001b24   0x08001b24   0x00000008   Code   RO           88    .text.canif_user_txconfirmation  helper.o
    0x08001b2c   0x08001b2c   0x00000002   Code   RO           82    .text.canif_wakeup_notification  helper.o
    0x08001b2e   0x08001b2e   0x00000002   PAD
    0x08001b30   0x08001b30   0x00000002   Code   RO           84    .text.canif_wakeup_validnotification  helper.o
    0x08001b32   0x08001b32   0x00000002   PAD
    0x08001b34   0x08001b34   0x00000038   Code   RO           28    .text.cantp_provide_rxbuffer  can_app.o
    0x08001b6c   0x08001b6c   0x00000032   Code   RO           34    .text.cantxrx       can_app.o
    0x08001b9e   0x08001b9e   0x00000002   PAD
    0x08001ba0   0x08001ba0   0x00000008   Code   RO           76    .text.controller_wakeup  helper.o
    0x08001ba8   0x08001ba8   0x00000008   Code   RO           72    .text.controllerbus_off  helper.o
    0x08001bb0   0x08001bb0   0x0000002a   Code   RO          262    .text.copySegmentToLocalRxBuffer  cantp.o
    0x08001bda   0x08001bda   0x00000002   PAD
    0x08001bdc   0x08001bdc   0x000000b8   Code   RO          256    .text.copySegmentToPduRRxBuffer  cantp.o
    0x08001c94   0x08001c94   0x0000000e   Code   RO          162    .text.disable_irq   can.o
    0x08001ca2   0x08001ca2   0x00000002   PAD
    0x08001ca4   0x08001ca4   0x0000003c   Code   RO          236    .text.getFrameType  cantp.o
    0x08001ce0   0x08001ce0   0x00000038   Code   RO          260    .text.getPduLength  cantp.o
    0x08001d18   0x08001d18   0x00000152   Code   RO          242    .text.handleConsecutiveFrame  cantp.o
    0x08001e6a   0x08001e6a   0x00000002   PAD
    0x08001e6c   0x08001e6c   0x00000116   Code   RO          240    .text.handleFirstFrame  cantp.o
    0x08001f82   0x08001f82   0x00000002   PAD
    0x08001f84   0x08001f84   0x0000009c   Code   RO          244    .text.handleFlowControlFrame  cantp.o
    0x08002020   0x08002020   0x000000de   Code   RO          248    .text.handleNextTxFrameSent  cantp.o
    0x080020fe   0x080020fe   0x00000002   PAD
    0x08002100   0x08002100   0x000000b2   Code   RO          238    .text.handleSingleFrame  cantp.o
    0x080021b2   0x080021b2   0x00000002   PAD
    0x080021b4   0x080021b4   0x00000016   Code   RO          232    .text.initRx15765RuntimeData  cantp.o
    0x080021ca   0x080021ca   0x00000002   PAD
    0x080021cc   0x080021cc   0x00000018   Code   RO          230    .text.initTx15765RuntimeData  cantp.o
    0x080021e4   0x080021e4   0x00000042   Code   RO            6    .text.main          main.o
    0x08002226   0x08002226   0x00000002   PAD
    0x08002228   0x08002228   0x00000130   Code   RO           32    .text.main_can      can_app.o
    0x08002358   0x08002358   0x00000024   Code   RO          302    .text.os_kernel_is_active  clib_arm.o
    0x0800237c   0x0800237c   0x00000008   Code   RO           92    .text.pdur_cantp_provide_rxbuffer  helper.o
    0x08002384   0x08002384   0x00000008   Code   RO           90    .text.pdur_cantp_rxindication  helper.o
    0x0800238c   0x0800238c   0x00000080   Code   RO         1197    .text.prvAddCurrentTaskToDelayedList  tasks.o
    0x0800240c   0x0800240c   0x000000ac   Code   RO         1183    .text.prvAddNewTaskToReadyList  tasks.o
    0x080024b8   0x080024b8   0x0000006a   Code   RO         1334    .text.prvCheckForValidListAndQueue  timers.o
    0x08002522   0x08002522   0x00000002   PAD
    0x08002524   0x08002524   0x0000004e   Code   RO         1301    .text.prvCheckTasksWaitingTermination  tasks.o
    0x08002572   0x08002572   0x00000002   PAD
    0x08002574   0x08002574   0x00000026   Code   RO         1139    .text.prvCopyDataFromQueue  queue.o
    0x0800259a   0x0800259a   0x00000002   PAD
    0x0800259c   0x0800259c   0x0000007a   Code   RO         1127    .text.prvCopyDataToQueue  queue.o
    0x08002616   0x08002616   0x00000002   PAD
    0x08002618   0x08002618   0x00000020   Code   RO         1189    .text.prvDeleteTCB  tasks.o
    0x08002638   0x08002638   0x00000012   Code   RO         1143    .text.prvGetDisinheritPriorityAfterTimeout  queue.o
    0x0800264a   0x0800264a   0x00000002   PAD
    0x0800264c   0x0800264c   0x00000020   Code   RO         1372    .text.prvGetNextExpireTime  timers.o
    0x0800266c   0x0800266c   0x00000076   Code   RO         1067    .text.prvHeapInit   heap_4.o
    0x080026e2   0x080026e2   0x00000002   PAD
    0x080026e4   0x080026e4   0x0000002a   Code   RO         1223    .text.prvIdleTask   tasks.o
    0x0800270e   0x0800270e   0x00000002   PAD
    0x08002710   0x08002710   0x00000020   Code   RO         1107    .text.prvInitialiseMutex  queue.o
    0x08002730   0x08002730   0x00000020   Code   RO         1101    .text.prvInitialiseNewQueue  queue.o
    0x08002750   0x08002750   0x00000098   Code   RO         1181    .text.prvInitialiseNewTask  tasks.o
    0x080027e8   0x080027e8   0x00000070   Code   RO         1299    .text.prvInitialiseTaskLists  tasks.o
    0x08002858   0x08002858   0x00000062   Code   RO         1069    .text.prvInsertBlockIntoFreeList  heap_4.o
    0x080028ba   0x080028ba   0x00000002   PAD
    0x080028bc   0x080028bc   0x00000040   Code   RO         1384    .text.prvInsertTimerInActiveList  timers.o
    0x080028fc   0x080028fc   0x00000018   Code   RO         1141    .text.prvIsQueueEmpty  queue.o
    0x08002914   0x08002914   0x0000001c   Code   RO         1129    .text.prvIsQueueFull  queue.o
    0x08002930   0x08002930   0x00000020   Code   RO         1044    .text.prvPortStartFirstTask  port.o
    0x08002950   0x08002950   0x00000058   Code   RO         1380    .text.prvProcessExpiredTimer  timers.o
    0x080029a8   0x080029a8   0x000000f4   Code   RO         1376    .text.prvProcessReceivedCommands  timers.o
    0x08002a9c   0x08002a9c   0x00000080   Code   RO         1374    .text.prvProcessTimerOrBlockTask  timers.o
    0x08002b1c   0x08002b1c   0x00000028   Code   RO         1191    .text.prvResetNextTaskUnblockTime  tasks.o
    0x08002b44   0x08002b44   0x0000002a   Code   RO         1378    .text.prvSampleTimeNow  timers.o
    0x08002b6e   0x08002b6e   0x00000002   PAD
    0x08002b70   0x08002b70   0x00000078   Code   RO         1382    .text.prvSwitchTimerLists  timers.o
    0x08002be8   0x08002be8   0x00000022   Code   RO         1036    .text.prvTaskExitError  port.o
    0x08002c0a   0x08002c0a   0x00000002   PAD
    0x08002c0c   0x08002c0c   0x00000016   Code   RO         1336    .text.prvTimerTask  timers.o
    0x08002c22   0x08002c22   0x00000002   PAD
    0x08002c24   0x08002c24   0x00000072   Code   RO         1131    .text.prvUnlockQueue  queue.o
    0x08002c96   0x08002c96   0x00000002   PAD
    0x08002c98   0x08002c98   0x000000fc   Code   RO         1065    .text.pvPortMalloc  heap_4.o
    0x08002d94   0x08002d94   0x00000018   Code   RO         1283    .text.pvTaskIncrementMutexHeldCount  tasks.o
    0x08002dac   0x08002dac   0x00000020   Code   RO         1034    .text.pxPortInitialiseStack  port.o
    0x08002dcc   0x08002dcc   0x00000084   Code   RO           24    .text.rx_activate   can_app.o
    0x08002e50   0x08002e50   0x00000008   Code   RO           70    .text.rx_indication  helper.o
    0x08002e58   0x08002e58   0x000000c2   Code   RO          202    .text.scheduleRxIndication  canif.o
    0x08002f1a   0x08002f1a   0x00000002   PAD
    0x08002f1c   0x08002f1c   0x0000004a   Code   RO          198    .text.scheduleTxConfirmation  canif.o
    0x08002f66   0x08002f66   0x00000002   PAD
    0x08002f68   0x08002f68   0x000000a0   Code   RO          258    .text.sendFlowControlFrame  cantp.o
    0x08003008   0x08003008   0x000000d2   Code   RO          254    .text.sendNextTxFrame  cantp.o
    0x080030da   0x080030da   0x00000002   PAD
    0x080030dc   0x080030dc   0x00000008   Code   RO           74    .text.tx_confirmation  helper.o
    0x080030e4   0x080030e4   0x00000028   Code   RO         1024    .text.uxListRemove  list.o
    0x0800310c   0x0800310c   0x0000001a   Code   RO          481    .text.vApplicationGetIdleTaskMemory  cmsis_os2.o
    0x08003126   0x08003126   0x00000002   PAD
    0x08003128   0x08003128   0x0000001a   Code   RO          483    .text.vApplicationGetTimerTaskMemory  cmsis_os2.o
    0x08003142   0x08003142   0x00000002   PAD
    0x08003144   0x08003144   0x00000012   Code   RO           10    .text.vApplicationStackOverflowHook  main.o
    0x08003156   0x08003156   0x00000002   PAD
    0x08003158   0x08003158   0x00000016   Code   RO         1016    .text.vListInitialise  list.o
    0x0800316e   0x0800316e   0x00000002   PAD
    0x08003170   0x08003170   0x00000006   Code   RO         1018    .text.vListInitialiseItem  list.o
    0x08003176   0x08003176   0x00000002   PAD
    0x08003178   0x08003178   0x0000003a   Code   RO         1022    .text.vListInsert   list.o
    0x080031b2   0x080031b2   0x00000002   PAD
    0x080031b4   0x080031b4   0x0000001c   Code   RO         1020    .text.vListInsertEnd  list.o
    0x080031d0   0x080031d0   0x00000020   Code   RO         1048    .text.vPortEnterCritical  port.o
    0x080031f0   0x080031f0   0x0000001a   Code   RO         1050    .text.vPortExitCritical  port.o
    0x0800320a   0x0800320a   0x00000002   PAD
    0x0800320c   0x0800320c   0x00000064   Code   RO         1071    .text.vPortFree     heap_4.o
    0x08003270   0x08003270   0x00000034   Code   RO         1042    .text.vPortSetupTimerInterrupt  port.o
    0x080032a4   0x080032a4   0x00000010   Code   RO         1157    .text.vQueueDelete  queue.o
    0x080032b4   0x080032b4   0x00000044   Code   RO         1169    .text.vQueueWaitForMessageRestricted  queue.o
    0x080032f8   0x080032f8   0x0000001a   Code   RO         1255    .text.vTaskInternalSetTimeOutState  tasks.o
    0x08003312   0x08003312   0x00000002   PAD
    0x08003314   0x08003314   0x0000000e   Code   RO         1259    .text.vTaskMissedYield  tasks.o
    0x08003322   0x08003322   0x00000002   PAD
    0x08003324   0x08003324   0x0000001e   Code   RO         1243    .text.vTaskPlaceOnEventList  tasks.o
    0x08003342   0x08003342   0x00000002   PAD
    0x08003344   0x08003344   0x00000028   Code   RO         1247    .text.vTaskPlaceOnEventListRestricted  tasks.o
    0x0800336c   0x0800336c   0x0000006c   Code   RO         1279    .text.vTaskPriorityDisinheritAfterTimeout  tasks.o
    0x080033d8   0x080033d8   0x00000090   Code   RO         1221    .text.vTaskStartScheduler  tasks.o
    0x08003468   0x08003468   0x00000010   Code   RO         1195    .text.vTaskSuspendAll  tasks.o
    0x08003478   0x08003478   0x000000aa   Code   RO         1213    .text.vTaskSwitchContext  tasks.o
    0x08003522   0x08003522   0x00000002   PAD
    0x08003524   0x08003524   0x0000003a   Code   RO         1040    .text.xPortStartScheduler  port.o
    0x0800355e   0x0800355e   0x00000002   PAD
    0x08003560   0x08003560   0x0000002e   Code   RO         1054    .text.xPortSysTickHandler  port.o
    0x0800358e   0x0800358e   0x00000002   PAD
    0x08003590   0x08003590   0x00000016   Code   RO         1105    .text.xQueueCreateMutex  queue.o
    0x080035a6   0x080035a6   0x00000002   PAD
    0x080035a8   0x080035a8   0x00000022   Code   RO         1109    .text.xQueueCreateMutexStatic  queue.o
    0x080035ca   0x080035ca   0x00000002   PAD
    0x080035cc   0x080035cc   0x00000032   Code   RO         1103    .text.xQueueGenericCreate  queue.o
    0x080035fe   0x080035fe   0x00000002   PAD
    0x08003600   0x08003600   0x0000001c   Code   RO         1099    .text.xQueueGenericCreateStatic  queue.o
    0x0800361c   0x0800361c   0x0000006a   Code   RO         1097    .text.xQueueGenericReset  queue.o
    0x08003686   0x08003686   0x00000002   PAD
    0x08003688   0x08003688   0x00000136   Code   RO         1117    .text.xQueueGenericSend  queue.o
    0x080037be   0x080037be   0x00000002   PAD
    0x080037c0   0x080037c0   0x00000070   Code   RO         1133    .text.xQueueGenericSendFromISR  queue.o
    0x08003830   0x08003830   0x00000128   Code   RO         1137    .text.xQueueReceive  queue.o
    0x08003958   0x08003958   0x00000162   Code   RO         1121    .text.xQueueSemaphoreTake  queue.o
    0x08003aba   0x08003aba   0x00000002   PAD
    0x08003abc   0x08003abc   0x0000005c   Code   RO         1257    .text.xTaskCheckForTimeOut  tasks.o
    0x08003b18   0x08003b18   0x00000066   Code   RO         1185    .text.xTaskCreate   tasks.o
    0x08003b7e   0x08003b7e   0x00000002   PAD
    0x08003b80   0x08003b80   0x0000003e   Code   RO         1179    .text.xTaskCreateStatic  tasks.o
    0x08003bbe   0x08003bbe   0x00000002   PAD
    0x08003bc0   0x08003bc0   0x00000026   Code   RO         1273    .text.xTaskGetSchedulerState  tasks.o
    0x08003be6   0x08003be6   0x00000002   PAD
    0x08003be8   0x08003be8   0x0000000c   Code   RO         1229    .text.xTaskGetTickCount  tasks.o
    0x08003bf4   0x08003bf4   0x0000013a   Code   RO         1227    .text.xTaskIncrementTick  tasks.o
    0x08003d2e   0x08003d2e   0x00000002   PAD
    0x08003d30   0x08003d30   0x0000005c   Code   RO         1277    .text.xTaskPriorityDisinherit  tasks.o
    0x08003d8c   0x08003d8c   0x00000092   Code   RO         1275    .text.xTaskPriorityInherit  tasks.o
    0x08003e1e   0x08003e1e   0x00000002   PAD
    0x08003e20   0x08003e20   0x0000007a   Code   RO         1249    .text.xTaskRemoveFromEventList  tasks.o
    0x08003e9a   0x08003e9a   0x00000002   PAD
    0x08003e9c   0x08003e9c   0x000000fc   Code   RO         1199    .text.xTaskResumeAll  tasks.o
    0x08003f98   0x08003f98   0x00000068   Code   RO         1332    .text.xTimerCreateTimerTask  timers.o
    0x08004000   0x08004000   0x00000056   Code   RO         1344    .text.xTimerGenericCommand  timers.o
    0x08004056   0x08004056   0x00000002   PAD
    0x08004058   0x08004058   0x00000018   Data   RO          101    .rodata.CanCbks     helper.o
    0x08004070   0x08004070   0x00000008   Data   RO          102    .rodata.CanConfigSet  helper.o
    0x08004078   0x08004078   0x00000018   Data   RO          100    .rodata.CanCtrlConfig  helper.o
    0x08004090   0x08004090   0x00000011   Data   RO           98    .rodata.CanFilterMaskRef  helper.o
    0x080040a1   0x080040a1   0x00000003   PAD
    0x080040a4   0x080040a4   0x00000030   Data   RO           99    .rodata.CanHoh      helper.o
    0x080040d4   0x080040d4   0x0000000c   Data   RO          111    .rodata.CanIfCanRxPduHrhRef  helper.o
    0x080040e0   0x080040e0   0x00000004   Data   RO          113    .rodata.CanIfCanTxPduHthRef  helper.o
    0x080040e4   0x080040e4   0x00000008   Data   RO          104    .rodata.CanIfCtlrConfig  helper.o
    0x080040ec   0x080040ec   0x00000010   Data   RO          105    .rodata.CanIfDispatchConfig  helper.o
    0x080040fc   0x080040fc   0x00000018   Data   RO          110    .rodata.CanIfHohConfig  helper.o
    0x08004114   0x08004114   0x0000000c   Data   RO          106    .rodata.CanIfHrhConfig1  helper.o
    0x08004120   0x08004120   0x0000000c   Data   RO          107    .rodata.CanIfHrhConfig2  helper.o
    0x0800412c   0x0800412c   0x00000004   Data   RO          108    .rodata.CanIfHthConfig1  helper.o
    0x08004130   0x08004130   0x00000004   Data   RO          109    .rodata.CanIfHthConfig2  helper.o
    0x08004134   0x08004134   0x00000020   Data   RO          112    .rodata.CanIfRxPduConfig  helper.o
    0x08004154   0x08004154   0x00000018   Data   RO          114    .rodata.CanIfTxPduConfig  helper.o
    0x0800416c   0x0800416c   0x0000000c   Data   RO          120    .rodata.CanTpConfig  helper.o
    0x08004178   0x08004178   0x00000004   Data   RO          117    .rodata.CanTpGeneral  helper.o
    0x0800417c   0x0800417c   0x00000038   Data   RO          118    .rodata.CanTpNSduConfigList  helper.o
    0x080041b4   0x080041b4   0x00000018   Data   RO          119    .rodata.CanTpRxIdList  helper.o
    0x080041cc   0x080041cc   0x0000000c   Data   RO          121    .rodata.CommConfig  helper.o
    0x080041d8   0x080041d8   0x0000001c   Data   RO          115    .rodata.InitConfig  helper.o
    0x080041f4   0x080041f4   0x00000020   Data   RO         1574    Region$$Table       anon$$obj.o


    Execution Region ER_RW (Exec base: 0x20000000, Load base: 0x08004214, Size: 0x00000084, Max: 0xffffffff, ABSOLUTE)

    Exec Addr    Load Addr    Size         Type   Attr      Idx    E Section Name        Object

    0x20000000   0x08004214   0x00000004   Data   RW          103    .data.CanConfig     helper.o
    0x20000004   0x08004218   0x00000018   Data   RW          116    .data.CanifConfig   helper.o
    0x2000001c   0x08004230   0x00000004   Data   RW          967    .data.SystemCoreClock  system_stm32f10x.o
    0x20000020   0x08004234   0x00000020   Data   RW           53    .data.rxbuf         can_app.o
    0x20000040   0x08004254   0x00000020   Data   RW           48    .data.txbuf         can_app.o
    0x20000060   0x08004274   0x00000008   Data   RW           44    .data.txbuf1        can_app.o
    0x20000068   0x0800427c   0x00000008   Data   RW           45    .data.txbuf2        can_app.o
    0x20000070   0x08004284   0x00000008   Data   RW           46    .data.txbuf3        can_app.o
    0x20000078   0x0800428c   0x00000008   Data   RW           47    .data.txbuf4        can_app.o
    0x20000080   0x08004294   0x00000004   Data   RW         1056    .data.uxCriticalNesting  port.o


    Execution Region ER_ZI (Exec base: 0x20000088, Load base: 0x08004298, Size: 0x00003378, Max: 0xffffffff, ABSOLUTE)

    Exec Addr    Load Addr    Size         Type   Attr      Idx    E Section Name        Object

    0x20000088        -       0x00000060   Zero   RW         1441    .bss                c_w.l(libspace.o)
    0x200000e8        -       0x00000004   Zero   RW          214    .bss.CanIf_ConfigPtr  canif.o
    0x200000ec        -       0x00000003   Zero   RW          215    .bss.CanIf_Global   canif.o
    0x200000ef   0x08004298   0x00000001   PAD
    0x200000f0        -       0x000000b4   Zero   RW          268    .bss.CanTpRunTimeData  cantp.o
    0x200001a4        -       0x00000048   Zero   RW          165    .bss.CanUnit        can.o
    0x200001ec        -       0x00000004   Zero   RW           13    .bss.GPIO_InitStructure  main.o
    0x200001f0        -       0x00000038   Zero   RW          164    .bss.can_global     can.o
    0x20000228        -       0x00000004   Zero   RW           59    .bss.cantxrx.txidx  can_app.o
    0x2000022c        -       0x00000190   Zero   RW          315    .bss.clib_mutex_cb  clib_arm.o
    0x200003bc        -       0x00000014   Zero   RW          314    .bss.clib_mutex_id  clib_arm.o
    0x200003d0        -       0x00000001   Zero   RW          316    .bss.os_kernel_is_active.os_kernel_active  clib_arm.o
    0x200003d1        -       0x00000050   Zero   RW         1394    .bss.prvCheckForValidListAndQueue.ucStaticTimerQueueStorage  timers.o
    0x20000421   0x08004298   0x00000003   PAD
    0x20000424        -       0x00000050   Zero   RW         1393    .bss.prvCheckForValidListAndQueue.xStaticTimerQueue  timers.o
    0x20000474        -       0x00000004   Zero   RW         1390    .bss.prvSampleTimeNow.xLastTime  timers.o
    0x20000478        -       0x00000004   Zero   RW         1303    .bss.pxCurrentTCB   tasks.o
    0x2000047c        -       0x00000004   Zero   RW         1388    .bss.pxCurrentTimerList  timers.o
    0x20000480        -       0x00000004   Zero   RW         1310    .bss.pxDelayedTaskList  tasks.o
    0x20000484        -       0x00000004   Zero   RW         1081    .bss.pxEnd          heap_4.o
    0x20000488        -       0x00000004   Zero   RW         1311    .bss.pxOverflowDelayedTaskList  tasks.o
    0x2000048c        -       0x00000004   Zero   RW         1389    .bss.pxOverflowTimerList  timers.o
    0x20000490        -       0x00000460   Zero   RW         1313    .bss.pxReadyTasksLists  tasks.o
    0x200008f0        -       0x00000008   Zero   RW           49    .bss.rxbuf1         can_app.o
    0x200008f8        -       0x00000008   Zero   RW           50    .bss.rxbuf2         can_app.o
    0x20000900        -       0x00000008   Zero   RW           51    .bss.rxbuf3         can_app.o
    0x20000908        -       0x00000008   Zero   RW           52    .bss.rxbuf4         can_app.o
    0x20000910        -       0x00000004   Zero   RW           55    .bss.rxbufptr       can_app.o
    0x20000914        -       0x00000004   Zero   RW           54    .bss.rxlen          can_app.o
    0x20000918        -       0x00000004   Zero   RW           57    .bss.txbufptr       can_app.o
    0x2000091c        -       0x00000004   Zero   RW           56    .bss.txlen          can_app.o
    0x20000920        -       0x00002000   Zero   RW         1088    .bss.ucHeap         heap_4.o
    0x20002920        -       0x00000004   Zero   RW         1307    .bss.uxCurrentNumberOfTasks  tasks.o
    0x20002924        -       0x00000004   Zero   RW         1306    .bss.uxDeletedTasksWaitingCleanUp  tasks.o
    0x20002928        -       0x00000004   Zero   RW         1315    .bss.uxSchedulerSuspended  tasks.o
    0x2000292c        -       0x00000004   Zero   RW         1304    .bss.uxTaskNumber   tasks.o
    0x20002930        -       0x00000004   Zero   RW         1314    .bss.uxTopReadyPriority  tasks.o
    0x20002934        -       0x00000200   Zero   RW          490    .bss.vApplicationGetIdleTaskMemory.Idle_Stack  cmsis_os2.o
    0x20002b34        -       0x0000005c   Zero   RW          489    .bss.vApplicationGetIdleTaskMemory.Idle_TCB  cmsis_os2.o
    0x20002b90        -       0x00000140   Zero   RW          492    .bss.vApplicationGetTimerTaskMemory.Timer_Stack  cmsis_os2.o
    0x20002cd0        -       0x0000005c   Zero   RW          491    .bss.vApplicationGetTimerTaskMemory.Timer_TCB  cmsis_os2.o
    0x20002d2c        -       0x00000014   Zero   RW         1391    .bss.xActiveTimerList1  timers.o
    0x20002d40        -       0x00000014   Zero   RW         1392    .bss.xActiveTimerList2  timers.o
    0x20002d54        -       0x00000001   Zero   RW         1082    .bss.xBlockAllocatedBit  heap_4.o
    0x20002d55   0x08004298   0x00000003   PAD
    0x20002d58        -       0x00000014   Zero   RW         1322    .bss.xDelayedTaskList1  tasks.o
    0x20002d6c        -       0x00000014   Zero   RW         1323    .bss.xDelayedTaskList2  tasks.o
    0x20002d80        -       0x00000004   Zero   RW         1083    .bss.xFreeBytesRemaining  heap_4.o
    0x20002d84        -       0x00000004   Zero   RW         1317    .bss.xIdleTaskHandle  tasks.o
    0x20002d88        -       0x00000004   Zero   RW         1085    .bss.xMinimumEverFreeBytesRemaining  heap_4.o
    0x20002d8c        -       0x00000004   Zero   RW         1318    .bss.xNextTaskUnblockTime  tasks.o
    0x20002d90        -       0x00000004   Zero   RW         1321    .bss.xNumOfOverflows  tasks.o
    0x20002d94        -       0x00000004   Zero   RW         1086    .bss.xNumberOfSuccessfulAllocations  heap_4.o
    0x20002d98        -       0x00000004   Zero   RW         1087    .bss.xNumberOfSuccessfulFrees  heap_4.o
    0x20002d9c        -       0x00000004   Zero   RW         1320    .bss.xPendedTicks   tasks.o
    0x20002da0        -       0x00000014   Zero   RW         1316    .bss.xPendingReadyList  tasks.o
    0x20002db4        -       0x00000004   Zero   RW         1308    .bss.xSchedulerRunning  tasks.o
    0x20002db8        -       0x00000008   Zero   RW         1084    .bss.xStart         heap_4.o
    0x20002dc0        -       0x00000014   Zero   RW         1312    .bss.xSuspendedTaskList  tasks.o
    0x20002dd4        -       0x00000014   Zero   RW         1305    .bss.xTasksWaitingTermination  tasks.o
    0x20002de8        -       0x00000004   Zero   RW         1309    .bss.xTickCount     tasks.o
    0x20002dec        -       0x00000004   Zero   RW         1386    .bss.xTimerQueue    timers.o
    0x20002df0        -       0x00000004   Zero   RW         1387    .bss.xTimerTaskHandle  timers.o
    0x20002df4        -       0x00000004   Zero   RW         1319    .bss.xYieldPending  tasks.o
    0x20002df8        -       0x00000004   Zero   RW           58    .bss.yQueue         can_app.o
    0x20002dfc   0x08004298   0x00000004   PAD
    0x20002e00        -       0x00000200   Zero   RW          950    HEAP                startup_stm32f10x_md.o
    0x20003000        -       0x00000400   Zero   RW          949    STACK               startup_stm32f10x_md.o


==============================================================================

Image component sizes


      Code (inc. data)   RO Data    RW Data    ZI Data      Debug   Object Name

      1190          0          0          0        128      12896   can.o
       786          8          0         96         56      13989   can_app.o
      1044         22          0          0          7      13222   canif.o
      3464         12          0          0        180      17465   cantp.o
       230          0          0          0        421       3520   clib_arm.o
        78          0          0          0       1016      52813   cmsis_os2.o
       568          0          0          0       8221       4549   heap_4.o
        80          0        409         28          0      12360   helper.o
       154          0          0          0          0       2331   list.o
        84          0          0          0          4       4531   main.o
        94          0          0          0          0       3556   misc.o
       416         12          0          4          0       2835   port.o
      1804          0          0          0          0      18070   queue.o
        64         26        236          0       1536        868   startup_stm32f10x_md.o
      1126         32          0          0          0      10575   stm32f10x_can.o
       292          0          0          0          0       5932   stm32f10x_gpio.o
        72          0          0          0          0       7748   stm32f10x_rcc.o
       284          0          0          4          0       2854   system_stm32f10x.o
      2560          8          0          0       1280      27260   tasks.o
      1036         18          0          0        220      13130   timers.o

    ----------------------------------------------------------------------
     15616        138        680        132      13080     230504   Object Totals
         0          0         32          0          0          0   (incl. Generated)
       190          0          3          0         11          0   (incl. Padding)

    ----------------------------------------------------------------------

      Code (inc. data)   RO Data    RW Data    ZI Data      Debug   Library Member Name

         8          0          0          0          0         68   __main.o
         0          0          0          0          0          0   __rtentry.o
        20          0          0          0          0          0   __rtentry2.o
         6          0          0          0          0          0   __rtentry4.o
        52          8          0          0          0          0   __scatter.o
        26          0          0          0          0          0   __scatter_copy.o
        28          0          0          0          0          0   __scatter_zi.o
        16          0          0          0          0         68   aeabi_memset4.o
        18          0          0          0          0         80   exit.o
         6          0          0          0          0        152   heapauxi.o
         0          0          0          0          0          0   indicate_semi.o
         2          0          0          0          0          0   libinit.o
         2          0          0          0          0          0   libinit2.o
         2          0          0          0          0          0   libshutdown.o
         2          0          0          0          0          0   libshutdown2.o
         8          4          0          0         96         68   libspace.o
        78          0          0          0          0         80   rt_memclr_w.o
       138          0          0          0          0         68   rt_memcpy_v6.o
       100          0          0          0          0         80   rt_memcpy_w.o
         2          0          0          0          0          0   rtexit.o
        10          0          0          0          0          0   rtexit2.o
        12          4          0          0          0         68   sys_exit.o
        74          0          0          0          0         80   sys_stackheap_outer.o
         2          0          0          0          0         68   use_no_semi.o

    ----------------------------------------------------------------------
       620         16          0          0         96        880   Library Totals
         8          0          0          0          0          0   (incl. Padding)

    ----------------------------------------------------------------------

      Code (inc. data)   RO Data    RW Data    ZI Data      Debug   Library Name

       612         16          0          0         96        880   c_w.l

    ----------------------------------------------------------------------
       620         16          0          0         96        880   Library Totals

    ----------------------------------------------------------------------

==============================================================================


      Code (inc. data)   RO Data    RW Data    ZI Data      Debug   

     16236        154        680        132      13176     230780   Grand Totals
     16236        154        680        132      13176     230780   ELF Image Totals
     16236        154        680        132          0          0   ROM Totals

==============================================================================

    Total RO  Size (Code + RO Data)                16916 (  16.52kB)
    Total RW  Size (RW Data + ZI Data)             13308 (  13.00kB)
    Total ROM Size (Code + RO Data + RW Data)      17048 (  16.65kB)

==============================================================================

