Archive member included to satisfy reference by file (symbol)

/home/ahmed/workspace/arm-toolchain/gcc-arm-none-eabi-10-2020-q4-major/bin/../lib/gcc/arm-none-eabi/10.2.1/../../../../arm-none-eabi/lib/thumb/v7e-m/nofp/libc.a(lib_a-memcpy.o)
                              build/commstack/can/Can.c.o (memcpy)
/home/ahmed/workspace/arm-toolchain/gcc-arm-none-eabi-10-2020-q4-major/bin/../lib/gcc/arm-none-eabi/10.2.1/../../../../arm-none-eabi/lib/thumb/v7e-m/nofp/libc.a(lib_a-memset.o)
                              build/commstack/can/Can.c.o (memset)

Discarded input sections

 .text          0x0000000000000000        0x0 build/os/tpl_os_kernel.c.o
 .data          0x0000000000000000        0x0 build/os/tpl_os_kernel.c.o
 .bss           0x0000000000000000        0x0 build/os/tpl_os_kernel.c.o
 .osVar         0x0000000000000000        0x3 build/os/tpl_os_kernel.c.o
 .text          0x0000000000000000        0x0 build/os/tpl_os_timeobj_kernel.c.o
 .data          0x0000000000000000        0x0 build/os/tpl_os_timeobj_kernel.c.o
 .bss           0x0000000000000000        0x0 build/os/tpl_os_timeobj_kernel.c.o
 .text          0x0000000000000000        0x0 build/os/tpl_os_action.c.o
 .data          0x0000000000000000        0x0 build/os/tpl_os_action.c.o
 .bss           0x0000000000000000        0x0 build/os/tpl_os_action.c.o
 .text          0x0000000000000000        0x0 build/os/tpl_os_error.c.o
 .data          0x0000000000000000        0x0 build/os/tpl_os_error.c.o
 .bss           0x0000000000000000        0x0 build/os/tpl_os_error.c.o
 .debug_info    0x0000000000000000       0x64 build/os/tpl_os_error.c.o
 .debug_abbrev  0x0000000000000000       0x26 build/os/tpl_os_error.c.o
 .debug_aranges
                0x0000000000000000       0x18 build/os/tpl_os_error.c.o
 .debug_line    0x0000000000000000       0x1d build/os/tpl_os_error.c.o
 .debug_str     0x0000000000000000      0x1ba build/os/tpl_os_error.c.o
 .comment       0x0000000000000000       0x4e build/os/tpl_os_error.c.o
 .ARM.attributes
                0x0000000000000000       0x37 build/os/tpl_os_error.c.o
 .text          0x0000000000000000        0x0 build/os/tpl_os_os_kernel.c.o
 .data          0x0000000000000000        0x0 build/os/tpl_os_os_kernel.c.o
 .bss           0x0000000000000000        0x0 build/os/tpl_os_os_kernel.c.o
 .text          0x0000000000000000        0x0 build/os/tpl_os_os.c.o
 .data          0x0000000000000000        0x0 build/os/tpl_os_os.c.o
 .bss           0x0000000000000000        0x0 build/os/tpl_os_os.c.o
 .text          0x0000000000000000        0x0 build/os/tpl_os_interrupt_kernel.c.o
 .data          0x0000000000000000        0x0 build/os/tpl_os_interrupt_kernel.c.o
 .bss           0x0000000000000000        0x0 build/os/tpl_os_interrupt_kernel.c.o
 .text          0x0000000000000000        0x0 build/os/tpl_os_task_kernel.c.o
 .data          0x0000000000000000        0x0 build/os/tpl_os_task_kernel.c.o
 .bss           0x0000000000000000        0x0 build/os/tpl_os_task_kernel.c.o
 .text          0x0000000000000000        0x0 build/os/tpl_os_resource_kernel.c.o
 .data          0x0000000000000000        0x0 build/os/tpl_os_resource_kernel.c.o
 .bss           0x0000000000000000        0x0 build/os/tpl_os_resource_kernel.c.o
 .osConst       0x0000000000000000        0x2 build/os/tpl_os_resource_kernel.c.o
 .text          0x0000000000000000        0x0 build/os/tpl_os_alarm_kernel.c.o
 .data          0x0000000000000000        0x0 build/os/tpl_os_alarm_kernel.c.o
 .bss           0x0000000000000000        0x0 build/os/tpl_os_alarm_kernel.c.o
 .osConst       0x0000000000000000        0x1 build/os/tpl_os_alarm_kernel.c.o
 .text          0x0000000000000000        0x0 build/blink.c.o
 .data          0x0000000000000000        0x0 build/blink.c.o
 .bss           0x0000000000000000        0x0 build/blink.c.o
 .text          0x0000000000000000        0x0 build/helper.c.o
 .data          0x0000000000000000        0x0 build/helper.c.o
 .bss           0x0000000000000000        0x0 build/helper.c.o
 .text          0x0000000000000000        0x0 build/blink/tpl_app_config.c.o
 .data          0x0000000000000000        0x0 build/blink/tpl_app_config.c.o
 .bss           0x0000000000000000        0x0 build/blink/tpl_app_config.c.o
 .rodata.std    0x0000000000000000        0x1 build/blink/tpl_app_config.c.o
 .text          0x0000000000000000        0x0 build/blink/tpl_dispatch_table.c.o
 .data          0x0000000000000000        0x0 build/blink/tpl_dispatch_table.c.o
 .bss           0x0000000000000000        0x0 build/blink/tpl_dispatch_table.c.o
 .text          0x0000000000000000        0x0 build/blink/tpl_invoque.S.o
 .data          0x0000000000000000        0x0 build/blink/tpl_invoque.S.o
 .bss           0x0000000000000000        0x0 build/blink/tpl_invoque.S.o
 .text          0x0000000000000000        0x0 build/commstack/can/Can.c.o
 .data          0x0000000000000000        0x0 build/commstack/can/Can.c.o
[...]
Memory Configuration

Name             Origin             Length             Attributes
VECTOR           0x0000000008000000 0x0000000000000188 xr
FLASH            0x0000000008000188 0x000000000000fe78 xr
RAM              0x0000000020000000 0x0000000000020000 xrw
MEMORY_B1        0x0000000060000000 0x0000000000000000 xr
*default*        0x0000000000000000 0xffffffffffffffff

Linker script and memory map

LOAD build/os/tpl_os_kernel.c.o
LOAD build/os/tpl_os_timeobj_kernel.c.o
LOAD build/os/tpl_os_action.c.o
LOAD build/os/tpl_os_error.c.o
LOAD build/os/tpl_os_os_kernel.c.o
LOAD build/os/tpl_os_os.c.o
LOAD build/os/tpl_os_interrupt_kernel.c.o
LOAD build/os/tpl_os_task_kernel.c.o
LOAD build/os/tpl_os_resource_kernel.c.o
LOAD build/os/tpl_os_alarm_kernel.c.o
LOAD build/blink.c.o
LOAD build/helper.c.o
LOAD build/blink/tpl_app_config.c.o
LOAD build/blink/tpl_dispatch_table.c.o
LOAD build/blink/tpl_invoque.S.o
LOAD build/commstack/can/Can.c.o
LOAD build/commstack/canif/CanIf.c.o
LOAD build/commstack/cantp/CanTp.c.o
LOAD build/blink/tpl_primary_irq.S.o
LOAD build/blink/tpl_vectors.c.o
LOAD build/blink/tpl_external_interrupts.c.o
LOAD build/blink/tpl_app_interrupts.c.o
LOAD build/machines/cortex/tpl_machine_cortex.c.o
LOAD build/machines/cortex/tpl_sc_handler.S.o
LOAD build/machines/cortex/tpl_startup.S.o
LOAD build/machines/cortex/armv7em/tpl_ctx_switch.S.o
LOAD build/machines/cortex/armv7em/tpl_ctx_switch_under_it.S.o
LOAD build/machines/cortex/armv7em/tpl_interrupts.S.o
LOAD build/machines/cortex/armv7em/stm32f407/tpl_memory_protection.c.o
LOAD build/machines/cortex/armv7em/stm32f407/tpl_machine_stm32f407.c.o
LOAD build/machines/cortex/armv7em/stm32f407/startup_stm32f4xx.c.o
LOAD build/machines/cortex/armv7em/stm32f407/system_stm32f4xx.c.o
LOAD build/machines/cortex/armv7em/stm32f407/handlers_stm32f4xx.c.o
LOAD build/machines/cortex/armv7em/stm32f407/lib/pinAccess.c.o
LOAD build/machines/cortex/armv7em/stm32f407/STM32F4xx_StdPeriph_Driver/stm32f4xx_gpio.c.o
LOAD build/machines/cortex/armv7em/stm32f407/STM32F4xx_StdPeriph_Driver/stm32f4xx_rcc.c.o
LOAD build/machines/cortex/armv7em/stm32f407/STM32F4xx_StdPeriph_Driver/stm32f4xx_exti.c.o
LOAD build/machines/cortex/armv7em/stm32f407/STM32F4xx_StdPeriph_Driver/stm32f4xx_syscfg.c.o
LOAD build/machines/cortex/armv7em/stm32f407/STM32F4xx_StdPeriph_Driver/stm32f4xx_can.c.o
LOAD build/machines/cortex/armv7em/stm32f407/STM32F4xx_StdPeriph_Driver/misc.c.o
LOAD build/machines/cortex/armv7em/stm32f407/stm32f4discovery/stm32f4_discovery.c.o
LOAD build/machines/cortex/armv7em/stm32f407/stm32f4discovery/tp.c.o
                0x0000000020020000                _estack = 0x20020000
                0x0000000000000000                _Min_Heap_Size = 0x0
                0x0000000000000400                _Min_Stack_Size = 0x400

.isr_vector     0x0000000008000000      0x188
                0x0000000008000000                . = ALIGN (0x4)
 *(.isr_vector)
 .isr_vector    0x0000000008000000      0x188 build/blink/tpl_vectors.c.o
                0x0000000008000000                tpl_it_vectors
                0x0000000008000188                . = ALIGN (0x4)
                0x0000000008000188                . = ALIGN (0x4)

ostext          0x0000000008000188     0x22d2
 *(.SC_handler)
 *(.EI_handler)
 *(.osCode)
 .osCode        0x0000000008000188      0x8e0 build/os/tpl_os_kernel.c.o
                0x0000000008000188                tpl_current_os_state
                0x00000000080001dc                tpl_schedule_from_running
                0x0000000008000224                tpl_start_scheduling
                0x000000000800023c                tpl_start
                0x00000000080002b4                tpl_run_elected
                0x0000000008000374                tpl_block
                0x00000000080003ac                tpl_release
                0x00000000080003e8                tpl_front_proc
                0x0000000008000414                tpl_terminate
                0x0000000008000458                tpl_init_proc
                0x000000000800048c                tpl_put_preempted_proc
                0x00000000080004ec                tpl_put_new_proc
                0x0000000008000578                tpl_init_os
                0x000000000800061c                tpl_get_internal_resource
                0x00000000080006a8                tpl_release_internal_resource
                0x00000000080006f8                tpl_call_terminate_task_service
                0x000000000800072c                tpl_call_terminate_isr2_service
                0x0000000008000774                tpl_activate_task
                0x00000000080007ec                tpl_set_event
                0x000000000800080c                tpl_compare_entries
                0x00000000080008a4                tpl_bubble_up
                0x0000000008000924                tpl_bubble_down
                0x00000000080009da                tpl_remove_front_proc
                0x0000000008000a3c                tpl_preempt
 .osCode        0x0000000008000a68      0x2f0 build/os/tpl_os_timeobj_kernel.c.o
                0x0000000008000a68                tpl_enable_counters
                0x0000000008000a80                tpl_insert_time_obj
                0x0000000008000b5e                tpl_remove_time_obj
                0x0000000008000bd0                tpl_counter_tick
 .osCode        0x0000000008000d58       0x3a build/os/tpl_os_action.c.o
                0x0000000008000d58                tpl_action_callback
                0x0000000008000d6e                tpl_action_activate_task
 *fill*         0x0000000008000d92        0x2 
 .osCode        0x0000000008000d94       0xac build/os/tpl_os_os_kernel.c.o
                0x0000000008000d94                tpl_get_active_application_mode_service
                0x0000000008000dc4                tpl_start_os_service
                0x0000000008000e10                tpl_call_shutdown_os
                0x0000000008000e26                tpl_shutdown_os_service
 .osCode        0x0000000008000e40      0x400 build/os/tpl_os_interrupt_kernel.c.o
                0x0000000008000e40                tpl_get_interrupt_lock_status
                0x0000000008000e80                tpl_reset_interrupt_lock_status
                0x0000000008000ebc                tpl_terminate_isr2_service
                0x0000000008000f2c                tpl_central_interrupt_handler
                0x0000000008000fc0                tpl_fast_central_interrupt_handler
                0x0000000008001020                tpl_central_interrupt_handler_2
                0x000000000800103e                tpl_null_it
                0x0000000008001050                tpl_enable_all_interrupts_service
                0x0000000008001070                tpl_disable_all_interrupts_service
                0x00000000080010a0                tpl_resume_all_interrupts_service
                0x00000000080010d8                tpl_suspend_all_interrupts_service
                0x0000000008001100                tpl_resume_os_interrupts_service
                0x0000000008001138                tpl_suspend_os_interrupts_service
                0x0000000008001160                tpl_mask_isr2_priority
                0x000000000800119c                tpl_unmask_isr2_priority
 .osCode        0x0000000008001240      0x2b4 build/os/tpl_os_task_kernel.c.o
                0x0000000008001240                tpl_activate_task_service
                0x00000000080012a4                tpl_terminate_task_service
                0x0000000008001314                tpl_chain_task_service
                0x00000000080013c4                tpl_schedule_service
                0x0000000008001440                tpl_get_task_id_service
                0x0000000008001490                tpl_get_task_state_service
 .osCode        0x00000000080014f4      0x20c build/os/tpl_os_resource_kernel.c.o
                0x00000000080014f4                tpl_release_all_resources
                0x0000000008001554                tpl_get_resource_service
                0x000000000800164c                tpl_release_resource_service
 .osCode        0x0000000008001700      0x344 build/os/tpl_os_alarm_kernel.c.o
                0x0000000008001700                tpl_raise_alarm
                0x0000000008001724                tpl_get_alarm_base_service
                0x0000000008001794                tpl_get_alarm_service
                0x0000000008001820                tpl_set_rel_alarm_service
                0x0000000008001914                tpl_set_abs_alarm_service
                0x00000000080019e0                tpl_cancel_alarm_service
 .osCode        0x0000000008001a44      0x178 build/blink.c.o
                0x0000000008001a44                main
                0x0000000008001b40                assert_failed
                0x0000000008001b54                PreTaskHook
                0x0000000008001b88                PostTaskHook
 .osCode        0x0000000008001bbc       0x78 build/blink/tpl_app_config.c.o
                0x0000000008001bbc                tpl_tick_SysTick
                0x0000000008001bf0                CAN1_RX0_IRQ_Handler
                0x0000000008001bfe                CAN1_RX1_IRQ_Handler
                0x0000000008001c0c                CAN1_SCE_IRQ_Handler
                0x0000000008001c1a                CAN1_TX_IRQ_Handler
                0x0000000008001c28                SysTick_Handler
 .osCode        0x0000000008001c34       0xe0 build/blink/tpl_primary_irq.S.o
                0x0000000008001c34                tpl_primary_irq_handler_CAN1_RX0_IRQ
                0x0000000008001c60                tpl_primary_irq_handler_CAN1_RX1_IRQ
                0x0000000008001c8c                tpl_primary_irq_handler_CAN1_SCE_IRQ
                0x0000000008001cb8                tpl_primary_irq_handler_CAN1_TX_IRQ
                0x0000000008001ce4                tpl_primary_irq_handler_SysTick
 .osCode        0x0000000008001d14       0x20 build/blink/tpl_external_interrupts.c.o
                0x0000000008001d14                tpl_init_external_interrupts
 .osCode        0x0000000008001d34       0x90 build/blink/tpl_app_interrupts.c.o
                0x0000000008001d34                tpl_disable_priority_3_interrupts
                0x0000000008001d50                tpl_enable_priority_3_interrupts
                0x0000000008001d68                tpl_init_it_priority
                0x0000000008001d90                tpl_disable_os_interrupts
                0x0000000008001dac                tpl_enable_os_interrupts
 .osCode        0x0000000008001dc4      0x174 build/machines/cortex/tpl_machine_cortex.c.o
                0x0000000008001dc4                tpl_init_context
                0x0000000008001ec0                tpl_init_machine
                0x0000000008001ed0                tpl_shutdown
                0x0000000008001eda                tpl_init_machine_generic
                0x0000000008001ee6                tpl_init_machine_specific
                0x0000000008001f1c                tpl_check_stack_footprint
 .osCode        0x0000000008001f38       0x6c build/machines/cortex/tpl_sc_handler.S.o
                0x0000000008001f38                tpl_sc_handler
 .osCode        0x0000000008001fa4       0x1c build/machines/cortex/tpl_startup.S.o
                0x0000000008001fa4                tpl_reset_handler
 .osCode        0x0000000008001fc0       0x4c build/machines/cortex/armv7em/tpl_ctx_switch.S.o
                0x0000000008001fc0                tpl_save_context
                0x0000000008001fe6                tpl_load_context
 .osCode        0x000000000800200c       0x44 build/machines/cortex/armv7em/tpl_ctx_switch_under_it.S.o
                0x000000000800200c                tpl_save_context_under_it
                0x000000000800202e                tpl_load_context_under_it
 .osCode        0x0000000008002050       0x2c build/machines/cortex/armv7em/tpl_interrupts.S.o
                0x0000000008002050                tpl_disable_interrupts
                0x0000000008002064                tpl_enable_interrupts
 .osCode        0x000000000800207c       0x7c build/machines/cortex/armv7em/stm32f407/tpl_machine_stm32f407.c.o
                0x00000000080020cc                tpl_set_systick_timer
 .osCode        0x00000000080020f8      0x108 build/machines/cortex/armv7em/stm32f407/stm32f4discovery/tp.c.o
                0x00000000080020f8                initBoard
                0x0000000008002120                ledOn
                0x0000000008002140                ledOff
                0x0000000008002160                ledToggle
                0x0000000008002180                readButton
                0x00000000080021d0                delay
 *(.osApiCode)
 .osApiCode     0x0000000008002200       0x2a build/os/tpl_os_os.c.o
                0x0000000008002200                StartOS
 .osApiCode     0x000000000800222a      0x230 build/blink/tpl_invoque.S.o
                0x000000000800222a                GetActiveApplicationMode
                0x0000000008002240                tpl_start_os
                0x0000000008002256                ShutdownOS
                0x000000000800226c                EnableAllInterrupts
                0x0000000008002286                DisableAllInterrupts
                0x00000000080022a0                ResumeAllInterrupts
                0x00000000080022ba                SuspendAllInterrupts
                0x00000000080022d4                ResumeOSInterrupts
                0x00000000080022ee                SuspendOSInterrupts
                0x0000000008002308                CallTerminateISR2
                0x0000000008002322                ActivateTask
                0x0000000008002338                TerminateTask
                0x000000000800234e                ChainTask
                0x0000000008002364                Schedule
                0x000000000800237a                GetTaskID
                0x0000000008002390                GetTaskState
                0x00000000080023a6                CallTerminateTask
                0x00000000080023c0                GetResource
                0x00000000080023d6                ReleaseResource
                0x00000000080023ec                GetAlarmBase
                0x0000000008002402                GetAlarm
                0x0000000008002418                SetRelAlarm
                0x000000000800242e                SetAbsAlarm
                0x0000000008002444                CancelAlarm
 *(.appCommonCode)
                0x000000000800245c                . = ALIGN (0x4)

osconst         0x000000000800245c      0x1b0
 *(.osConst)
 .osConst       0x000000000800245c        0x2 build/os/tpl_os_kernel.c.o
                0x000000000800245c                INVALID_PROC
                0x000000000800245d                INVALID_TASK
 *fill*         0x000000000800245e        0x2 
 .osConst       0x0000000008002460      0x11c build/blink/tpl_app_config.c.o
                0x0000000008002460                tpl_stat_proc_table
                0x0000000008002478                tpl_dyn_proc_table
                0x0000000008002490                tpl_isr_stat_table
                0x00000000080024a0                tpl_resource_table
                0x00000000080024a4                IDLE_TASK_task_stat_desc
                0x00000000080024bc                cantxrx_task_stat_desc
                0x00000000080024d4                isr_canrx1_isr_stat_desc
                0x00000000080024ec                isr_canrx1_isr_helper
                0x00000000080024f8                isr_cansce_isr_stat_desc
                0x0000000008002510                isr_cansce_isr_helper
                0x000000000800251c                isr_canrx0_isr_stat_desc
                0x0000000008002534                isr_canrx0_isr_helper
                0x0000000008002540                isr_cantx_isr_stat_desc
                0x0000000008002558                isr_cantx_isr_helper
                0x0000000008002564                cantxrx_trigger_action
                0x000000000800256c                cantxrx_trigger_static
                0x0000000008002578                tpl_alarm_table
 .osConst       0x000000000800257c       0x60 build/blink/tpl_dispatch_table.c.o
                0x000000000800257c                tpl_dispatch_table
 .osConst       0x00000000080025dc        0x8 build/blink/tpl_app_interrupts.c.o
                0x00000000080025dc                tpl_enable_table
                0x00000000080025e0                tpl_disable_table
 *(.osApiConst)
 .osApiConst    0x00000000080025e4       0x28 build/blink/tpl_app_config.c.o
                0x00000000080025e4                proc_name_table
                0x00000000080025fc                cantxrx
                0x00000000080025fd                cantxrx_trigger
                0x0000000008002600                OSTICKSPERBASE
                0x0000000008002604                OSMAXALLOWEDVALUE
                0x0000000008002608                OSMINCYCLE
                0x000000000800260c                . = ALIGN (0x4)

apptext         0x000000000800260c      0x14a
                0x000000000800260c                __PROGCONST_SECTION_START = .
                0x000000000800260c                __SEG_START_APP_CODE_CONST_RGN = .
                0x000000000800260c                . = ALIGN (0x4)
 *(.Task_cantxrxCode)
 .Task_cantxrxCode
                0x000000000800260c       0x40 build/blink.c.o
                0x000000000800260c                cantxrx_function
 *(.ISR_isr_canrx1Code)
 .ISR_isr_canrx1Code
                0x000000000800264c       0x48 build/blink.c.o
                0x000000000800264c                isr_canrx1_function
 *(.ISR_isr_cansceCode)
 .ISR_isr_cansceCode
                0x0000000008002694       0x34 build/blink.c.o
                0x0000000008002694                isr_cansce_function
 *(.ISR_isr_canrx0Code)
 .ISR_isr_canrx0Code
                0x00000000080026c8       0x48 build/blink.c.o
                0x00000000080026c8                isr_canrx0_function
 *(.ISR_isr_cantxCode)
 .ISR_isr_cantxCode
                0x0000000008002710       0x46 build/blink.c.o
                0x0000000008002710                isr_cantx_function
                0x0000000008002758                . = ALIGN (0x4)

appconst        0x0000000008002758      0x48c
 *(.rodata)
 .rodata        0x0000000008002758       0x3f build/blink/tpl_app_config.c.o
 *fill*         0x0000000008002797        0x1 
 .rodata        0x0000000008002798       0x60 build/machines/cortex/armv7em/stm32f407/STM32F4xx_StdPeriph_Driver/stm32f4xx_gpio.c.o
 .rodata        0x00000000080027f8       0x5f build/machines/cortex/armv7em/stm32f407/STM32F4xx_StdPeriph_Driver/stm32f4xx_rcc.c.o
 *fill*         0x0000000008002857        0x1 
 .rodata        0x0000000008002858       0x60 build/machines/cortex/armv7em/stm32f407/STM32F4xx_StdPeriph_Driver/stm32f4xx_exti.c.o
 .rodata        0x00000000080028b8       0x62 build/machines/cortex/armv7em/stm32f407/STM32F4xx_StdPeriph_Driver/stm32f4xx_syscfg.c.o
 *fill*         0x000000000800291a        0x2 
 .rodata        0x000000000800291c       0x5f build/machines/cortex/armv7em/stm32f407/STM32F4xx_StdPeriph_Driver/stm32f4xx_can.c.o
 *fill*         0x000000000800297b        0x1 
 .rodata        0x000000000800297c       0x56 build/machines/cortex/armv7em/stm32f407/STM32F4xx_StdPeriph_Driver/misc.c.o
 *(.rodata*)
 *fill*         0x00000000080029d2        0x2 
 .rodata.CanFilterMaskRef
                0x00000000080029d4       0x11 build/helper.c.o
                0x00000000080029d4                CanFilterMaskRef
 *fill*         0x00000000080029e5        0x3 
 .rodata.CanHoh
                0x00000000080029e8       0x48 build/helper.c.o
                0x00000000080029e8                CanHoh
 .rodata.CanCtrlConfig
                0x0000000008002a30       0x18 build/helper.c.o
                0x0000000008002a30                CanCtrlConfig
 .rodata.CanCbks
                0x0000000008002a48       0x18 build/helper.c.o
                0x0000000008002a48                CanCbks
 .rodata.CanConfigSet
                0x0000000008002a60        0x8 build/helper.c.o
                0x0000000008002a60                CanConfigSet
 .rodata.CanIfCtlrConfig
                0x0000000008002a68        0x8 build/helper.c.o
                0x0000000008002a68                CanIfCtlrConfig
 .rodata.CanIfDispatchConfig
                0x0000000008002a70       0x10 build/helper.c.o
                0x0000000008002a70                CanIfDispatchConfig
 .rodata.CanIfHrhConfig1
                0x0000000008002a80        0xc build/helper.c.o
                0x0000000008002a80                CanIfHrhConfig1
 .rodata.CanIfHrhConfig2
                0x0000000008002a8c        0xc build/helper.c.o
                0x0000000008002a8c                CanIfHrhConfig2
 .rodata.CanIfHthConfig1
                0x0000000008002a98        0x4 build/helper.c.o
                0x0000000008002a98                CanIfHthConfig1
 .rodata.CanIfHthConfig2
                0x0000000008002a9c        0x4 build/helper.c.o
                0x0000000008002a9c                CanIfHthConfig2
 .rodata.CanIfHohConfig
                0x0000000008002aa0       0x18 build/helper.c.o
                0x0000000008002aa0                CanIfHohConfig
 .rodata.CanIfCanRxPduHrhRef
                0x0000000008002ab8        0xc build/helper.c.o
                0x0000000008002ab8                CanIfCanRxPduHrhRef
 .rodata.CanIfRxPduConfig
                0x0000000008002ac4       0x20 build/helper.c.o
                0x0000000008002ac4                CanIfRxPduConfig
 .rodata.CanIfCanTxPduHthRef
                0x0000000008002ae4        0x4 build/helper.c.o
                0x0000000008002ae4                CanIfCanTxPduHthRef
 .rodata.CanIfTxPduConfig
                0x0000000008002ae8       0x18 build/helper.c.o
                0x0000000008002ae8                CanIfTxPduConfig
 .rodata.InitConfig
                0x0000000008002b00       0x1c build/helper.c.o
                0x0000000008002b00                InitConfig
 .rodata.CanTpGeneral
                0x0000000008002b1c        0x4 build/helper.c.o
                0x0000000008002b1c                CanTpGeneral
 .rodata.CanTpNSduConfigList
                0x0000000008002b20       0x70 build/helper.c.o
                0x0000000008002b20                CanTpNSduConfigList
 .rodata.CanTpRxIdList
                0x0000000008002b90       0x18 build/helper.c.o
                0x0000000008002b90                CanTpRxIdList
 .rodata.CanTpConfig
                0x0000000008002ba8        0xc build/helper.c.o
                0x0000000008002ba8                CanTpConfig
 .rodata.CommConfig
                0x0000000008002bb4        0xc build/helper.c.o
                0x0000000008002bb4                CommConfig
 .rodata.OSDEFAULTAPPMODE
                0x0000000008002bc0        0x1 build/blink/tpl_app_config.c.o
                0x0000000008002bc0                OSDEFAULTAPPMODE
 *fill*         0x0000000008002bc1        0x3 
 .rodata.tpl_task_app_mode
                0x0000000008002bc4        0x1 build/blink/tpl_app_config.c.o
                0x0000000008002bc4                tpl_task_app_mode
 *fill*         0x0000000008002bc5        0x3 
 .rodata.tpl_alarm_app_mode
                0x0000000008002bc8        0x1 build/blink/tpl_app_config.c.o
                0x0000000008002bc8                tpl_alarm_app_mode
 *fill*         0x0000000008002bc9        0x3 
 .rodata.GPIO_PIN
                0x0000000008002bcc        0x8 build/machines/cortex/armv7em/stm32f407/stm32f4discovery/stm32f4_discovery.c.o
                0x0000000008002bcc                GPIO_PIN
 .rodata.GPIO_CLK
                0x0000000008002bd4       0x10 build/machines/cortex/armv7em/stm32f407/stm32f4discovery/stm32f4_discovery.c.o
                0x0000000008002bd4                GPIO_CLK
                0x0000000008002be4                . = ALIGN (0x4)

procconst       0x0000000008002be4        0x0
 *(.Task_cantxrx_SEC_CONST_32BIT)
 *(.Task_cantxrx_SEC_CALIB_32BIT)
 *(.Task_cantxrx_SEC_CARTO_32BIT)
 *(.Task_cantxrx_SEC_CONFIG_DATA_32BIT)
 *(.Task_cantxrx_SEC_CONST_16BIT)
 *(.Task_cantxrx_SEC_CALIB_16BIT)
 *(.Task_cantxrx_SEC_CARTO_16BIT)
 *(.Task_cantxrx_SEC_CONFIG_DATA_16BIT)
 *(.Task_cantxrx_SEC_CONST_8BIT)
 *(.Task_cantxrx_SEC_CALIB_8BIT)
 *(.Task_cantxrx_SEC_CARTO_8BIT)
 *(.Task_cantxrx_SEC_CONFIG_DATA_8BIT)
 *(.Task_cantxrx_SEC_CONST_BOOLEAN)
 *(.Task_cantxrx_SEC_CALIB_BOOLEAN)
 *(.Task_cantxrx_SEC_CARTO_BOOLEAN)
 *(.Task_cantxrx_SEC_CONFIG_DATA_BOOLEAN)
 *(.Task_cantxrx_SEC_CONST_UNSPECIFIED)
 *(.Task_cantxrx_SEC_CALIB_UNSPECIFIED)
 *(.Task_cantxrx_SEC_CARTO_UNSPECIFIED)
 *(.Task_cantxrx_SEC_CONFIG_DATA_UNSPECIFIED)
 *(.ISR_isr_canrx1_SEC_CONST_32BIT)
 *(.ISR_isr_canrx1_SEC_CALIB_32BIT)
 *(.ISR_isr_canrx1_SEC_CARTO_32BIT)
 *(.ISR_isr_canrx1_SEC_CONFIG_DATA_32BIT)
 *(.ISR_isr_canrx1_SEC_CONST_16BIT)
 *(.ISR_isr_canrx1_SEC_CALIB_16BIT)
 *(.ISR_isr_canrx1_SEC_CARTO_16BIT)
 *(.ISR_isr_canrx1_SEC_CONFIG_DATA_16BIT)
 *(.ISR_isr_canrx1_SEC_CONST_8BIT)
 *(.ISR_isr_canrx1_SEC_CALIB_8BIT)
 *(.ISR_isr_canrx1_SEC_CARTO_8BIT)
 *(.ISR_isr_canrx1_SEC_CONFIG_DATA_8BIT)
 *(.ISR_isr_canrx1_SEC_CONST_BOOLEAN)
 *(.ISR_isr_canrx1_SEC_CALIB_BOOLEAN)
 *(.ISR_isr_canrx1_SEC_CARTO_BOOLEAN)
 *(.ISR_isr_canrx1_SEC_CONFIG_DATA_BOOLEAN)
 *(.ISR_isr_canrx1_SEC_CONST_UNSPECIFIED)
 *(.ISR_isr_canrx1_SEC_CALIB_UNSPECIFIED)
 *(.ISR_isr_canrx1_SEC_CARTO_UNSPECIFIED)
 *(.ISR_isr_canrx1_SEC_CONFIG_DATA_UNSPECIFIED)
 *(.ISR_isr_cansce_SEC_CONST_32BIT)
 *(.ISR_isr_cansce_SEC_CALIB_32BIT)
 *(.ISR_isr_cansce_SEC_CARTO_32BIT)
 *(.ISR_isr_cansce_SEC_CONFIG_DATA_32BIT)
 *(.ISR_isr_cansce_SEC_CONST_16BIT)
 *(.ISR_isr_cansce_SEC_CALIB_16BIT)
 *(.ISR_isr_cansce_SEC_CARTO_16BIT)
 *(.ISR_isr_cansce_SEC_CONFIG_DATA_16BIT)
 *(.ISR_isr_cansce_SEC_CONST_8BIT)
 *(.ISR_isr_cansce_SEC_CALIB_8BIT)
 *(.ISR_isr_cansce_SEC_CARTO_8BIT)
 *(.ISR_isr_cansce_SEC_CONFIG_DATA_8BIT)
 *(.ISR_isr_cansce_SEC_CONST_BOOLEAN)
 *(.ISR_isr_cansce_SEC_CALIB_BOOLEAN)
 *(.ISR_isr_cansce_SEC_CARTO_BOOLEAN)
 *(.ISR_isr_cansce_SEC_CONFIG_DATA_BOOLEAN)
 *(.ISR_isr_cansce_SEC_CONST_UNSPECIFIED)
 *(.ISR_isr_cansce_SEC_CALIB_UNSPECIFIED)
 *(.ISR_isr_cansce_SEC_CARTO_UNSPECIFIED)
 *(.ISR_isr_cansce_SEC_CONFIG_DATA_UNSPECIFIED)
 *(.ISR_isr_canrx0_SEC_CONST_32BIT)
 *(.ISR_isr_canrx0_SEC_CALIB_32BIT)
 *(.ISR_isr_canrx0_SEC_CARTO_32BIT)
 *(.ISR_isr_canrx0_SEC_CONFIG_DATA_32BIT)
 *(.ISR_isr_canrx0_SEC_CONST_16BIT)
 *(.ISR_isr_canrx0_SEC_CALIB_16BIT)
 *(.ISR_isr_canrx0_SEC_CARTO_16BIT)
 *(.ISR_isr_canrx0_SEC_CONFIG_DATA_16BIT)
 *(.ISR_isr_canrx0_SEC_CONST_8BIT)
 *(.ISR_isr_canrx0_SEC_CALIB_8BIT)
 *(.ISR_isr_canrx0_SEC_CARTO_8BIT)
 *(.ISR_isr_canrx0_SEC_CONFIG_DATA_8BIT)
 *(.ISR_isr_canrx0_SEC_CONST_BOOLEAN)
 *(.ISR_isr_canrx0_SEC_CALIB_BOOLEAN)
 *(.ISR_isr_canrx0_SEC_CARTO_BOOLEAN)
 *(.ISR_isr_canrx0_SEC_CONFIG_DATA_BOOLEAN)
 *(.ISR_isr_canrx0_SEC_CONST_UNSPECIFIED)
 *(.ISR_isr_canrx0_SEC_CALIB_UNSPECIFIED)
 *(.ISR_isr_canrx0_SEC_CARTO_UNSPECIFIED)
 *(.ISR_isr_canrx0_SEC_CONFIG_DATA_UNSPECIFIED)
 *(.ISR_isr_cantx_SEC_CONST_32BIT)
 *(.ISR_isr_cantx_SEC_CALIB_32BIT)
 *(.ISR_isr_cantx_SEC_CARTO_32BIT)
 *(.ISR_isr_cantx_SEC_CONFIG_DATA_32BIT)
 *(.ISR_isr_cantx_SEC_CONST_16BIT)
 *(.ISR_isr_cantx_SEC_CALIB_16BIT)
 *(.ISR_isr_cantx_SEC_CARTO_16BIT)
 *(.ISR_isr_cantx_SEC_CONFIG_DATA_16BIT)
 *(.ISR_isr_cantx_SEC_CONST_8BIT)
 *(.ISR_isr_cantx_SEC_CALIB_8BIT)
 *(.ISR_isr_cantx_SEC_CARTO_8BIT)
 *(.ISR_isr_cantx_SEC_CONFIG_DATA_8BIT)
 *(.ISR_isr_cantx_SEC_CONST_BOOLEAN)
 *(.ISR_isr_cantx_SEC_CALIB_BOOLEAN)
 *(.ISR_isr_cantx_SEC_CARTO_BOOLEAN)
 *(.ISR_isr_cantx_SEC_CONFIG_DATA_BOOLEAN)
 *(.ISR_isr_cantx_SEC_CONST_UNSPECIFIED)
 *(.ISR_isr_cantx_SEC_CALIB_UNSPECIFIED)
 *(.ISR_isr_cantx_SEC_CARTO_UNSPECIFIED)
 *(.ISR_isr_cantx_SEC_CONFIG_DATA_UNSPECIFIED)
                0x0000000008002be4                . = ALIGN (0x4)
                0x0000000008002be3                __SEG_STOP_APP_CODE_CONST_RGN = (. - 0x1)
                0x0000000008002be3                __PROGCONST_SECTION_STOP = (. - 0x1)

.text           0x0000000008002be4     0x4bfc
                0x0000000008002be4                . = ALIGN (0x4)
 *(.text)
 .text          0x0000000008002be4      0x134 /home/ahmed/workspace/arm-toolchain/gcc-arm-none-eabi-10-2020-q4-major/bin/../lib/gcc/arm-none-eabi/10.2.1/../../../../arm-none-eabi/lib/thumb/v7e-m/nofp/libc.a(lib_a-memcpy.o)
                0x0000000008002be4                memcpy
 *(.text*)
 .text.rx_activate
                0x0000000008002d18      0x134 build/blink.c.o
                0x0000000008002d18                rx_activate
 .text.tx_activate
                0x0000000008002e4c       0x28 build/blink.c.o
                0x0000000008002e4c                tx_activate
 .text.cantp_provide_rxbuffer
                0x0000000008002e74       0x58 build/blink.c.o
                0x0000000008002e74                cantp_provide_rxbuffer
 .text.cantp_provide_txbuffer
                0x0000000008002ecc       0x58 build/blink.c.o
                0x0000000008002ecc                cantp_provide_txbuffer
 .text.cancel_tx_confirmation
                0x0000000008002f24       0x16 build/helper.c.o
                0x0000000008002f24                cancel_tx_confirmation
 .text.rx_indication
                0x0000000008002f3a       0x28 build/helper.c.o
                0x0000000008002f3a                rx_indication
 .text.controllerbus_off
                0x0000000008002f62       0x1a build/helper.c.o
                0x0000000008002f62                controllerbus_off
 .text.tx_confirmation
                0x0000000008002f7c       0x16 build/helper.c.o
                0x0000000008002f7c                tx_confirmation
 .text.controller_wakeup
                0x0000000008002f92       0x1a build/helper.c.o
                0x0000000008002f92                controller_wakeup
 .text.arc_error
                0x0000000008002fac       0x1e build/helper.c.o
                0x0000000008002fac                arc_error
 .text.canif_busoff_notification
                0x0000000008002fca       0x14 build/helper.c.o
                0x0000000008002fca                canif_busoff_notification
 .text.canif_wakeup_notification
                0x0000000008002fde        0xc build/helper.c.o
                0x0000000008002fde                canif_wakeup_notification
 .text.canif_wakeup_validnotification
                0x0000000008002fea        0xc build/helper.c.o
                0x0000000008002fea                canif_wakeup_validnotification
 .text.canif_error_notificaton
                0x0000000008002ff6       0x16 build/helper.c.o
                0x0000000008002ff6                canif_error_notificaton
 .text.canif_user_txconfirmation
                0x000000000800300c       0x16 build/helper.c.o
                0x000000000800300c                canif_user_txconfirmation
 .text.pdur_cantp_rxindication
                0x0000000008003022       0x18 build/helper.c.o
                0x0000000008003022                pdur_cantp_rxindication
 .text.pdur_cantp_provide_rxbuffer
                0x000000000800303a       0x24 build/helper.c.o
                0x000000000800303a                pdur_cantp_provide_rxbuffer
 .text.pdur_cantp_txconfirmation
                0x000000000800305e       0x18 build/helper.c.o
                0x000000000800305e                pdur_cantp_txconfirmation
 .text.pdur_cantp_provide_txbuffer
                0x0000000008003076       0x24 build/helper.c.o
                0x0000000008003076                pdur_cantp_provide_txbuffer
 .text.disable_irq
                0x000000000800309a       0x14 build/commstack/can/Can.c.o
 .text._Irq_Save
                0x00000000080030ae       0x2a build/commstack/can/Can.c.o
 .text._Irq_Restore
                0x00000000080030d8       0x2c build/commstack/can/Can.c.o
 .text.GetController
                0x0000000008003104       0x1e build/commstack/can/Can.c.o
 *fill*         0x0000000008003122        0x2 
 .text.Can_FindHoh
                0x0000000008003124       0x68 build/commstack/can/Can.c.o
 .text.Can_RxIsr_wrap
                0x000000000800318c       0x1a build/commstack/can/Can.c.o
                0x000000000800318c                Can_RxIsr_wrap
 .text.Can_TxIsr_wrap
                0x00000000080031a6       0x16 build/commstack/can/Can.c.o
                0x00000000080031a6                Can_TxIsr_wrap
 .text.Can_ErrIsr_wrap
                0x00000000080031bc       0x12 build/commstack/can/Can.c.o
                0x00000000080031bc                Can_ErrIsr_wrap
 *fill*         0x00000000080031ce        0x2 
 .text.Can_Init
                0x00000000080031d0       0xf0 build/commstack/can/Can.c.o
                0x00000000080031d0                Can_Init
 .text.Can_InitController
                0x00000000080032c0      0x1a0 build/commstack/can/Can.c.o
                0x00000000080032c0                Can_InitController
 .text.Can_RxIsr
                0x0000000008003460       0xf4 build/commstack/can/Can.c.o
 .text.Can_TxIsr
                0x0000000008003554       0xb4 build/commstack/can/Can.c.o
 .text.Can_Write
                0x0000000008003608      0x100 build/commstack/can/Can.c.o
                0x0000000008003608                Can_Write
 .text.Can_SetControllerMode
                0x0000000008003708       0x90 build/commstack/can/Can.c.o
                0x0000000008003708                Can_SetControllerMode
 .text.Can_EnableControllerInterrupts
                0x0000000008003798       0xc0 build/commstack/can/Can.c.o
                0x0000000008003798                Can_EnableControllerInterrupts
 .text.CanIf_Arc_FindHrhChannel
                0x0000000008003858       0x64 build/commstack/canif/CanIf.c.o
 .text.scheduleTxConfirmation
                0x00000000080038bc       0x78 build/commstack/canif/CanIf.c.o
 .text.scheduleRxIndication
                0x0000000008003934      0x13c build/commstack/canif/CanIf.c.o
 .text.CanIf_Init
                0x0000000008003a70       0x64 build/commstack/canif/CanIf.c.o
                0x0000000008003a70                CanIf_Init
 .text.CanIf_PreInit_InitController
                0x0000000008003ad4       0x48 build/commstack/canif/CanIf.c.o
                0x0000000008003ad4                CanIf_PreInit_InitController
 .text.CanIf_SetControllerMode
                0x0000000008003b1c      0x158 build/commstack/canif/CanIf.c.o
                0x0000000008003b1c                CanIf_SetControllerMode
 .text.CanIf_GetControllerMode
                0x0000000008003c74       0x30 build/commstack/canif/CanIf.c.o
                0x0000000008003c74                CanIf_GetControllerMode
 .text.CanIf_FindTxPduEntry
                0x0000000008003ca4       0x3c build/commstack/canif/CanIf.c.o
 .text.CanIf_Transmit
                0x0000000008003ce0       0xc6 build/commstack/canif/CanIf.c.o
                0x0000000008003ce0                CanIf_Transmit
 *fill*         0x0000000008003da6        0x2 
 .text.CanIf_SetPduMode
                0x0000000008003da8      0x1f8 build/commstack/canif/CanIf.c.o
                0x0000000008003da8                CanIf_SetPduMode
 .text.CanIf_GetPduMode
                0x0000000008003fa0       0x30 build/commstack/canif/CanIf.c.o
                0x0000000008003fa0                CanIf_GetPduMode
 .text.CanIf_TxConfirmation
                0x0000000008003fd0       0x16 build/commstack/canif/CanIf.c.o
                0x0000000008003fd0                CanIf_TxConfirmation
 .text.CanIf_RxIndication
                0x0000000008003fe6       0x26 build/commstack/canif/CanIf.c.o
                0x0000000008003fe6                CanIf_RxIndication
 .text.CanIf_CancelTxConfirmation
                0x000000000800400c       0x20 build/commstack/canif/CanIf.c.o
                0x000000000800400c                CanIf_CancelTxConfirmation
 .text.CanIf_ControllerBusOff
                0x000000000800402c       0x68 build/commstack/canif/CanIf.c.o
                0x000000000800402c                CanIf_ControllerBusOff
 .text.CanIf_SetWakeupEvent
                0x0000000008004094       0x48 build/commstack/canif/CanIf.c.o
                0x0000000008004094                CanIf_SetWakeupEvent
 .text.CanIf_Arc_Error
                0x00000000080040dc       0x7c build/commstack/canif/CanIf.c.o
                0x00000000080040dc                CanIf_Arc_Error
 .text.getFrameType
                0x0000000008004158       0x9c build/commstack/cantp/CanTp.c.o
 .text.getPduLength
                0x00000000080041f4       0x8c build/commstack/cantp/CanTp.c.o
 .text.initRx15765RuntimeData
                0x0000000008004280       0x4c build/commstack/cantp/CanTp.c.o
 .text.initTx15765RuntimeData
                0x00000000080042cc       0x4c build/commstack/cantp/CanTp.c.o
 .text.copySegmentToPduRRxBuffer
                0x0000000008004318       0xea build/commstack/cantp/CanTp.c.o
 .text.copySegmentToLocalRxBuffer
                0x0000000008004402       0x56 build/commstack/cantp/CanTp.c.o
 .text.canReceivePaddingHelper
                0x0000000008004458       0x84 build/commstack/cantp/CanTp.c.o
 .text.canTansmitPaddingHelper
                0x00000000080044dc       0x84 build/commstack/cantp/CanTp.c.o
 .text.sendFlowControlFrame
                0x0000000008004560      0x1b8 build/commstack/cantp/CanTp.c.o
 .text.handleConsecutiveFrame
                0x0000000008004718      0x264 build/commstack/cantp/CanTp.c.o
 .text.sendNextTxFrame
                0x000000000800497c      0x150 build/commstack/cantp/CanTp.c.o
 .text.handleNextTxFrameSent
                0x0000000008004acc      0x164 build/commstack/cantp/CanTp.c.o
 .text.handleFlowControlFrame
                0x0000000008004c30      0x12c build/commstack/cantp/CanTp.c.o
 .text.handleSingleFrame
                0x0000000008004d5c      0x124 build/commstack/cantp/CanTp.c.o
 .text.handleFirstFrame
                0x0000000008004e80      0x210 build/commstack/cantp/CanTp.c.o
 .text.calcRequiredProtocolFrameType
                0x0000000008005090       0xcc build/commstack/cantp/CanTp.c.o
 .text.CanTp_Transmit
                0x000000000800515c      0x274 build/commstack/cantp/CanTp.c.o
                0x000000000800515c                CanTp_Transmit
 .text.CanTp_Init
                0x00000000080053d0       0xc8 build/commstack/cantp/CanTp.c.o
                0x00000000080053d0                CanTp_Init
 .text.CanTp_RxIndication
                0x0000000008005498      0x194 build/commstack/cantp/CanTp.c.o
                0x0000000008005498                CanTp_RxIndication
 .text.CanTp_TxConfirmation
                0x000000000800562c       0xc8 build/commstack/cantp/CanTp.c.o
                0x000000000800562c                CanTp_TxConfirmation
 .text.CanTp_MainFunction
                0x00000000080056f4      0x34c build/commstack/cantp/CanTp.c.o
                0x00000000080056f4                CanTp_MainFunction
 .text.NVIC_SetPriority
                0x0000000008005a40       0x54 build/blink/tpl_app_interrupts.c.o
 .text.NVIC_SetPriority
                0x0000000008005a94       0x54 build/machines/cortex/tpl_machine_cortex.c.o
 .text.idle_function
                0x0000000008005ae8        0x6 build/machines/cortex/tpl_machine_cortex.c.o
                0x0000000008005ae8                idle_function
 *fill*         0x0000000008005aee        0x2 
 .text.NVIC_SetPriority
                0x0000000008005af0       0x54 build/machines/cortex/armv7em/stm32f407/tpl_machine_stm32f407.c.o
 .text.__libc_init_array
                0x0000000008005b44       0x70 build/machines/cortex/armv7em/stm32f407/startup_stm32f4xx.c.o
                0x0000000008005b44                __libc_init_array
 .text.__libc_fini_array
                0x0000000008005bb4       0x40 build/machines/cortex/armv7em/stm32f407/startup_stm32f4xx.c.o
                0x0000000008005bb4                __libc_fini_array
 .text.SystemInit
                0x0000000008005bf4       0x5c build/machines/cortex/armv7em/stm32f407/system_stm32f4xx.c.o
                0x0000000008005bf4                SystemInit
 .text.SetSysClock
                0x0000000008005c50       0xf4 build/machines/cortex/armv7em/stm32f407/system_stm32f4xx.c.o
 .text.NMI_Handler
                0x0000000008005d44        0x8 build/machines/cortex/armv7em/stm32f407/handlers_stm32f4xx.c.o
                0x0000000008005d44                NMI_Handler
 .text.HardFault_Handler
                0x0000000008005d4c       0x64 build/machines/cortex/armv7em/stm32f407/handlers_stm32f4xx.c.o
                0x0000000008005d4c                HardFault_Handler
 .text.MemManage_Handler
                0x0000000008005db0        0x8 build/machines/cortex/armv7em/stm32f407/handlers_stm32f4xx.c.o
                0x0000000008005db0                MemManage_Handler
 .text.BusFault_Handler
                0x0000000008005db8        0x8 build/machines/cortex/armv7em/stm32f407/handlers_stm32f4xx.c.o
                0x0000000008005db8                BusFault_Handler
 .text.UsageFault_Handler
                0x0000000008005dc0        0x8 build/machines/cortex/armv7em/stm32f407/handlers_stm32f4xx.c.o
                0x0000000008005dc0                UsageFault_Handler
 .text.DebugMonitor_Handler
                0x0000000008005dc8        0x6 build/machines/cortex/armv7em/stm32f407/handlers_stm32f4xx.c.o
                0x0000000008005dc8                DebugMonitor_Handler
 *fill*         0x0000000008005dce        0x2 
 .text.GPIO_Init
                0x0000000008005dd0      0x248 build/machines/cortex/armv7em/stm32f407/STM32F4xx_StdPeriph_Driver/stm32f4xx_gpio.c.o
                0x0000000008005dd0                GPIO_Init
 .text.GPIO_ReadInputDataBit
                0x0000000008006018      0x13c build/machines/cortex/armv7em/stm32f407/STM32F4xx_StdPeriph_Driver/stm32f4xx_gpio.c.o
                0x0000000008006018                GPIO_ReadInputDataBit
 .text.RCC_AHB1PeriphClockCmd
                0x0000000008006154       0x60 build/machines/cortex/armv7em/stm32f407/STM32F4xx_StdPeriph_Driver/stm32f4xx_rcc.c.o
                0x0000000008006154                RCC_AHB1PeriphClockCmd
 .text.RCC_APB1PeriphClockCmd
                0x00000000080061b4       0x70 build/machines/cortex/armv7em/stm32f407/STM32F4xx_StdPeriph_Driver/stm32f4xx_rcc.c.o
                0x00000000080061b4                RCC_APB1PeriphClockCmd
 .text.RCC_APB2PeriphClockCmd
                0x0000000008006224       0x74 build/machines/cortex/armv7em/stm32f407/STM32F4xx_StdPeriph_Driver/stm32f4xx_rcc.c.o
                0x0000000008006224                RCC_APB2PeriphClockCmd
 .text.RCC_APB1PeriphResetCmd
                0x0000000008006298       0x70 build/machines/cortex/armv7em/stm32f407/STM32F4xx_StdPeriph_Driver/stm32f4xx_rcc.c.o
                0x0000000008006298                RCC_APB1PeriphResetCmd
 .text.RCC_APB1PeriphClockLPModeCmd
                0x0000000008006308       0x70 build/machines/cortex/armv7em/stm32f407/STM32F4xx_StdPeriph_Driver/stm32f4xx_rcc.c.o
                0x0000000008006308                RCC_APB1PeriphClockLPModeCmd
 .text.EXTI_Init
                0x0000000008006378      0x150 build/machines/cortex/armv7em/stm32f407/STM32F4xx_StdPeriph_Driver/stm32f4xx_exti.c.o
                0x0000000008006378                EXTI_Init
 .text.SYSCFG_EXTILineConfig
                0x00000000080064c8      0x134 build/machines/cortex/armv7em/stm32f407/STM32F4xx_StdPeriph_Driver/stm32f4xx_syscfg.c.o
                0x00000000080064c8                SYSCFG_EXTILineConfig
 .text.CAN_DeInit
                0x00000000080065fc       0x68 build/machines/cortex/armv7em/stm32f407/STM32F4xx_StdPeriph_Driver/stm32f4xx_can.c.o
                0x00000000080065fc                CAN_DeInit
 .text.CAN_Init
                0x0000000008006664      0x2dc build/machines/cortex/armv7em/stm32f407/STM32F4xx_StdPeriph_Driver/stm32f4xx_can.c.o
                0x0000000008006664                CAN_Init
 .text.CAN_FilterInit
                0x0000000008006940      0x200 build/machines/cortex/armv7em/stm32f407/STM32F4xx_StdPeriph_Driver/stm32f4xx_can.c.o
                0x0000000008006940                CAN_FilterInit
 .text.CAN_StructInit
                0x0000000008006b40       0x54 build/machines/cortex/armv7em/stm32f407/STM32F4xx_StdPeriph_Driver/stm32f4xx_can.c.o
                0x0000000008006b40                CAN_StructInit
 .text.CAN_SlaveStartBank
                0x0000000008006b94       0x78 build/machines/cortex/armv7em/stm32f407/STM32F4xx_StdPeriph_Driver/stm32f4xx_can.c.o
                0x0000000008006b94                CAN_SlaveStartBank
 .text.CAN_DBGFreeze
                0x0000000008006c0c       0x70 build/machines/cortex/armv7em/stm32f407/STM32F4xx_StdPeriph_Driver/stm32f4xx_can.c.o
                0x0000000008006c0c                CAN_DBGFreeze
 .text.CAN_Transmit
                0x0000000008006c7c      0x234 build/machines/cortex/armv7em/stm32f407/STM32F4xx_StdPeriph_Driver/stm32f4xx_can.c.o
                0x0000000008006c7c                CAN_Transmit
 .text.CAN_Receive
                0x0000000008006eb0      0x1b4 build/machines/cortex/armv7em/stm32f407/STM32F4xx_StdPeriph_Driver/stm32f4xx_can.c.o
                0x0000000008006eb0                CAN_Receive
 .text.CAN_Sleep
                0x0000000008007064       0x5c build/machines/cortex/armv7em/stm32f407/STM32F4xx_StdPeriph_Driver/stm32f4xx_can.c.o
                0x0000000008007064                CAN_Sleep
 .text.CAN_WakeUp
                0x00000000080070c0       0x78 build/machines/cortex/armv7em/stm32f407/STM32F4xx_StdPeriph_Driver/stm32f4xx_can.c.o
                0x00000000080070c0                CAN_WakeUp
 .text.CAN_ITConfig
                0x0000000008007138       0xe0 build/machines/cortex/armv7em/stm32f407/STM32F4xx_StdPeriph_Driver/stm32f4xx_can.c.o
                0x0000000008007138                CAN_ITConfig
 .text.CAN_ClearITPendingBit
                0x0000000008007218      0x238 build/machines/cortex/armv7em/stm32f407/STM32F4xx_StdPeriph_Driver/stm32f4xx_can.c.o
                0x0000000008007218                CAN_ClearITPendingBit
 .text.NVIC_Init
                0x0000000008007450      0x130 build/machines/cortex/armv7em/stm32f407/STM32F4xx_StdPeriph_Driver/misc.c.o
                0x0000000008007450                NVIC_Init
 .text.STM_EVAL_LEDInit
                0x0000000008007580       0x5c build/machines/cortex/armv7em/stm32f407/stm32f4discovery/stm32f4_discovery.c.o
                0x0000000008007580                STM_EVAL_LEDInit
 .text.STM_EVAL_LEDOn
                0x00000000080075dc       0x30 build/machines/cortex/armv7em/stm32f407/stm32f4discovery/stm32f4_discovery.c.o
                0x00000000080075dc                STM_EVAL_LEDOn
 .text.STM_EVAL_LEDOff
                0x000000000800760c       0x30 build/machines/cortex/armv7em/stm32f407/stm32f4discovery/stm32f4_discovery.c.o
                0x000000000800760c                STM_EVAL_LEDOff
 .text.STM_EVAL_LEDToggle
                0x000000000800763c       0x3c build/machines/cortex/armv7em/stm32f407/stm32f4discovery/stm32f4_discovery.c.o
                0x000000000800763c                STM_EVAL_LEDToggle
 .text.STM_EVAL_PBInit
                0x0000000008007678       0x98 build/machines/cortex/armv7em/stm32f407/stm32f4discovery/stm32f4_discovery.c.o
                0x0000000008007678                STM_EVAL_PBInit
 .text.STM_EVAL_PBGetState
                0x0000000008007710       0x2c build/machines/cortex/armv7em/stm32f407/stm32f4discovery/stm32f4_discovery.c.o
                0x0000000008007710                STM_EVAL_PBGetState
 .text.memset   0x000000000800773c       0xa4 /home/ahmed/workspace/arm-toolchain/gcc-arm-none-eabi-10-2020-q4-major/bin/../lib/gcc/arm-none-eabi/10.2.1/../../../../arm-none-eabi/lib/thumb/v7e-m/nofp/libc.a(lib_a-memset.o)
                0x000000000800773c                memset
 *(.glue_7)
 .glue_7        0x00000000080077e0        0x0 linker stubs
 *(.glue_7t)
 .glue_7t       0x00000000080077e0        0x0 linker stubs
 *(.eh_frame)
 *(.init)
 *(.fini)
                0x00000000080077e0                . = ALIGN (0x4)
                0x00000000080077e0                _etext = .
                0x00000000080077e0                _exit = .

.vfp11_veneer   0x00000000080077e0        0x0
 .vfp11_veneer  0x00000000080077e0        0x0 linker stubs

.v4_bx          0x00000000080077e0        0x0
 .v4_bx         0x00000000080077e0        0x0 linker stubs

.iplt           0x00000000080077e0        0x0
 .iplt          0x00000000080077e0        0x0 build/os/tpl_os_kernel.c.o

.after_vectors  0x00000000080077e0       0x98
 .after_vectors
                0x00000000080077e0       0x98 build/machines/cortex/armv7em/stm32f407/startup_stm32f4xx.c.o
                0x00000000080077e0                tpl_continue_reset_handler
                0x000000000800782c                system_init

.rel.dyn        0x0000000008007878        0x0
 .rel.iplt      0x0000000008007878        0x0 build/os/tpl_os_kernel.c.o

.ARM.extab
 *(.ARM.extab* .gnu.linkonce.armextab.*)

.ARM            0x0000000008007878        0x0
                0x0000000008007878                __exidx_start = .
 *(.ARM.exidx*)
                0x0000000008007878                __exidx_end = .

.preinit_array  0x0000000008007878        0x4
                0x0000000008007878                PROVIDE (__preinit_array_start = .)
 *(.preinit_array*)
 .preinit_array_sysinit
                0x0000000008007878        0x4 build/machines/cortex/armv7em/stm32f407/startup_stm32f4xx.c.o
                0x0000000008007878                p_system_init
                0x000000000800787c                PROVIDE (__preinit_array_end = .)

.init_array     0x000000000800787c        0x0
                0x000000000800787c                PROVIDE (__init_array_start = .)
 *(SORT_BY_NAME(.init_array.*))
 *(.init_array*)
                0x000000000800787c                PROVIDE (__init_array_end = .)

.fini_array     0x000000000800787c        0x0
                0x000000000800787c                PROVIDE (__fini_array_start = .)
 *(.fini_array*)
 *(SORT_BY_NAME(.fini_array.*))
                0x000000000800787c                PROVIDE (__fini_array_end = .)
                0x000000000800787c                _sidata = .

.data           0x0000000020000000      0x228 load address 0x000000000800787c
                0x0000000020000000                . = ALIGN (0x4)
                0x0000000020000000                _sdata = .
 *(.data)
 *(.data*)
 .data.txbuf1   0x0000000020000000        0x8 build/blink.c.o
                0x0000000020000000                txbuf1
 .data.txbuf2   0x0000000020000008        0x8 build/blink.c.o
                0x0000000020000008                txbuf2
 .data.txbuf3   0x0000000020000010        0x8 build/blink.c.o
                0x0000000020000010                txbuf3
 .data.txbuf4   0x0000000020000018        0x8 build/blink.c.o
                0x0000000020000018                txbuf4
 .data.txbuf    0x0000000020000020       0x20 build/blink.c.o
                0x0000000020000020                txbuf
 .data.rxbuf    0x0000000020000040       0x20 build/blink.c.o
                0x0000000020000040                rxbuf
 .data.CanConfig
                0x0000000020000060        0x4 build/helper.c.o
                0x0000000020000060                CanConfig
 .data.CanifConfig
                0x0000000020000064       0x18 build/helper.c.o
                0x0000000020000064                CanifConfig
 .data.SystemCoreClock
                0x000000002000007c        0x4 build/machines/cortex/armv7em/stm32f407/system_stm32f4xx.c.o
                0x000000002000007c                SystemCoreClock
 .data.GPIO_PORT
                0x0000000020000080       0x10 build/machines/cortex/armv7em/stm32f407/stm32f4discovery/stm32f4_discovery.c.o
                0x0000000020000080                GPIO_PORT
 .data.BUTTON_PORT
                0x0000000020000090        0x4 build/machines/cortex/armv7em/stm32f407/stm32f4discovery/stm32f4_discovery.c.o
                0x0000000020000090                BUTTON_PORT
 .data.previousState.0
                0x0000000020000094        0x1 build/machines/cortex/armv7em/stm32f407/stm32f4discovery/tp.c.o
 *(.osVar)
 .osVar         0x0000000020000095        0x1 build/os/tpl_os_timeobj_kernel.c.o
 .osVar         0x0000000020000096        0x1 build/os/tpl_os_os_kernel.c.o
 *fill*         0x0000000020000097        0x1 
 .osVar         0x0000000020000098       0x18 build/os/tpl_os_interrupt_kernel.c.o
                0x0000000020000098                tpl_locking_depth
                0x000000002000009c                tpl_user_task_lock
                0x00000000200000a0                tpl_cpt_user_task_lock_All
                0x00000000200000a4                tpl_cpt_user_task_lock_OS
                0x00000000200000a8                tpl_cpt_os_task_lock
 .osVar         0x00000000200000b0      0x178 build/blink/tpl_app_config.c.o
                0x00000000200000b0                tpl_kern
                0x00000000200000cc                tpl_ready_list
                0x00000000200000dc                tpl_tail_for_prio
                0x00000000200000e0                SystemCounter_counter_desc
                0x00000000200000fc                res_sched_rez_desc
                0x0000000020000104                tpl_time_counter
                0x0000000020000108                IDLE_TASK_int_context
                0x000000002000012c                IDLE_TASK_task_desc
                0x0000000020000134                cantxrx_int_context
                0x0000000020000158                cantxrx_task_desc
                0x0000000020000160                isr_canrx1_int_context
                0x0000000020000184                isr_canrx1_isr_desc
                0x000000002000018c                isr_cansce_int_context
                0x00000000200001b0                isr_cansce_isr_desc
                0x00000000200001b8                isr_canrx0_int_context
                0x00000000200001dc                isr_canrx0_isr_desc
                0x00000000200001e4                isr_cantx_int_context
                0x0000000020000208                isr_cantx_isr_desc
                0x0000000020000210                cantxrx_trigger_alarm_desc
 *(.Task_cantxrx_SEC_VAR_POWER_ON_INIT_32BIT)
 *(.Task_cantxrx_SEC_VAR_POWER_ON_INIT_16BIT)
 *(.Task_cantxrx_SEC_VAR_POWER_ON_INIT_8BIT)
 *(.Task_cantxrx_SEC_VAR_POWER_ON_INIT_BOOLEAN)
 *(.Task_cantxrx_SEC_VAR_POWER_ON_INIT_UNSPECIFIED)
 *(.ISR_isr_canrx1_SEC_VAR_POWER_ON_INIT_32BIT)
 *(.ISR_isr_canrx1_SEC_VAR_POWER_ON_INIT_16BIT)
 *(.ISR_isr_canrx1_SEC_VAR_POWER_ON_INIT_8BIT)
 *(.ISR_isr_canrx1_SEC_VAR_POWER_ON_INIT_BOOLEAN)
 *(.ISR_isr_canrx1_SEC_VAR_POWER_ON_INIT_UNSPECIFIED)
 *(.ISR_isr_cansce_SEC_VAR_POWER_ON_INIT_32BIT)
 *(.ISR_isr_cansce_SEC_VAR_POWER_ON_INIT_16BIT)
 *(.ISR_isr_cansce_SEC_VAR_POWER_ON_INIT_8BIT)
 *(.ISR_isr_cansce_SEC_VAR_POWER_ON_INIT_BOOLEAN)
 *(.ISR_isr_cansce_SEC_VAR_POWER_ON_INIT_UNSPECIFIED)
 *(.ISR_isr_canrx0_SEC_VAR_POWER_ON_INIT_32BIT)
 *(.ISR_isr_canrx0_SEC_VAR_POWER_ON_INIT_16BIT)
 *(.ISR_isr_canrx0_SEC_VAR_POWER_ON_INIT_8BIT)
 *(.ISR_isr_canrx0_SEC_VAR_POWER_ON_INIT_BOOLEAN)
 *(.ISR_isr_canrx0_SEC_VAR_POWER_ON_INIT_UNSPECIFIED)
 *(.ISR_isr_cantx_SEC_VAR_POWER_ON_INIT_32BIT)
 *(.ISR_isr_cantx_SEC_VAR_POWER_ON_INIT_16BIT)
 *(.ISR_isr_cantx_SEC_VAR_POWER_ON_INIT_8BIT)
 *(.ISR_isr_cantx_SEC_VAR_POWER_ON_INIT_BOOLEAN)
 *(.ISR_isr_cantx_SEC_VAR_POWER_ON_INIT_UNSPECIFIED)
                0x0000000020000228                . = ALIGN (0x4)
                0x0000000020000228                _edata = .

.igot.plt       0x0000000020000228        0x0 load address 0x0000000008007aa4
 .igot.plt      0x0000000020000228        0x0 build/os/tpl_os_kernel.c.o

.Task_IDLE_TASKStack
                0x0000000020000228      0x12c load address 0x0000000008007aa4
 .Task_IDLE_TASKStack
                0x0000000020000228      0x12c build/blink/tpl_app_config.c.o
                0x0000000020000228                IDLE_TASK_stack_zone

.Task_cantxrx_SEC_VAR
                0x0000000020000354        0xc load address 0x0000000008007bd0
                0x0000000020000360                . = ALIGN (__SEG_ALIGN_Task_cantxrx_VAR_RGN)
 *fill*         0x0000000020000354        0xc 
                0x0000000020000360                __SEG_START_Task_cantxrx_VAR_RGN = .
 *(.Task_cantxrx_SEC_VAR_NOINIT_32BIT)
 *(.Task_cantxrx_SEC_VAR_FAST_32BIT)
 *(.Task_cantxrx_SEC_VAR_32BIT)
 *(.Task_cantxrx_SEC_VAR_NOINIT_16BIT)
 *(.Task_cantxrx_SEC_VAR_FAST_16BIT)
 *(.Task_cantxrx_SEC_VAR_16BIT)
 *(.Task_cantxrx_SEC_VAR_NOINIT_8BIT)
 *(.Task_cantxrx_SEC_VAR_FAST_8BIT)
 *(.Task_cantxrx_SEC_VAR_8BIT)
 *(.Task_cantxrx_SEC_VAR_NOINIT_BOOLEAN)
 *(.Task_cantxrx_SEC_VAR_FAST_BOOLEAN)
 *(.Task_cantxrx_SEC_VAR_BOOLEAN)
 *(.Task_cantxrx_SEC_VAR_NOINIT_UNSPECIFIED)
 *(.Task_cantxrx_SEC_VAR_FAST_UNSPECIFIED)
 *(.Task_cantxrx_SEC_VAR_UNSPECIFIED)
                0x0000000020000360                __SEG_END_Task_cantxrx_VAR_RGN = .
                0x0000000020000374                __SEG_SIZE_Task_cantxrx_VAR_RGN = ((__SEG_END_Task_cantxrx_VAR_RGN - __SEG_START_Task_cantxrx_VAR_RGN) < 0x1000)?0x1000:__SEG_SIZE_Task_cantxrx_VAR_RGN
                0x0000000020000374                __SEG_SIZE_Task_cantxrx_VAR_RGN = ((__SEG_END_Task_cantxrx_VAR_RGN - __SEG_START_Task_cantxrx_VAR_RGN) < 0x400)?0x400:__SEG_SIZE_Task_cantxrx_VAR_RGN
                0x0000000020000374                __SEG_SIZE_Task_cantxrx_VAR_RGN = ((__SEG_END_Task_cantxrx_VAR_RGN - __SEG_START_Task_cantxrx_VAR_RGN) < 0x200)?0x200:__SEG_SIZE_Task_cantxrx_VAR_RGN
                0x0000000020000374                __SEG_SIZE_Task_cantxrx_VAR_RGN = ((__SEG_END_Task_cantxrx_VAR_RGN - __SEG_START_Task_cantxrx_VAR_RGN) < 0x100)?0x100:__SEG_SIZE_Task_cantxrx_VAR_RGN
                0x0000000020000374                __SEG_SIZE_Task_cantxrx_VAR_RGN = ((__SEG_END_Task_cantxrx_VAR_RGN - __SEG_START_Task_cantxrx_VAR_RGN) < 0x80)?0x80:__SEG_SIZE_Task_cantxrx_VAR_RGN
                0x0000000020000374                __SEG_SIZE_Task_cantxrx_VAR_RGN = ((__SEG_END_Task_cantxrx_VAR_RGN - __SEG_START_Task_cantxrx_VAR_RGN) < 0x40)?0x40:__SEG_SIZE_Task_cantxrx_VAR_RGN
                0x0000000020000374                __SEG_SIZE_Task_cantxrx_VAR_RGN = ((__SEG_END_Task_cantxrx_VAR_RGN - __SEG_START_Task_cantxrx_VAR_RGN) < 0x20)?0x20:__SEG_SIZE_Task_cantxrx_VAR_RGN
                0x0000000020000374                __SEG_ALIGN_Task_cantxrx_VAR_RGN = __SEG_SIZE_Task_cantxrx_VAR_RGN

.ISR_isr_canrx1_SEC_VAR
                0x0000000020000360        0x0
                0x0000000020000360                . = ALIGN (__SEG_ALIGN_ISR_isr_canrx1_VAR_RGN)
                0x0000000020000360                __SEG_START_ISR_isr_canrx1_VAR_RGN = .
 *(.ISR_isr_canrx1_SEC_VAR_NOINIT_32BIT)
 *(.ISR_isr_canrx1_SEC_VAR_FAST_32BIT)
 *(.ISR_isr_canrx1_SEC_VAR_32BIT)
 *(.ISR_isr_canrx1_SEC_VAR_NOINIT_16BIT)
 *(.ISR_isr_canrx1_SEC_VAR_FAST_16BIT)
 *(.ISR_isr_canrx1_SEC_VAR_16BIT)
 *(.ISR_isr_canrx1_SEC_VAR_NOINIT_8BIT)
 *(.ISR_isr_canrx1_SEC_VAR_FAST_8BIT)
 *(.ISR_isr_canrx1_SEC_VAR_8BIT)
 *(.ISR_isr_canrx1_SEC_VAR_NOINIT_BOOLEAN)
 *(.ISR_isr_canrx1_SEC_VAR_FAST_BOOLEAN)
 *(.ISR_isr_canrx1_SEC_VAR_BOOLEAN)
 *(.ISR_isr_canrx1_SEC_VAR_NOINIT_UNSPECIFIED)
 *(.ISR_isr_canrx1_SEC_VAR_FAST_UNSPECIFIED)
 *(.ISR_isr_canrx1_SEC_VAR_UNSPECIFIED)
                0x0000000020000360                __SEG_END_ISR_isr_canrx1_VAR_RGN = .
                0x0000000020000380                __SEG_SIZE_ISR_isr_canrx1_VAR_RGN = ((__SEG_END_ISR_isr_canrx1_VAR_RGN - __SEG_START_ISR_isr_canrx1_VAR_RGN) < 0x1000)?0x1000:__SEG_SIZE_ISR_isr_canrx1_VAR_RGN
                0x0000000020000380                __SEG_SIZE_ISR_isr_canrx1_VAR_RGN = ((__SEG_END_ISR_isr_canrx1_VAR_RGN - __SEG_START_ISR_isr_canrx1_VAR_RGN) < 0x400)?0x400:__SEG_SIZE_ISR_isr_canrx1_VAR_RGN
                0x0000000020000380                __SEG_SIZE_ISR_isr_canrx1_VAR_RGN = ((__SEG_END_ISR_isr_canrx1_VAR_RGN - __SEG_START_ISR_isr_canrx1_VAR_RGN) < 0x200)?0x200:__SEG_SIZE_ISR_isr_canrx1_VAR_RGN
                0x0000000020000380                __SEG_SIZE_ISR_isr_canrx1_VAR_RGN = ((__SEG_END_ISR_isr_canrx1_VAR_RGN - __SEG_START_ISR_isr_canrx1_VAR_RGN) < 0x100)?0x100:__SEG_SIZE_ISR_isr_canrx1_VAR_RGN
                0x0000000020000380                __SEG_SIZE_ISR_isr_canrx1_VAR_RGN = ((__SEG_END_ISR_isr_canrx1_VAR_RGN - __SEG_START_ISR_isr_canrx1_VAR_RGN) < 0x80)?0x80:__SEG_SIZE_ISR_isr_canrx1_VAR_RGN
                0x0000000020000380                __SEG_SIZE_ISR_isr_canrx1_VAR_RGN = ((__SEG_END_ISR_isr_canrx1_VAR_RGN - __SEG_START_ISR_isr_canrx1_VAR_RGN) < 0x40)?0x40:__SEG_SIZE_ISR_isr_canrx1_VAR_RGN
                0x0000000020000380                __SEG_SIZE_ISR_isr_canrx1_VAR_RGN = ((__SEG_END_ISR_isr_canrx1_VAR_RGN - __SEG_START_ISR_isr_canrx1_VAR_RGN) < 0x20)?0x20:__SEG_SIZE_ISR_isr_canrx1_VAR_RGN
                0x0000000020000380                __SEG_ALIGN_ISR_isr_canrx1_VAR_RGN = __SEG_SIZE_ISR_isr_canrx1_VAR_RGN

.ISR_isr_cansce_SEC_VAR
                0x0000000020000360        0x0
                0x0000000020000360                . = ALIGN (__SEG_ALIGN_ISR_isr_cansce_VAR_RGN)
                0x0000000020000360                __SEG_START_ISR_isr_cansce_VAR_RGN = .
 *(.ISR_isr_cansce_SEC_VAR_NOINIT_32BIT)
 *(.ISR_isr_cansce_SEC_VAR_FAST_32BIT)
 *(.ISR_isr_cansce_SEC_VAR_32BIT)
 *(.ISR_isr_cansce_SEC_VAR_NOINIT_16BIT)
 *(.ISR_isr_cansce_SEC_VAR_FAST_16BIT)
 *(.ISR_isr_cansce_SEC_VAR_16BIT)
 *(.ISR_isr_cansce_SEC_VAR_NOINIT_8BIT)
 *(.ISR_isr_cansce_SEC_VAR_FAST_8BIT)
 *(.ISR_isr_cansce_SEC_VAR_8BIT)
 *(.ISR_isr_cansce_SEC_VAR_NOINIT_BOOLEAN)
 *(.ISR_isr_cansce_SEC_VAR_FAST_BOOLEAN)
 *(.ISR_isr_cansce_SEC_VAR_BOOLEAN)
 *(.ISR_isr_cansce_SEC_VAR_NOINIT_UNSPECIFIED)
 *(.ISR_isr_cansce_SEC_VAR_FAST_UNSPECIFIED)
 *(.ISR_isr_cansce_SEC_VAR_UNSPECIFIED)
                0x0000000020000360                __SEG_END_ISR_isr_cansce_VAR_RGN = .
                0x0000000020000380                __SEG_SIZE_ISR_isr_cansce_VAR_RGN = ((__SEG_END_ISR_isr_cansce_VAR_RGN - __SEG_START_ISR_isr_cansce_VAR_RGN) < 0x1000)?0x1000:__SEG_SIZE_ISR_isr_cansce_VAR_RGN
                0x0000000020000380                __SEG_SIZE_ISR_isr_cansce_VAR_RGN = ((__SEG_END_ISR_isr_cansce_VAR_RGN - __SEG_START_ISR_isr_cansce_VAR_RGN) < 0x400)?0x400:__SEG_SIZE_ISR_isr_cansce_VAR_RGN
                0x0000000020000380                __SEG_SIZE_ISR_isr_cansce_VAR_RGN = ((__SEG_END_ISR_isr_cansce_VAR_RGN - __SEG_START_ISR_isr_cansce_VAR_RGN) < 0x200)?0x200:__SEG_SIZE_ISR_isr_cansce_VAR_RGN
                0x0000000020000380                __SEG_SIZE_ISR_isr_cansce_VAR_RGN = ((__SEG_END_ISR_isr_cansce_VAR_RGN - __SEG_START_ISR_isr_cansce_VAR_RGN) < 0x100)?0x100:__SEG_SIZE_ISR_isr_cansce_VAR_RGN
                0x0000000020000380                __SEG_SIZE_ISR_isr_cansce_VAR_RGN = ((__SEG_END_ISR_isr_cansce_VAR_RGN - __SEG_START_ISR_isr_cansce_VAR_RGN) < 0x80)?0x80:__SEG_SIZE_ISR_isr_cansce_VAR_RGN
                0x0000000020000380                __SEG_SIZE_ISR_isr_cansce_VAR_RGN = ((__SEG_END_ISR_isr_cansce_VAR_RGN - __SEG_START_ISR_isr_cansce_VAR_RGN) < 0x40)?0x40:__SEG_SIZE_ISR_isr_cansce_VAR_RGN
                0x0000000020000380                __SEG_SIZE_ISR_isr_cansce_VAR_RGN = ((__SEG_END_ISR_isr_cansce_VAR_RGN - __SEG_START_ISR_isr_cansce_VAR_RGN) < 0x20)?0x20:__SEG_SIZE_ISR_isr_cansce_VAR_RGN
                0x0000000020000380                __SEG_ALIGN_ISR_isr_cansce_VAR_RGN = __SEG_SIZE_ISR_isr_cansce_VAR_RGN

.ISR_isr_canrx0_SEC_VAR
                0x0000000020000360        0x0
                0x0000000020000360                . = ALIGN (__SEG_ALIGN_ISR_isr_canrx0_VAR_RGN)
                0x0000000020000360                __SEG_START_ISR_isr_canrx0_VAR_RGN = .
 *(.ISR_isr_canrx0_SEC_VAR_NOINIT_32BIT)
 *(.ISR_isr_canrx0_SEC_VAR_FAST_32BIT)
 *(.ISR_isr_canrx0_SEC_VAR_32BIT)
 *(.ISR_isr_canrx0_SEC_VAR_NOINIT_16BIT)
 *(.ISR_isr_canrx0_SEC_VAR_FAST_16BIT)
 *(.ISR_isr_canrx0_SEC_VAR_16BIT)
 *(.ISR_isr_canrx0_SEC_VAR_NOINIT_8BIT)
 *(.ISR_isr_canrx0_SEC_VAR_FAST_8BIT)
 *(.ISR_isr_canrx0_SEC_VAR_8BIT)
 *(.ISR_isr_canrx0_SEC_VAR_NOINIT_BOOLEAN)
 *(.ISR_isr_canrx0_SEC_VAR_FAST_BOOLEAN)
 *(.ISR_isr_canrx0_SEC_VAR_BOOLEAN)
 *(.ISR_isr_canrx0_SEC_VAR_NOINIT_UNSPECIFIED)
 *(.ISR_isr_canrx0_SEC_VAR_FAST_UNSPECIFIED)
 *(.ISR_isr_canrx0_SEC_VAR_UNSPECIFIED)
                0x0000000020000360                __SEG_END_ISR_isr_canrx0_VAR_RGN = .
                0x0000000020000380                __SEG_SIZE_ISR_isr_canrx0_VAR_RGN = ((__SEG_END_ISR_isr_canrx0_VAR_RGN - __SEG_START_ISR_isr_canrx0_VAR_RGN) < 0x1000)?0x1000:__SEG_SIZE_ISR_isr_canrx0_VAR_RGN
                0x0000000020000380                __SEG_SIZE_ISR_isr_canrx0_VAR_RGN = ((__SEG_END_ISR_isr_canrx0_VAR_RGN - __SEG_START_ISR_isr_canrx0_VAR_RGN) < 0x400)?0x400:__SEG_SIZE_ISR_isr_canrx0_VAR_RGN
                0x0000000020000380                __SEG_SIZE_ISR_isr_canrx0_VAR_RGN = ((__SEG_END_ISR_isr_canrx0_VAR_RGN - __SEG_START_ISR_isr_canrx0_VAR_RGN) < 0x200)?0x200:__SEG_SIZE_ISR_isr_canrx0_VAR_RGN
                0x0000000020000380                __SEG_SIZE_ISR_isr_canrx0_VAR_RGN = ((__SEG_END_ISR_isr_canrx0_VAR_RGN - __SEG_START_ISR_isr_canrx0_VAR_RGN) < 0x100)?0x100:__SEG_SIZE_ISR_isr_canrx0_VAR_RGN
                0x0000000020000380                __SEG_SIZE_ISR_isr_canrx0_VAR_RGN = ((__SEG_END_ISR_isr_canrx0_VAR_RGN - __SEG_START_ISR_isr_canrx0_VAR_RGN) < 0x80)?0x80:__SEG_SIZE_ISR_isr_canrx0_VAR_RGN
                0x0000000020000380                __SEG_SIZE_ISR_isr_canrx0_VAR_RGN = ((__SEG_END_ISR_isr_canrx0_VAR_RGN - __SEG_START_ISR_isr_canrx0_VAR_RGN) < 0x40)?0x40:__SEG_SIZE_ISR_isr_canrx0_VAR_RGN
                0x0000000020000380                __SEG_SIZE_ISR_isr_canrx0_VAR_RGN = ((__SEG_END_ISR_isr_canrx0_VAR_RGN - __SEG_START_ISR_isr_canrx0_VAR_RGN) < 0x20)?0x20:__SEG_SIZE_ISR_isr_canrx0_VAR_RGN
                0x0000000020000380                __SEG_ALIGN_ISR_isr_canrx0_VAR_RGN = __SEG_SIZE_ISR_isr_canrx0_VAR_RGN

.ISR_isr_cantx_SEC_VAR
                0x0000000020000360        0x0
                0x0000000020000360                . = ALIGN (__SEG_ALIGN_ISR_isr_cantx_VAR_RGN)
                0x0000000020000360                __SEG_START_ISR_isr_cantx_VAR_RGN = .
 *(.ISR_isr_cantx_SEC_VAR_NOINIT_32BIT)
 *(.ISR_isr_cantx_SEC_VAR_FAST_32BIT)
 *(.ISR_isr_cantx_SEC_VAR_32BIT)
 *(.ISR_isr_cantx_SEC_VAR_NOINIT_16BIT)
 *(.ISR_isr_cantx_SEC_VAR_FAST_16BIT)
 *(.ISR_isr_cantx_SEC_VAR_16BIT)
 *(.ISR_isr_cantx_SEC_VAR_NOINIT_8BIT)
 *(.ISR_isr_cantx_SEC_VAR_FAST_8BIT)
 *(.ISR_isr_cantx_SEC_VAR_8BIT)
 *(.ISR_isr_cantx_SEC_VAR_NOINIT_BOOLEAN)
 *(.ISR_isr_cantx_SEC_VAR_FAST_BOOLEAN)
 *(.ISR_isr_cantx_SEC_VAR_BOOLEAN)
 *(.ISR_isr_cantx_SEC_VAR_NOINIT_UNSPECIFIED)
 *(.ISR_isr_cantx_SEC_VAR_FAST_UNSPECIFIED)
 *(.ISR_isr_cantx_SEC_VAR_UNSPECIFIED)
                0x0000000020000360                __SEG_END_ISR_isr_cantx_VAR_RGN = .
                0x0000000020000380                __SEG_SIZE_ISR_isr_cantx_VAR_RGN = ((__SEG_END_ISR_isr_cantx_VAR_RGN - __SEG_START_ISR_isr_cantx_VAR_RGN) < 0x1000)?0x1000:__SEG_SIZE_ISR_isr_cantx_VAR_RGN
                0x0000000020000380                __SEG_SIZE_ISR_isr_cantx_VAR_RGN = ((__SEG_END_ISR_isr_cantx_VAR_RGN - __SEG_START_ISR_isr_cantx_VAR_RGN) < 0x400)?0x400:__SEG_SIZE_ISR_isr_cantx_VAR_RGN
                0x0000000020000380                __SEG_SIZE_ISR_isr_cantx_VAR_RGN = ((__SEG_END_ISR_isr_cantx_VAR_RGN - __SEG_START_ISR_isr_cantx_VAR_RGN) < 0x200)?0x200:__SEG_SIZE_ISR_isr_cantx_VAR_RGN
                0x0000000020000380                __SEG_SIZE_ISR_isr_cantx_VAR_RGN = ((__SEG_END_ISR_isr_cantx_VAR_RGN - __SEG_START_ISR_isr_cantx_VAR_RGN) < 0x100)?0x100:__SEG_SIZE_ISR_isr_cantx_VAR_RGN
                0x0000000020000380                __SEG_SIZE_ISR_isr_cantx_VAR_RGN = ((__SEG_END_ISR_isr_cantx_VAR_RGN - __SEG_START_ISR_isr_cantx_VAR_RGN) < 0x80)?0x80:__SEG_SIZE_ISR_isr_cantx_VAR_RGN
                0x0000000020000380                __SEG_SIZE_ISR_isr_cantx_VAR_RGN = ((__SEG_END_ISR_isr_cantx_VAR_RGN - __SEG_START_ISR_isr_cantx_VAR_RGN) < 0x40)?0x40:__SEG_SIZE_ISR_isr_cantx_VAR_RGN
                0x0000000020000380                __SEG_SIZE_ISR_isr_cantx_VAR_RGN = ((__SEG_END_ISR_isr_cantx_VAR_RGN - __SEG_START_ISR_isr_cantx_VAR_RGN) < 0x20)?0x20:__SEG_SIZE_ISR_isr_cantx_VAR_RGN
                0x0000000020000380                __SEG_ALIGN_ISR_isr_cantx_VAR_RGN = __SEG_SIZE_ISR_isr_cantx_VAR_RGN

.Task_cantxrx_SEC_STACK
                0x0000000020000360      0x1cc load address 0x0000000008007bdc
                0x0000000020000400                . = ALIGN (__SEG_ALIGN_Task_cantxrx_STACK_RGN)
 *fill*         0x0000000020000360       0xa0 
                0x0000000020000400                __SEG_START_Task_cantxrx_STACK_RGN = .
 *(.Task_cantxrxStack)
 .Task_cantxrxStack
                0x0000000020000400      0x12c build/blink/tpl_app_config.c.o
                0x0000000020000400                cantxrx_stack_zone
                0x000000002000052c                . = ALIGN (0x4)
                0x000000002000052c                __SEG_END_Task_cantxrx_STACK_RGN = .
                0x0000000020000560                __SEG_SIZE_Task_cantxrx_STACK_RGN = ((__SEG_END_Task_cantxrx_STACK_RGN - __SEG_START_Task_cantxrx_STACK_RGN) < 0x1000)?0x1000:__SEG_SIZE_Task_cantxrx_STACK_RGN
                0x0000000020000560                __SEG_SIZE_Task_cantxrx_STACK_RGN = ((__SEG_END_Task_cantxrx_STACK_RGN - __SEG_START_Task_cantxrx_STACK_RGN) < 0x400)?0x400:__SEG_SIZE_Task_cantxrx_STACK_RGN
                0x0000000020000560                __SEG_SIZE_Task_cantxrx_STACK_RGN = ((__SEG_END_Task_cantxrx_STACK_RGN - __SEG_START_Task_cantxrx_STACK_RGN) < 0x200)?0x200:__SEG_SIZE_Task_cantxrx_STACK_RGN
                [0x0000000020000560]                __SEG_SIZE_Task_cantxrx_STACK_RGN = ((__SEG_END_Task_cantxrx_STACK_RGN - __SEG_START_Task_cantxrx_STACK_RGN) < 0x100)?0x100:__SEG_SIZE_Task_cantxrx_STACK_RGN
                [0x0000000020000560]                __SEG_SIZE_Task_cantxrx_STACK_RGN = ((__SEG_END_Task_cantxrx_STACK_RGN - __SEG_START_Task_cantxrx_STACK_RGN) < 0x80)?0x80:__SEG_SIZE_Task_cantxrx_STACK_RGN
                [0x0000000020000560]                __SEG_SIZE_Task_cantxrx_STACK_RGN = ((__SEG_END_Task_cantxrx_STACK_RGN - __SEG_START_Task_cantxrx_STACK_RGN) < 0x40)?0x40:__SEG_SIZE_Task_cantxrx_STACK_RGN
                [0x0000000020000560]                __SEG_SIZE_Task_cantxrx_STACK_RGN = ((__SEG_END_Task_cantxrx_STACK_RGN - __SEG_START_Task_cantxrx_STACK_RGN) < 0x20)?0x20:__SEG_SIZE_Task_cantxrx_STACK_RGN
                0x0000000020000560                __SEG_ALIGN_Task_cantxrx_STACK_RGN = __SEG_SIZE_Task_cantxrx_STACK_RGN

.ISR_isr_canrx1_SEC_STACK
                0x000000002000052c      0x19c load address 0x0000000008007da8
                0x0000000020000600                . = ALIGN (__SEG_ALIGN_ISR_isr_canrx1_STACK_RGN)
 *fill*         0x000000002000052c       0xd4 
                0x0000000020000600                __SEG_START_ISR_isr_canrx1_STACK_RGN = .
 *(.ISR_isr_canrx1Stack)
 .ISR_isr_canrx1Stack
                0x0000000020000600       0xc8 build/blink/tpl_app_config.c.o
                0x0000000020000600                isr_canrx1_stack_zone
                0x00000000200006c8                . = ALIGN (0x4)
                0x00000000200006c8                __SEG_END_ISR_isr_canrx1_STACK_RGN = .
                0x000000002000062c                __SEG_SIZE_ISR_isr_canrx1_STACK_RGN = ((__SEG_END_ISR_isr_canrx1_STACK_RGN - __SEG_START_ISR_isr_canrx1_STACK_RGN) < 0x1000)?0x1000:__SEG_SIZE_ISR_isr_canrx1_STACK_RGN
                0x000000002000062c                __SEG_SIZE_ISR_isr_canrx1_STACK_RGN = ((__SEG_END_ISR_isr_canrx1_STACK_RGN - __SEG_START_ISR_isr_canrx1_STACK_RGN) < 0x400)?0x400:__SEG_SIZE_ISR_isr_canrx1_STACK_RGN
                0x000000002000062c                __SEG_SIZE_ISR_isr_canrx1_STACK_RGN = ((__SEG_END_ISR_isr_canrx1_STACK_RGN - __SEG_START_ISR_isr_canrx1_STACK_RGN) < 0x200)?0x200:__SEG_SIZE_ISR_isr_canrx1_STACK_RGN
                0x000000002000062c                __SEG_SIZE_ISR_isr_canrx1_STACK_RGN = ((__SEG_END_ISR_isr_canrx1_STACK_RGN - __SEG_START_ISR_isr_canrx1_STACK_RGN) < 0x100)?0x100:__SEG_SIZE_ISR_isr_canrx1_STACK_RGN
                [0x000000002000062c]                __SEG_SIZE_ISR_isr_canrx1_STACK_RGN = ((__SEG_END_ISR_isr_canrx1_STACK_RGN - __SEG_START_ISR_isr_canrx1_STACK_RGN) < 0x80)?0x80:__SEG_SIZE_ISR_isr_canrx1_STACK_RGN
                [0x000000002000062c]                __SEG_SIZE_ISR_isr_canrx1_STACK_RGN = ((__SEG_END_ISR_isr_canrx1_STACK_RGN - __SEG_START_ISR_isr_canrx1_STACK_RGN) < 0x40)?0x40:__SEG_SIZE_ISR_isr_canrx1_STACK_RGN
                [0x000000002000062c]                __SEG_SIZE_ISR_isr_canrx1_STACK_RGN = ((__SEG_END_ISR_isr_canrx1_STACK_RGN - __SEG_START_ISR_isr_canrx1_STACK_RGN) < 0x20)?0x20:__SEG_SIZE_ISR_isr_canrx1_STACK_RGN
                0x000000002000062c                __SEG_ALIGN_ISR_isr_canrx1_STACK_RGN = __SEG_SIZE_ISR_isr_canrx1_STACK_RGN

.ISR_isr_cansce_SEC_STACK
                0x00000000200006c8      0x100 load address 0x0000000008007f44
                0x0000000020000700                . = ALIGN (__SEG_ALIGN_ISR_isr_cansce_STACK_RGN)
 *fill*         0x00000000200006c8       0x38 
                0x0000000020000700                __SEG_START_ISR_isr_cansce_STACK_RGN = .
 *(.ISR_isr_cansceStack)
 .ISR_isr_cansceStack
                0x0000000020000700       0xc8 build/blink/tpl_app_config.c.o
                0x0000000020000700                isr_cansce_stack_zone
                0x00000000200007c8                . = ALIGN (0x4)
                0x00000000200007c8                __SEG_END_ISR_isr_cansce_STACK_RGN = .
                0x00000000200007c8                __SEG_SIZE_ISR_isr_cansce_STACK_RGN = ((__SEG_END_ISR_isr_cansce_STACK_RGN - __SEG_START_ISR_isr_cansce_STACK_RGN) < 0x1000)?0x1000:__SEG_SIZE_ISR_isr_cansce_STACK_RGN
                0x00000000200007c8                __SEG_SIZE_ISR_isr_cansce_STACK_RGN = ((__SEG_END_ISR_isr_cansce_STACK_RGN - __SEG_START_ISR_isr_cansce_STACK_RGN) < 0x400)?0x400:__SEG_SIZE_ISR_isr_cansce_STACK_RGN
                0x00000000200007c8                __SEG_SIZE_ISR_isr_cansce_STACK_RGN = ((__SEG_END_ISR_isr_cansce_STACK_RGN - __SEG_START_ISR_isr_cansce_STACK_RGN) < 0x200)?0x200:__SEG_SIZE_ISR_isr_cansce_STACK_RGN
                0x00000000200007c8                __SEG_SIZE_ISR_isr_cansce_STACK_RGN = ((__SEG_END_ISR_isr_cansce_STACK_RGN - __SEG_START_ISR_isr_cansce_STACK_RGN) < 0x100)?0x100:__SEG_SIZE_ISR_isr_cansce_STACK_RGN
                [0x00000000200007c8]                __SEG_SIZE_ISR_isr_cansce_STACK_RGN = ((__SEG_END_ISR_isr_cansce_STACK_RGN - __SEG_START_ISR_isr_cansce_STACK_RGN) < 0x80)?0x80:__SEG_SIZE_ISR_isr_cansce_STACK_RGN
                [0x00000000200007c8]                __SEG_SIZE_ISR_isr_cansce_STACK_RGN = ((__SEG_END_ISR_isr_cansce_STACK_RGN - __SEG_START_ISR_isr_cansce_STACK_RGN) < 0x40)?0x40:__SEG_SIZE_ISR_isr_cansce_STACK_RGN
                [0x00000000200007c8]                __SEG_SIZE_ISR_isr_cansce_STACK_RGN = ((__SEG_END_ISR_isr_cansce_STACK_RGN - __SEG_START_ISR_isr_cansce_STACK_RGN) < 0x20)?0x20:__SEG_SIZE_ISR_isr_cansce_STACK_RGN
                0x00000000200007c8                __SEG_ALIGN_ISR_isr_cansce_STACK_RGN = __SEG_SIZE_ISR_isr_cansce_STACK_RGN

.ISR_isr_canrx0_SEC_STACK
                0x00000000200007c8      0x100 load address 0x0000000008008044
                0x0000000020000800                . = ALIGN (__SEG_ALIGN_ISR_isr_canrx0_STACK_RGN)
 *fill*         0x00000000200007c8       0x38 
                0x0000000020000800                __SEG_START_ISR_isr_canrx0_STACK_RGN = .
 *(.ISR_isr_canrx0Stack)
 .ISR_isr_canrx0Stack
                0x0000000020000800       0xc8 build/blink/tpl_app_config.c.o
                0x0000000020000800                isr_canrx0_stack_zone
                0x00000000200008c8                . = ALIGN (0x4)
                0x00000000200008c8                __SEG_END_ISR_isr_canrx0_STACK_RGN = .
                0x00000000200008c8                __SEG_SIZE_ISR_isr_canrx0_STACK_RGN = ((__SEG_END_ISR_isr_canrx0_STACK_RGN - __SEG_START_ISR_isr_canrx0_STACK_RGN) < 0x1000)?0x1000:__SEG_SIZE_ISR_isr_canrx0_STACK_RGN
                0x00000000200008c8                __SEG_SIZE_ISR_isr_canrx0_STACK_RGN = ((__SEG_END_ISR_isr_canrx0_STACK_RGN - __SEG_START_ISR_isr_canrx0_STACK_RGN) < 0x400)?0x400:__SEG_SIZE_ISR_isr_canrx0_STACK_RGN
                0x00000000200008c8                __SEG_SIZE_ISR_isr_canrx0_STACK_RGN = ((__SEG_END_ISR_isr_canrx0_STACK_RGN - __SEG_START_ISR_isr_canrx0_STACK_RGN) < 0x200)?0x200:__SEG_SIZE_ISR_isr_canrx0_STACK_RGN
                0x00000000200008c8                __SEG_SIZE_ISR_isr_canrx0_STACK_RGN = ((__SEG_END_ISR_isr_canrx0_STACK_RGN - __SEG_START_ISR_isr_canrx0_STACK_RGN) < 0x100)?0x100:__SEG_SIZE_ISR_isr_canrx0_STACK_RGN
                [0x00000000200008c8]                __SEG_SIZE_ISR_isr_canrx0_STACK_RGN = ((__SEG_END_ISR_isr_canrx0_STACK_RGN - __SEG_START_ISR_isr_canrx0_STACK_RGN) < 0x80)?0x80:__SEG_SIZE_ISR_isr_canrx0_STACK_RGN
                [0x00000000200008c8]                __SEG_SIZE_ISR_isr_canrx0_STACK_RGN = ((__SEG_END_ISR_isr_canrx0_STACK_RGN - __SEG_START_ISR_isr_canrx0_STACK_RGN) < 0x40)?0x40:__SEG_SIZE_ISR_isr_canrx0_STACK_RGN
                [0x00000000200008c8]                __SEG_SIZE_ISR_isr_canrx0_STACK_RGN = ((__SEG_END_ISR_isr_canrx0_STACK_RGN - __SEG_START_ISR_isr_canrx0_STACK_RGN) < 0x20)?0x20:__SEG_SIZE_ISR_isr_canrx0_STACK_RGN
                0x00000000200008c8                __SEG_ALIGN_ISR_isr_canrx0_STACK_RGN = __SEG_SIZE_ISR_isr_canrx0_STACK_RGN

.ISR_isr_cantx_SEC_STACK
                0x00000000200008c8      0x100 load address 0x0000000008008144
                0x0000000020000900                . = ALIGN (__SEG_ALIGN_ISR_isr_cantx_STACK_RGN)
 *fill*         0x00000000200008c8       0x38 
                0x0000000020000900                __SEG_START_ISR_isr_cantx_STACK_RGN = .
 *(.ISR_isr_cantxStack)
 .ISR_isr_cantxStack
                0x0000000020000900       0xc8 build/blink/tpl_app_config.c.o
                0x0000000020000900                isr_cantx_stack_zone
                0x00000000200009c8                . = ALIGN (0x4)
                0x00000000200009c8                __SEG_END_ISR_isr_cantx_STACK_RGN = .
                0x00000000200009c8                __SEG_SIZE_ISR_isr_cantx_STACK_RGN = ((__SEG_END_ISR_isr_cantx_STACK_RGN - __SEG_START_ISR_isr_cantx_STACK_RGN) < 0x1000)?0x1000:__SEG_SIZE_ISR_isr_cantx_STACK_RGN
                0x00000000200009c8                __SEG_SIZE_ISR_isr_cantx_STACK_RGN = ((__SEG_END_ISR_isr_cantx_STACK_RGN - __SEG_START_ISR_isr_cantx_STACK_RGN) < 0x400)?0x400:__SEG_SIZE_ISR_isr_cantx_STACK_RGN
                0x00000000200009c8                __SEG_SIZE_ISR_isr_cantx_STACK_RGN = ((__SEG_END_ISR_isr_cantx_STACK_RGN - __SEG_START_ISR_isr_cantx_STACK_RGN) < 0x200)?0x200:__SEG_SIZE_ISR_isr_cantx_STACK_RGN
                0x00000000200009c8                __SEG_SIZE_ISR_isr_cantx_STACK_RGN = ((__SEG_END_ISR_isr_cantx_STACK_RGN - __SEG_START_ISR_isr_cantx_STACK_RGN) < 0x100)?0x100:__SEG_SIZE_ISR_isr_cantx_STACK_RGN
                [0x00000000200009c8]                __SEG_SIZE_ISR_isr_cantx_STACK_RGN = ((__SEG_END_ISR_isr_cantx_STACK_RGN - __SEG_START_ISR_isr_cantx_STACK_RGN) < 0x80)?0x80:__SEG_SIZE_ISR_isr_cantx_STACK_RGN
                [0x00000000200009c8]                __SEG_SIZE_ISR_isr_cantx_STACK_RGN = ((__SEG_END_ISR_isr_cantx_STACK_RGN - __SEG_START_ISR_isr_cantx_STACK_RGN) < 0x40)?0x40:__SEG_SIZE_ISR_isr_cantx_STACK_RGN
                [0x00000000200009c8]                __SEG_SIZE_ISR_isr_cantx_STACK_RGN = ((__SEG_END_ISR_isr_cantx_STACK_RGN - __SEG_START_ISR_isr_cantx_STACK_RGN) < 0x20)?0x20:__SEG_SIZE_ISR_isr_cantx_STACK_RGN
                0x00000000200009c8                __SEG_ALIGN_ISR_isr_cantx_STACK_RGN = __SEG_SIZE_ISR_isr_cantx_STACK_RGN

appvars
                0x00000000200009c8                . = ALIGN (0x4)

.bss            0x00000000200009c8      0x170 load address 0x0000000008008244
                0x00000000200009c8                _sbss = .
                0x00000000200009c8                __bss_start__ = _sbss
 *(.bss)
 *(.bss*)
 .bss.txbufptr  0x00000000200009c8        0x4 build/blink.c.o
                0x00000000200009c8                txbufptr
 .bss.rxbufptr  0x00000000200009cc        0x4 build/blink.c.o
                0x00000000200009cc                rxbufptr
 .bss.txlen     0x00000000200009d0        0x4 build/blink.c.o
                0x00000000200009d0                txlen
 .bss.rxlen     0x00000000200009d4        0x4 build/blink.c.o
                0x00000000200009d4                rxlen
 .bss.rxbuf1    0x00000000200009d8        0x8 build/blink.c.o
                0x00000000200009d8                rxbuf1
 .bss.rxbuf2    0x00000000200009e0        0x8 build/blink.c.o
                0x00000000200009e0                rxbuf2
 .bss.rxbuf3    0x00000000200009e8        0x8 build/blink.c.o
                0x00000000200009e8                rxbuf3
 .bss.rxbuf4    0x00000000200009f0        0x8 build/blink.c.o
                0x00000000200009f0                rxbuf4
 .bss.txidx.0   0x00000000200009f8        0x4 build/blink.c.o
 .bss.can_global
                0x00000000200009fc       0x38 build/commstack/can/Can.c.o
                0x00000000200009fc                can_global
 .bss.CanUnit   0x0000000020000a34       0x48 build/commstack/can/Can.c.o
                0x0000000020000a34                CanUnit
 .bss.CanIf_ConfigPtr
                0x0000000020000a7c        0x4 build/commstack/canif/CanIf.c.o
 .bss.CanIf_Global
                0x0000000020000a80        0x3 build/commstack/canif/CanIf.c.o
 *fill*         0x0000000020000a83        0x1 
 .bss.CanTpRunTimeData
                0x0000000020000a84       0xb4 build/commstack/cantp/CanTp.c.o
                0x0000000020000a84                CanTpRunTimeData
 *(COMMON)
                0x0000000020000b38                . = ALIGN (0x4)
                0x0000000020000b38                _ebss = .
                0x0000000020000b38                __bss_end__ = _ebss

._user_heap_stack
                0x0000000020000b38      0x400 load address 0x00000000080083b4
                0x0000000020000b38                . = ALIGN (0x4)
                0x0000000020000b38                __heap_start__ = .
                [!provide]                        PROVIDE (end = .)
                [!provide]                        PROVIDE (_end = .)
                0x0000000020000b38                . = (. + _Min_Heap_Size)
                0x0000000020000f38                . = (. + _Min_Stack_Size)
 *fill*         0x0000000020000b38      0x400 
                0x0000000020000f38                . = ALIGN (0x4)

.memory_b1_text
 *(.mb1text)
 *(.mb1text*)
 *(.mb1rodata)
 *(.mb1rodata*)

/DISCARD/
 libc.a(*)
 libm.a(*)
 libgcc.a(*)

.ARM.attributes
                0x0000000000000000       0x30
 *(.ARM.attributes)
 .ARM.attributes
                0x0000000000000000       0x2e build/os/tpl_os_kernel.c.o
 .ARM.attributes
                0x000000000000002e       0x2e build/os/tpl_os_timeobj_kernel.c.o
 .ARM.attributes
                0x000000000000005c       0x2e build/os/tpl_os_action.c.o
 .ARM.attributes
                0x000000000000008a       0x2e build/os/tpl_os_os_kernel.c.o
 .ARM.attributes
                0x00000000000000b8       0x2e build/os/tpl_os_os.c.o
 .ARM.attributes
                0x00000000000000e6       0x2e build/os/tpl_os_interrupt_kernel.c.o
 .ARM.attributes
                0x0000000000000114       0x2e build/os/tpl_os_task_kernel.c.o
 .ARM.attributes
                0x0000000000000142       0x2e build/os/tpl_os_resource_kernel.c.o
 .ARM.attributes
                0x0000000000000170       0x2e build/os/tpl_os_alarm_kernel.c.o
 .ARM.attributes
                0x000000000000019e       0x2e build/blink.c.o
 .ARM.attributes
                0x00000000000001cc       0x2e build/helper.c.o
 .ARM.attributes
                0x00000000000001fa       0x2e build/blink/tpl_app_config.c.o
 .ARM.attributes
                0x0000000000000228       0x37 build/blink/tpl_dispatch_table.c.o
 .ARM.attributes
                0x000000000000025f       0x20 build/blink/tpl_invoque.S.o
 .ARM.attributes
                0x000000000000027f       0x2e build/commstack/can/Can.c.o
 .ARM.attributes
                0x00000000000002ad       0x2e build/commstack/canif/CanIf.c.o
 .ARM.attributes
                0x00000000000002db       0x2e build/commstack/cantp/CanTp.c.o
 .ARM.attributes
                0x0000000000000309       0x20 build/blink/tpl_primary_irq.S.o
 .ARM.attributes
                0x0000000000000329       0x37 build/blink/tpl_vectors.c.o
 .ARM.attributes
                0x0000000000000360       0x2e build/blink/tpl_external_interrupts.c.o
 .ARM.attributes
                0x000000000000038e       0x2e build/blink/tpl_app_interrupts.c.o
 .ARM.attributes
                0x00000000000003bc       0x2e build/machines/cortex/tpl_machine_cortex.c.o
 .ARM.attributes
                0x00000000000003ea       0x20 build/machines/cortex/tpl_sc_handler.S.o
 .ARM.attributes
                0x000000000000040a       0x20 build/machines/cortex/tpl_startup.S.o
 .ARM.attributes
                0x000000000000042a       0x20 build/machines/cortex/armv7em/tpl_ctx_switch.S.o
 .ARM.attributes
                0x000000000000044a       0x20 build/machines/cortex/armv7em/tpl_ctx_switch_under_it.S.o
 .ARM.attributes
                0x000000000000046a       0x20 build/machines/cortex/armv7em/tpl_interrupts.S.o
 .ARM.attributes
                0x000000000000048a       0x2e build/machines/cortex/armv7em/stm32f407/tpl_machine_stm32f407.c.o
 .ARM.attributes
                0x00000000000004b8       0x2e build/machines/cortex/armv7em/stm32f407/startup_stm32f4xx.c.o
 .ARM.attributes
                0x00000000000004e6       0x2e build/machines/cortex/armv7em/stm32f407/system_stm32f4xx.c.o
 .ARM.attributes
                0x0000000000000514       0x2e build/machines/cortex/armv7em/stm32f407/handlers_stm32f4xx.c.o
 .ARM.attributes
                0x0000000000000542       0x2e build/machines/cortex/armv7em/stm32f407/STM32F4xx_StdPeriph_Driver/stm32f4xx_gpio.c.o
 .ARM.attributes
                0x0000000000000570       0x2e build/machines/cortex/armv7em/stm32f407/STM32F4xx_StdPeriph_Driver/stm32f4xx_rcc.c.o
 .ARM.attributes
                0x000000000000059e       0x2e build/machines/cortex/armv7em/stm32f407/STM32F4xx_StdPeriph_Driver/stm32f4xx_exti.c.o
 .ARM.attributes
                0x00000000000005cc       0x2e build/machines/cortex/armv7em/stm32f407/STM32F4xx_StdPeriph_Driver/stm32f4xx_syscfg.c.o
 .ARM.attributes
                0x00000000000005fa       0x2e build/machines/cortex/armv7em/stm32f407/STM32F4xx_StdPeriph_Driver/stm32f4xx_can.c.o
 .ARM.attributes
                0x0000000000000628       0x2e build/machines/cortex/armv7em/stm32f407/STM32F4xx_StdPeriph_Driver/misc.c.o
 .ARM.attributes
                0x0000000000000656       0x2e build/machines/cortex/armv7em/stm32f407/stm32f4discovery/stm32f4_discovery.c.o
 .ARM.attributes
                0x0000000000000684       0x2e build/machines/cortex/armv7em/stm32f407/stm32f4discovery/tp.c.o
LOAD /home/ahmed/workspace/arm-toolchain/gcc-arm-none-eabi-10-2020-q4-major/bin/../lib/gcc/arm-none-eabi/10.2.1/../../../../arm-none-eabi/lib/thumb/v7e-m/nofp/libc.a
LOAD /home/ahmed/workspace/arm-toolchain/gcc-arm-none-eabi-10-2020-q4-major/bin/../lib/gcc/arm-none-eabi/10.2.1/thumb/v7e-m/nofp/libgcc.a
OUTPUT(can_blinky elf32-littlearm)
LOAD linker stubs
LOAD /home/ahmed/workspace/arm-toolchain/gcc-arm-none-eabi-10-2020-q4-major/bin/../lib/gcc/arm-none-eabi/10.2.1/../../../../arm-none-eabi/lib/thumb/v7e-m/nofp/libc.a
LOAD /home/ahmed/workspace/arm-toolchain/gcc-arm-none-eabi-10-2020-q4-major/bin/../lib/gcc/arm-none-eabi/10.2.1/../../../../arm-none-eabi/lib/thumb/v7e-m/nofp/libm.a
LOAD /home/ahmed/workspace/arm-toolchain/gcc-arm-none-eabi-10-2020-q4-major/bin/../lib/gcc/arm-none-eabi/10.2.1/thumb/v7e-m/nofp/libgcc.a

.debug_info     0x0000000000000000    0x10981
 .debug_info    0x0000000000000000      0xcd4 build/os/tpl_os_kernel.c.o
 .debug_info    0x0000000000000cd4      0x3d9 build/os/tpl_os_timeobj_kernel.c.o
 .debug_info    0x00000000000010ad      0x1e0 build/os/tpl_os_action.c.o
 .debug_info    0x000000000000128d      0x17a build/os/tpl_os_os_kernel.c.o
 .debug_info    0x0000000000001407       0xb7 build/os/tpl_os_os.c.o
 .debug_info    0x00000000000014be      0x7e9 build/os/tpl_os_interrupt_kernel.c.o
 .debug_info    0x0000000000001ca7      0x580 build/os/tpl_os_task_kernel.c.o
 .debug_info    0x0000000000002227      0x5b0 build/os/tpl_os_resource_kernel.c.o
 .debug_info    0x00000000000027d7      0x58a build/os/tpl_os_alarm_kernel.c.o
 .debug_info    0x0000000000002d61     0x18dc build/blink.c.o
 .debug_info    0x000000000000463d     0x1674 build/helper.c.o
 .debug_info    0x0000000000005cb1      0xd23 build/blink/tpl_app_config.c.o
 .debug_info    0x00000000000069d4       0xab build/blink/tpl_dispatch_table.c.o
 .debug_info    0x0000000000006a7f       0x26 build/blink/tpl_invoque.S.o
 .debug_info    0x0000000000006aa5     0x1582 build/commstack/can/Can.c.o
 .debug_info    0x0000000000008027     0x1352 build/commstack/canif/CanIf.c.o
 .debug_info    0x0000000000009379     0x13aa build/commstack/cantp/CanTp.c.o
 .debug_info    0x000000000000a723       0x26 build/blink/tpl_primary_irq.S.o
 .debug_info    0x000000000000a749       0xc0 build/blink/tpl_vectors.c.o
 .debug_info    0x000000000000a809      0x29e build/blink/tpl_external_interrupts.c.o
 .debug_info    0x000000000000aaa7      0x6af build/blink/tpl_app_interrupts.c.o
 .debug_info    0x000000000000b156      0xa23 build/machines/cortex/tpl_machine_cortex.c.o
 .debug_info    0x000000000000bb79       0x26 build/machines/cortex/tpl_sc_handler.S.o
 .debug_info    0x000000000000bb9f       0x26 build/machines/cortex/tpl_startup.S.o
 .debug_info    0x000000000000bbc5       0x26 build/machines/cortex/armv7em/tpl_ctx_switch.S.o
 .debug_info    0x000000000000bbeb       0x26 build/machines/cortex/armv7em/tpl_ctx_switch_under_it.S.o
 .debug_info    0x000000000000bc11       0x26 build/machines/cortex/armv7em/tpl_interrupts.S.o
 .debug_info    0x000000000000bc37      0x6b6 build/machines/cortex/armv7em/stm32f407/tpl_machine_stm32f407.c.o
 .debug_info    0x000000000000c2ed      0x299 build/machines/cortex/armv7em/stm32f407/startup_stm32f4xx.c.o
 .debug_info    0x000000000000c586      0x63e build/machines/cortex/armv7em/stm32f407/system_stm32f4xx.c.o
 .debug_info    0x000000000000cbc4      0x5b0 build/machines/cortex/armv7em/stm32f407/handlers_stm32f4xx.c.o
 .debug_info    0x000000000000d174      0x649 build/machines/cortex/armv7em/stm32f407/STM32F4xx_StdPeriph_Driver/stm32f4xx_gpio.c.o
 .debug_info    0x000000000000d7bd      0xf02 build/machines/cortex/armv7em/stm32f407/STM32F4xx_StdPeriph_Driver/stm32f4xx_rcc.c.o
 .debug_info    0x000000000000e6bf      0x37d build/machines/cortex/armv7em/stm32f407/STM32F4xx_StdPeriph_Driver/stm32f4xx_exti.c.o
 .debug_info    0x000000000000ea3c      0x28e build/machines/cortex/armv7em/stm32f407/STM32F4xx_StdPeriph_Driver/stm32f4xx_syscfg.c.o
 .debug_info    0x000000000000ecca      0xc2a build/machines/cortex/armv7em/stm32f407/STM32F4xx_StdPeriph_Driver/stm32f4xx_can.c.o
 .debug_info    0x000000000000f8f4      0x55c build/machines/cortex/armv7em/stm32f407/STM32F4xx_StdPeriph_Driver/misc.c.o
 .debug_info    0x000000000000fe50      0x8d6 build/machines/cortex/armv7em/stm32f407/stm32f4discovery/stm32f4_discovery.c.o
 .debug_info    0x0000000000010726      0x25b build/machines/cortex/armv7em/stm32f407/stm32f4discovery/tp.c.o

.debug_abbrev   0x0000000000000000     0x35de
 .debug_abbrev  0x0000000000000000      0x28a build/os/tpl_os_kernel.c.o
 .debug_abbrev  0x000000000000028a      0x136 build/os/tpl_os_timeobj_kernel.c.o
 .debug_abbrev  0x00000000000003c0       0xda build/os/tpl_os_action.c.o
 .debug_abbrev  0x000000000000049a       0x9a build/os/tpl_os_os_kernel.c.o
 .debug_abbrev  0x0000000000000534       0x6b build/os/tpl_os_os.c.o
 .debug_abbrev  0x000000000000059f      0x241 build/os/tpl_os_interrupt_kernel.c.o
 .debug_abbrev  0x00000000000007e0      0x18f build/os/tpl_os_task_kernel.c.o
 .debug_abbrev  0x000000000000096f      0x176 build/os/tpl_os_resource_kernel.c.o
 .debug_abbrev  0x0000000000000ae5      0x169 build/os/tpl_os_alarm_kernel.c.o
 .debug_abbrev  0x0000000000000c4e      0x30f build/blink.c.o
 .debug_abbrev  0x0000000000000f5d      0x27c build/helper.c.o
 .debug_abbrev  0x00000000000011d9      0x1cd build/blink/tpl_app_config.c.o
 .debug_abbrev  0x00000000000013a6       0x80 build/blink/tpl_dispatch_table.c.o
 .debug_abbrev  0x0000000000001426       0x14 build/blink/tpl_invoque.S.o
 .debug_abbrev  0x000000000000143a      0x3d6 build/commstack/can/Can.c.o
 .debug_abbrev  0x0000000000001810      0x2e9 build/commstack/canif/CanIf.c.o
 .debug_abbrev  0x0000000000001af9      0x262 build/commstack/cantp/CanTp.c.o
 .debug_abbrev  0x0000000000001d5b       0x14 build/blink/tpl_primary_irq.S.o
 .debug_abbrev  0x0000000000001d6f       0x92 build/blink/tpl_vectors.c.o
 .debug_abbrev  0x0000000000001e01       0xaa build/blink/tpl_external_interrupts.c.o
 .debug_abbrev  0x0000000000001eab      0x17f build/blink/tpl_app_interrupts.c.o
 .debug_abbrev  0x000000000000202a      0x2e5 build/machines/cortex/tpl_machine_cortex.c.o
 .debug_abbrev  0x000000000000230f       0x14 build/machines/cortex/tpl_sc_handler.S.o
 .debug_abbrev  0x0000000000002323       0x14 build/machines/cortex/tpl_startup.S.o
 .debug_abbrev  0x0000000000002337       0x14 build/machines/cortex/armv7em/tpl_ctx_switch.S.o
 .debug_abbrev  0x000000000000234b       0x14 build/machines/cortex/armv7em/tpl_ctx_switch_under_it.S.o
 .debug_abbrev  0x000000000000235f       0x14 build/machines/cortex/armv7em/tpl_interrupts.S.o
 .debug_abbrev  0x0000000000002373      0x17b build/machines/cortex/armv7em/stm32f407/tpl_machine_stm32f407.c.o
 .debug_abbrev  0x00000000000024ee      0x145 build/machines/cortex/armv7em/stm32f407/startup_stm32f4xx.c.o
 .debug_abbrev  0x0000000000002633      0x165 build/machines/cortex/armv7em/stm32f407/system_stm32f4xx.c.o
 .debug_abbrev  0x0000000000002798      0x11f build/machines/cortex/armv7em/stm32f407/handlers_stm32f4xx.c.o
 .debug_abbrev  0x00000000000028b7      0x1dc build/machines/cortex/armv7em/stm32f407/STM32F4xx_StdPeriph_Driver/stm32f4xx_gpio.c.o
 .debug_abbrev  0x0000000000002a93      0x1d1 build/machines/cortex/armv7em/stm32f407/STM32F4xx_StdPeriph_Driver/stm32f4xx_rcc.c.o